11-30 13:40:53.040  4352  4352 I DigitalHorizontalTypoClockView_LOCK_SCREEN_9@608: 	[STATUSBAR, Rect(67, 19 - 1012, 73):0/ffffffff/1.0/0.1, 0.0/0.0/0.0]
11-30 13:40:53.040  4352  4352 I DigitalHorizontalTypoClockView_LOCK_SCREEN_9@608: 	[BODY_TOP, Rect(112, 466 - 967, 756):0/fff0f0f0/2.5863109/0.4916111, 23.571428/0.42105263/0.52156866]
11-30 13:40:53.040  4352  4352 I DigitalHorizontalTypoClockView_LOCK_SCREEN_9@608: 	[BODY_MID, Rect(112, 1274 - 967, 1330):0/ffffffff/1.0/0.1, 0.0/0.0/0.0]
11-30 13:40:53.040  4352  4352 I DigitalHorizontalTypoClockView_LOCK_SCREEN_9@608: 	[BODY_BOTTOM, Rect(112, 1358 - 967, 1828):0/fff2f2f2/2.6386902/0.49979535, 23.157894/0.3877551/0.5764706]
11-30 13:40:53.040  4352  4352 I DigitalHorizontalTypoClockView_LOCK_SCREEN_9@608: 	[NAVIBAR, Rect(112, 2092 - 967, 2255):0/ffeaeaea/2.675507/0.505548, 20.769232/0.3561644/0.28627452]
11-30 13:40:53.040  4352  4352 I DigitalHorizontalTypoClockView_LOCK_SCREEN_9@608: 	[BACKGROUND, Rect(0, 0 - 1080, 2340):0/ffededed/2.5682406/0.4887876, 22.32558/0.41747573/0.40392157]
11-30 13:40:53.040  4352  4352 I DigitalHorizontalTypoClockView_LOCK_SCREEN_9@608: setWallpaperColorItem: 0/fff0f0f0/2.5863109/0.4916111, 23.571428/0.42105263/0.52156866
11-30 13:40:53.040  4352  4352 I AdaptiveTextColorCalculator: calcTextColor:  Full: #FF8A654E [22,999998, 0,277778, 0,423529] / Area: #FF85634D [23,571424, 0,266667, 0,411765] (44,865941) / Adaptive: targetL 88,453590 adjustedAdaptiveColor: #FFF5D7DA [354,500000, 0,597778, 0,901672] / base: 68,000000 HSL Offset[0,000000, 0,320000 ,0,000000] took 0,005104 ms
11-30 13:40:53.040  4352  4352 I KeyguardClockProvider: updateClockColor: color = ClockPresetColorImpl(presetIndex=0)
11-30 13:40:53.040  4352  4352 I PaletteController: getPaletteItem = PALETTE_LOCK
11-30 13:40:53.040  4352  4352 I DigitalHorizontalTypoClockView_LOCK_SCREEN_9@608: updateBaseTargetPaletteItem: base=SOLID color : FFFAFAFA, target=SOLID color : FFCCCCCC
11-30 13:40:53.040  4598  5267 I EPDG -- SIM0 IwlanNetworkService: Calling onRequestNetworkRegistrationInfoComplete.resultCode = 0, netState = NetworkRegistrationInfo{ domain=PS transportType=WLAN registrationState=UNKNOWN networkRegistrationState=UNKNOWN roamingType=NOT_ROAMING accessNetworkTechnology=IWLAN rejectCause=0 emergencyEnabled=false availableServices=[] cellIdentity=null voiceSpecificInfo=null dataSpecificInfo=null nrState=**** rRplmn= isUsingCarrierAggregation=false isNonTerrestrialNetwork=TERRESTRIAL}
11-30 13:40:53.040  4352  4352 I DigitalHorizontalTypoClockView_LOCK_SCREEN_9@608: setPaletteIndex : index = 0, mIsWhiteWallpaper = false, PaletteItem = SOLID color : FFFAFAFA
11-30 13:40:53.040  4352  4352 I DigitalHorizontalTypoClockView_LOCK_SCREEN_9@608: updatePaletteItemTransition : paletteItem = SOLID color : FFFAFAFA, animation = false, dozeAmount = 0.0
11-30 13:40:53.040  4352  4352 W GraphicUtils: getTextEmpty : skipped with null text
11-30 13:40:53.040  4352  4352 W GraphicUtils: setLinearGradientTextColor : skipped with null text
11-30 13:40:53.040  4352  4352 I DigitalHorizontalTypoClockView_LOCK_SCREEN_9@608: updateShadowStyle: shadow : [ShadowStyle: shadowRadius = 5.625, shadowDx = 0.0, shadowDy = 0.0, shadowColor = 1A000000]
11-30 13:40:53.040  4352  4352 I ComplicationWidgetPluginController: clock color changed -328966 , #fffafafa 
11-30 13:40:53.040  4352  4352 D FaceWidgetClockPage_Full: updateClockSuspendState() reason = wakingup, suspend=true, pause=false, kv=true, wa=false, di=true, wu=false, aodDash=false
11-30 13:40:53.040  4352  4352 I DigitalHorizontalTypoClockView_LOCK_SCREEN_9@608: suspend : mSuspend = true, enable = true
11-30 13:40:53.040  4352  4352 D FaceWidgetClockPage_Full: updateClockColor() page state : DASHBOARD
11-30 13:40:53.040  4352  4352 I DigitalHorizontalHmsClockView_LOCK_SCREEN_8@311: setSemWallpaperColors: [version:22, which:2, adaptive dim:0.0/0, darkmode dim:0.15]
11-30 13:40:53.040  4352  4352 I DigitalHorizontalHmsClockView_LOCK_SCREEN_8@311: 	[SeedColors, [-7707314]]
11-30 13:40:53.040  4352  4352 I DigitalHorizontalHmsClockView_LOCK_SCREEN_8@311: 	[STATUSBAR, Rect(67, 19 - 1012, 73):0/ffffffff/1.0/0.1, 0.0/0.0/0.0]
11-30 13:40:53.040  4352  4352 I DigitalHorizontalHmsClockView_LOCK_SCREEN_8@311: 	[BODY_TOP, Rect(112, 466 - 967, 756):0/fff0f0f0/2.5863109/0.4916111, 23.571428/0.42105263/0.52156866]
11-30 13:40:53.040  4352  4352 I DigitalHorizontalHmsClockView_LOCK_SCREEN_8@311: 	[BODY_MID, Rect(112, 1274 - 967, 1330):0/ffffffff/1.0/0.1, 0.0/0.0/0.0]
11-30 13:40:53.040  4352  4352 I DigitalHorizontalHmsClockView_LOCK_SCREEN_8@311: 	[BODY_BOTTOM, Rect(112, 1358 - 967, 1828):0/fff2f2f2/2.6386902/0.49979535, 23.157894/0.3877551/0.5764706]
11-30 13:40:53.040  4352  4352 I DigitalHorizontalHmsClockView_LOCK_SCREEN_8@311: 	[NAVIBAR, Rect(112, 2092 - 967, 2255):0/ffeaeaea/2.675507/0.505548, 20.769232/0.3561644/0.28627452]
11-30 13:40:53.040  4352  4352 I DigitalHorizontalHmsClockView_LOCK_SCREEN_8@311: 	[BACKGROUND, Rect(0, 0 - 1080, 2340):0/ffededed/2.5682406/0.4887876, 22.32558/0.41747573/0.40392157]
11-30 13:40:53.040  4352  4352 I DigitalHorizontalHmsClockView_LOCK_SCREEN_8@311: setWallpaperColorItem: 0/fff0f0f0/2.5863109/0.4916111, 23.571428/0.42105263/0.52156866
11-30 13:40:53.040  4352  4352 I AdaptiveTextColorCalculator: calcTextColor:  Full: #FF8A654E [22,999998, 0,277778, 0,423529] / Area: #FF85634D [23,571424, 0,266667, 0,411765] (44,865941) / Adaptive: targetL 88,453590 adjustedAdaptiveColor: #FFF5D7DA [354,500000, 0,597778, 0,901672] / base: 68,000000 HSL Offset[0,000000, 0,320000 ,0,000000] took 0,007240 ms
11-30 13:40:53.040  4352  4352 I KeyguardClockProvider: updateClockColor() return - isMonoClock = true, shouldUseDefaultColor = false, isNotPaletteInHighContrastFont = false
11-30 13:40:53.040  4352  4352 D WallpaperManager: semGetWallpaperColors: which = 2
11-30 13:40:53.040  4352  4352 D SemWallpaperColorsArea: SemWallpaperColorsArea [1080, 2340] which: 6 rotation: 0 has Base: false
11-30 13:40:53.040  4352  4352 D SemWallpaperColorsArea: SemWallpaperColorsArea which = 6, mDensity : 2.8125, 1080x2340,384x832,26,48, 7
11-30 13:40:53.040  4352  4352 I SemWallpaperColorsArea: Final area : Rect(67, 19 - 1012, 73)
11-30 13:40:53.040  4352  4352 I SemWallpaperColorsArea: Final area : Rect(112, 466 - 967, 756)
11-30 13:40:53.040  4352  4352 I SemWallpaperColorsArea: Final area : Rect(112, 1274 - 967, 1330)
11-30 13:40:53.040  4352  4352 I SemWallpaperColorsArea: Final area : Rect(112, 1358 - 967, 1828)
11-30 13:40:53.040  4352  4352 I SemWallpaperColorsArea: Final area : Rect(112, 2092 - 967, 2255)
11-30 13:40:53.040  4352  4352 I SemWallpaperColorsArea: Final area : Rect(0, 0 - 1080, 2340)
11-30 13:40:53.040  4352  4352 I PaletteController: getPaletteItem = PALETTE_LOCK
11-30 13:40:53.040  4352  4352 I DigitalHorizontalHmsClockView_LOCK_SCREEN_8@311: updateBaseTargetPaletteItem: base=SOLID color : FFFAFAFA, target=SOLID color : FFCCCCCC
11-30 13:40:53.040  4352  4352 I DigitalHorizontalHmsClockView_LOCK_SCREEN_8@311: setPaletteIndex : index = 0, mIsWhiteWallpaper = false, PaletteItem = SOLID color : FFFAFAFA
11-30 13:40:53.040  4352  4352 I DigitalHorizontalHmsClockView_LOCK_SCREEN_8@311: updatePaletteItemTransition : paletteItem = SOLID color : FFFAFAFA, animation = false, dozeAmount = 0.0
11-30 13:40:53.040  4352  4352 I DigitalHorizontalHmsClockView_LOCK_SCREEN_8@311: updateShadowStyle: shadow : [ShadowStyle: shadowRadius = 5.625, shadowDx = 0.0, shadowDy = 0.0, shadowColor = 1A000000]
11-30 13:40:53.040  4352  4352 D FaceWidgetClockPage_Full: updateClockSuspendState() reason = wakingup, suspend=true, pause=false, kv=true, wa=false, di=true, wu=false, aodDash=false
11-30 13:40:53.040  4352  4352 I DigitalHorizontalHmsClockView_LOCK_SCREEN_8@311: suspend : mSuspend = true, enable = true
11-30 13:40:53.040  4352  4352 D FaceWidgetClockPage_Full: updateClockColor() page state : DASHBOARD
11-30 13:40:53.040  4352  4352 I DigitalHorizontalHmsClockView_LOCK_SCREEN_8@311: setSemWallpaperColors: [version:22, which:2, adaptive dim:0.0/0, darkmode dim:0.15]
11-30 13:40:53.040  4352  4352 I DigitalHorizontalHmsClockView_LOCK_SCREEN_8@311: 	[SeedColors, [-7707314]]
11-30 13:40:53.040  4352  4352 I DigitalHorizontalHmsClockView_LOCK_SCREEN_8@311: 	[STATUSBAR, Rect(67, 19 - 1012, 73):0/ffffffff/1.0/0.1, 0.0/0.0/0.0]
11-30 13:40:53.040  4352  4352 I DigitalHorizontalHmsClockView_LOCK_SCREEN_8@311: 	[BODY_TOP, Rect(112, 466 - 967, 756):0/fff0f0f0/2.5863109/0.4916111, 23.571428/0.42105263/0.52156866]
11-30 13:40:53.040  4352  4352 I DigitalHorizontalHmsClockView_LOCK_SCREEN_8@311: 	[BODY_MID, Rect(112, 1274 - 967, 1330):0/ffffffff/1.0/0.1, 0.0/0.0/0.0]
11-30 13:40:53.040  4352  4352 I DigitalHorizontalHmsClockView_LOCK_SCREEN_8@311: 	[BODY_BOTTOM, Rect(112, 1358 - 967, 1828):0/fff2f2f2/2.6386902/0.49979535, 23.157894/0.3877551/0.5764706]
11-30 13:40:53.040  4352  4352 I DigitalHorizontalHmsClockView_LOCK_SCREEN_8@311: 	[NAVIBAR, Rect(112, 2092 - 967, 2255):0/ffeaeaea/2.675507/0.505548, 20.769232/0.3561644/0.28627452]
11-30 13:40:53.040  4352  4352 I DigitalHorizontalHmsClockView_LOCK_SCREEN_8@311: 	[BACKGROUND, Rect(0, 0 - 1080, 2340):0/ffededed/2.5682406/0.4887876, 22.32558/0.41747573/0.40392157]
11-30 13:40:53.040  4352  4352 I DigitalHorizontalHmsClockView_LOCK_SCREEN_8@311: setWallpaperColorItem: 0/fff0f0f0/2.5863109/0.4916111, 23.571428/0.42105263/0.52156866
11-30 13:40:53.040  4352  4352 I AdaptiveTextColorCalculator: calcTextColor:  Full: #FF8A654E [22,999998, 0,277778, 0,423529] / Area: #FF85634D [23,571424, 0,266667, 0,411765] (44,865941) / Adaptive: targetL 88,453590 adjustedAdaptiveColor: #FFF5D7DA [354,500000, 0,597778, 0,901672] / base: 68,000000 HSL Offset[0,000000, 0,320000 ,0,000000] took 0,005157 ms
11-30 13:40:53.041  4352  4352 D WallpaperManager: semGetWallpaperColors: which = 2
11-30 13:40:53.041  2704  2704 I bauth_TLC_Communicator: Check the Trustlet return code is completed
11-30 13:40:53.041  2704  2704 I vendor.samsung.hardware.biometrics.fingerprint-service: adlg : [s] 272 227
11-30 13:40:53.041  2704  2704 I vendor.samsung.hardware.biometrics.fingerprint-service: adlg : [000] 45 12 40 00 3b d8 a8 02 00 00 00 19 00 00 9d 04
11-30 13:40:53.041  2704  2704 I vendor.samsung.hardware.biometrics.fingerprint-service: adlg : [001] 06 00 0c 00 00 00 00 00 64 6f 5f 65 78 74 72 61
11-30 13:40:53.041  2704  2704 I vendor.samsung.hardware.biometrics.fingerprint-service: adlg : [002] 5f 63 6f 6e 74 72 6f 6c 5f 64 00 00 00 00 00 00
11-30 13:40:53.041  2704  2704 I vendor.samsung.hardware.biometrics.fingerprint-service: adlg : [003] 00 00 00 00 00 00 00 00 00 00 00 00 00 00 00 00
11-30 13:40:53.041  2704  2704 I vendor.samsung.hardware.biometrics.fingerprint-service: adlg : [004] 45 10 0e 00 3c d8 a8 02 00 00 00 19 00 00 45 12
11-30 13:40:53.041  2704  2704 I vendor.samsung.hardware.biometrics.fingerprint-service: adlg : [005] 40 00 3c d8 a8 02 00 00 00 19 00 00 62 01 07 00
11-30 13:40:53.041  2704  2704 I vendor.samsung.hardware.biometrics.fingerprint-service: adlg : [006] 0e 00 00 00 00 00 77 6f 66 5f 66 73 6d 5f 65 76
11-30 13:40:53.041  2704  2704 I vendor.samsung.hardware.biometrics.fingerprint-service: adlg : [007] 65 6e 74 5f 68 61 6e 64 6c 65 72 00 00 00 00 00
11-30 13:40:53.041  2704  2704 I vendor.samsung.hardware.biometrics.fingerprint-service: adlg : [008] 00 00 00 00 00 00 00 00 00 00 00 00 00 00 45 08
11-30 13:40:53.041  2704  2704 I vendor.samsung.hardware.biometrics.fingerprint-service: adlg : [009] 41 00 e9 d9 a8 02 00 00 04 19 00 00 00 01 02 45
11-30 13:40:53.041  2704  2704 I vendor.samsung.hardware.biometrics.fingerprint-service: adlg : [010] 00 f6 15 05 01 19 03 06 0d 14 21 07 00 00 00 00
11-30 13:40:53.041  2704  2704 I vendor.samsung.hardware.biometrics.fingerprint-service: adlg : [011] 00 00 00 00 00 00 00 00 06 09 61 66 00 20 25 07
11-30 13:40:53.041  4352  4352 D SemWallpaperColorsArea: SemWallpaperColorsArea [1080, 2340] which: 6 rotation: 0 has Base: false
11-30 13:40:53.041  2704  2704 I vendor.samsung.hardware.biometrics.fingerprint-service: adlg : [012] 63 3c 00 e7 04 00 51 03 00 00 00 01 64 00 01 00
11-30 13:40:53.041  2704  2704 I vendor.samsung.hardware.biometrics.fingerprint-service: adlg : [e] 272 227
11-30 13:40:53.041  4352  4352 D SemWallpaperColorsArea: SemWallpaperColorsArea which = 6, mDensity : 2.8125, 1080x2340,384x832,26,48, 7
11-30 13:40:53.041  4352  4352 I SemWallpaperColorsArea: Final area : Rect(67, 19 - 1012, 73)
11-30 13:40:53.041  4352  4352 I SemWallpaperColorsArea: Final area : Rect(112, 466 - 967, 756)
11-30 13:40:53.041  4352  4352 I SemWallpaperColorsArea: Final area : Rect(112, 1274 - 967, 1330)
11-30 13:40:53.041  4352  4352 I SemWallpaperColorsArea: Final area : Rect(112, 1358 - 967, 1828)
11-30 13:40:53.041  4352  4352 I SemWallpaperColorsArea: Final area : Rect(112, 2092 - 967, 2255)
11-30 13:40:53.041  4352  4352 I SemWallpaperColorsArea: Final area : Rect(0, 0 - 1080, 2340)
11-30 13:40:53.041  4352  4352 I PaletteController: getPaletteItem = PALETTE_LOCK
11-30 13:40:53.041  4352  4352 I DigitalHorizontalHmsClockView_LOCK_SCREEN_8@311: updateBaseTargetPaletteItem: base=SOLID color : FFFAFAFA, target=SOLID color : FFCCCCCC
11-30 13:40:53.041  4352  4352 I DigitalHorizontalHmsClockView_LOCK_SCREEN_8@311: setPaletteIndex : index = 0, mIsWhiteWallpaper = false, PaletteItem = SOLID color : FFFAFAFA
11-30 13:40:53.041  4352  4352 I DigitalHorizontalHmsClockView_LOCK_SCREEN_8@311: updatePaletteItemTransition : paletteItem = SOLID color : FFFAFAFA, animation = false, dozeAmount = 0.0
11-30 13:40:53.041  4352  4352 I DigitalHorizontalHmsClockView_LOCK_SCREEN_8@311: updateShadowStyle: shadow : [ShadowStyle: shadowRadius = 5.625, shadowDx = 0.0, shadowDy = 0.0, shadowColor = 1A000000]
11-30 13:40:53.041  4352  4352 D FaceWidgetClockPage_Full: updateClockSuspendState() reason = wakingup, suspend=true, pause=false, kv=true, wa=false, di=true, wu=false, aodDash=false
11-30 13:40:53.041  4352  4352 I DigitalHorizontalHmsClockView_LOCK_SCREEN_8@311: suspend : mSuspend = true, enable = true
11-30 13:40:53.041  4352  4352 D FaceWidgetClockPage_Full: updateClockColor() page state : EXPAND
11-30 13:40:53.041  4352  4352 I DigitalHorizontalTypoClockView_LOCK_SCREEN_9@585: setSemWallpaperColors: [version:22, which:2, adaptive dim:0.0/0, darkmode dim:0.15]
11-30 13:40:53.041  4352  4352 I DigitalHorizontalTypoClockView_LOCK_SCREEN_9@585: 	[SeedColors, [-7707314]]
11-30 13:40:53.041  4352  4352 I DigitalHorizontalTypoClockView_LOCK_SCREEN_9@585: 	[STATUSBAR, Rect(67, 19 - 1012, 73):0/ffffffff/1.0/0.1, 0.0/0.0/0.0]
11-30 13:40:53.041  4352  4352 I DigitalHorizontalTypoClockView_LOCK_SCREEN_9@585: 	[BODY_TOP, Rect(112, 466 - 967, 756):0/fff0f0f0/2.5863109/0.4916111, 23.571428/0.42105263/0.52156866]
11-30 13:40:53.041  4352  4352 I DigitalHorizontalTypoClockView_LOCK_SCREEN_9@585: 	[BODY_MID, Rect(112, 1274 - 967, 1330):0/ffffffff/1.0/0.1, 0.0/0.0/0.0]
11-30 13:40:53.041  4352  4352 I DigitalHorizontalTypoClockView_LOCK_SCREEN_9@585: 	[BODY_BOTTOM, Rect(112, 1358 - 967, 1828):0/fff2f2f2/2.6386902/0.49979535, 23.157894/0.3877551/0.5764706]
11-30 13:40:53.041  4352  4352 I DigitalHorizontalTypoClockView_LOCK_SCREEN_9@585: 	[NAVIBAR, Rect(112, 2092 - 967, 2255):0/ffeaeaea/2.675507/0.505548, 20.769232/0.3561644/0.28627452]
11-30 13:40:53.041  4352  4352 I DigitalHorizontalTypoClockView_LOCK_SCREEN_9@585: 	[BACKGROUND, Rect(0, 0 - 1080, 2340):0/ffededed/2.5682406/0.4887876, 22.32558/0.41747573/0.40392157]
11-30 13:40:53.041  4352  4352 I DigitalHorizontalTypoClockView_LOCK_SCREEN_9@585: setWallpaperColorItem: 0/fff0f0f0/2.5863109/0.4916111, 23.571428/0.42105263/0.52156866
11-30 13:40:53.041  4352  4352 I AdaptiveTextColorCalculator: calcTextColor:  Full: #FF8A654E [22,999998, 0,277778, 0,423529] / Area: #FF85634D [23,571424, 0,266667, 0,411765] (44,865941) / Adaptive: targetL 88,453590 adjustedAdaptiveColor: #FFF5D7DA [354,500000, 0,597778, 0,901672] / base: 68,000000 HSL Offset[0,000000, 0,320000 ,0,000000] took 0,004532 ms
11-30 13:40:53.041  4352  4352 I KeyguardClockProvider: updateClockColor: color = ClockPresetColorImpl(presetIndex=0)
11-30 13:40:53.041  4352  4352 I PaletteController: getPaletteItem = PALETTE_LOCK
11-30 13:40:53.041  4352  4352 I DigitalHorizontalTypoClockView_LOCK_SCREEN_9@585: updateBaseTargetPaletteItem: base=SOLID color : FFFAFAFA, target=SOLID color : FFCCCCCC
11-30 13:40:53.041  4352  4352 I DigitalHorizontalTypoClockView_LOCK_SCREEN_9@585: setPaletteIndex : index = 0, mIsWhiteWallpaper = false, PaletteItem = SOLID color : FFFAFAFA
11-30 13:40:53.041  4352  4352 I DigitalHorizontalTypoClockView_LOCK_SCREEN_9@585: updatePaletteItemTransition : paletteItem = SOLID color : FFFAFAFA, animation = false, dozeAmount = 0.0
11-30 13:40:53.041  4352  4352 W GraphicUtils: getTextEmpty : skipped with null text
11-30 13:40:53.041  4352  4352 W GraphicUtils: setLinearGradientTextColor : skipped with null text
11-30 13:40:53.041  4352  4352 I DigitalHorizontalTypoClockView_LOCK_SCREEN_9@585: updateShadowStyle: shadow : [ShadowStyle: shadowRadius = 5.625, shadowDx = 0.0, shadowDy = 0.0, shadowColor = 1A000000]
11-30 13:40:53.041  4352  4352 I KeyguardClockProvider: setPreDefineOrCustomColor() setPreDefineColor(), clockType = 9, index = 0
11-30 13:40:53.041  4352  4352 I ComplicationWidgetPluginController: clock color changed -328966 , #fffafafa 
11-30 13:40:53.041  4352  4352 D FaceWidgetClockPage_Full: updateClockSuspendState() reason = wakingup, suspend=true, pause=false, kv=true, wa=false, di=true, wu=false, aodDash=false
11-30 13:40:53.041  4352  4352 I DigitalHorizontalTypoClockView_LOCK_SCREEN_9@585: suspend : mSuspend = true, enable = true
11-30 13:40:53.041  4352  4352 D FaceWidgetClockPage_Full: updateClockColor() page state : EXPAND
11-30 13:40:53.041  4352  4352 I DigitalHorizontalTypoClockView_LOCK_SCREEN_9@585: setSemWallpaperColors: [version:22, which:2, adaptive dim:0.0/0, darkmode dim:0.15]
11-30 13:40:53.041  4352  4352 I DigitalHorizontalTypoClockView_LOCK_SCREEN_9@585: 	[SeedColors, [-7707314]]
11-30 13:40:53.041  4352  4352 I DigitalHorizontalTypoClockView_LOCK_SCREEN_9@585: 	[STATUSBAR, Rect(67, 19 - 1012, 73):0/ffffffff/1.0/0.1, 0.0/0.0/0.0]
11-30 13:40:53.041  4352  4352 I DigitalHorizontalTypoClockView_LOCK_SCREEN_9@585: 	[BODY_TOP, Rect(112, 466 - 967, 756):0/fff0f0f0/2.5863109/0.4916111, 23.571428/0.42105263/0.52156866]
11-30 13:40:53.041  4352  4352 I DigitalHorizontalTypoClockView_LOCK_SCREEN_9@585: 	[BODY_MID, Rect(112, 1274 - 967, 1330):0/ffffffff/1.0/0.1, 0.0/0.0/0.0]
11-30 13:40:53.041  4352  4352 I DigitalHorizontalTypoClockView_LOCK_SCREEN_9@585: 	[BODY_BOTTOM, Rect(112, 1358 - 967, 1828):0/fff2f2f2/2.6386902/0.49979535, 23.157894/0.3877551/0.5764706]
11-30 13:40:53.041  4352  4352 I DigitalHorizontalTypoClockView_LOCK_SCREEN_9@585: 	[NAVIBAR, Rect(112, 2092 - 967, 2255):0/ffeaeaea/2.675507/0.505548, 20.769232/0.3561644/0.28627452]
11-30 13:40:53.041  4352  4352 I DigitalHorizontalTypoClockView_LOCK_SCREEN_9@585: 	[BACKGROUND, Rect(0, 0 - 1080, 2340):0/ffededed/2.5682406/0.4887876, 22.32558/0.41747573/0.40392157]
11-30 13:40:53.041  4352  4352 I DigitalHorizontalTypoClockView_LOCK_SCREEN_9@585: setWallpaperColorItem: 0/fff0f0f0/2.5863109/0.4916111, 23.571428/0.42105263/0.52156866
11-30 13:40:53.041  4352  4352 I AdaptiveTextColorCalculator: calcTextColor:  Full: #FF8A654E [22,999998, 0,277778, 0,423529] / Area: #FF85634D [23,571424, 0,266667, 0,411765] (44,865941) / Adaptive: targetL 88,453590 adjustedAdaptiveColor: #FFF5D7DA [354,500000, 0,597778, 0,901672] / base: 68,000000 HSL Offset[0,000000, 0,320000 ,0,000000] took 0,004271 ms
11-30 13:40:53.041  4352  4352 I KeyguardClockProvider: updateClockColor: color = ClockPresetColorImpl(presetIndex=0)
11-30 13:40:53.041  4352  4352 I PaletteController: getPaletteItem = PALETTE_LOCK
11-30 13:40:53.041  4352  4352 I DigitalHorizontalTypoClockView_LOCK_SCREEN_9@585: updateBaseTargetPaletteItem: base=SOLID color : FFFAFAFA, target=SOLID color : FFCCCCCC
11-30 13:40:53.041  4352  4352 I DigitalHorizontalTypoClockView_LOCK_SCREEN_9@585: setPaletteIndex : index = 0, mIsWhiteWallpaper = false, PaletteItem = SOLID color : FFFAFAFA
11-30 13:40:53.041  4352  4352 I DigitalHorizontalTypoClockView_LOCK_SCREEN_9@585: updatePaletteItemTransition : paletteItem = SOLID color : FFFAFAFA, animation = false, dozeAmount = 0.0
11-30 13:40:53.041  4352  4352 W GraphicUtils: getTextEmpty : skipped with null text
11-30 13:40:53.041  4352  4352 W GraphicUtils: setLinearGradientTextColor : skipped with null text
11-30 13:40:53.041  4352  4352 I DigitalHorizontalTypoClockView_LOCK_SCREEN_9@585: updateShadowStyle: shadow : [ShadowStyle: shadowRadius = 5.625, shadowDx = 0.0, shadowDy = 0.0, shadowColor = 1A000000]
11-30 13:40:53.041  4352  4352 I ComplicationWidgetPluginController: clock color changed -328966 , #fffafafa 
11-30 13:40:53.042  4352  4352 D FaceWidgetClockPage_Full: updateClockSuspendState() reason = wakingup, suspend=true, pause=false, kv=true, wa=false, di=true, wu=false, aodDash=false
11-30 13:40:53.042  4352  4352 I DigitalHorizontalTypoClockView_LOCK_SCREEN_9@585: suspend : mSuspend = true, enable = true
11-30 13:40:53.042  4352  4352 D FaceWidgetClockPage_Full: updateClockColor() page state : EXPAND
11-30 13:40:53.042  4352  4352 I DigitalHorizontalTypoClockView_LOCK_SCREEN_9@585: setSemWallpaperColors: [version:22, which:2, adaptive dim:0.0/0, darkmode dim:0.15]
11-30 13:40:53.042  4352  4352 I DigitalHorizontalTypoClockView_LOCK_SCREEN_9@585: 	[SeedColors, [-7707314]]
11-30 13:40:53.042  4352  4352 I DigitalHorizontalTypoClockView_LOCK_SCREEN_9@585: 	[STATUSBAR, Rect(67, 19 - 1012, 73):0/ffffffff/1.0/0.1, 0.0/0.0/0.0]
11-30 13:40:53.042  4352  4352 I DigitalHorizontalTypoClockView_LOCK_SCREEN_9@585: 	[BODY_TOP, Rect(112, 466 - 967, 756):0/fff0f0f0/2.5863109/0.4916111, 23.571428/0.42105263/0.52156866]
11-30 13:40:53.042  4352  4352 I DigitalHorizontalTypoClockView_LOCK_SCREEN_9@585: 	[BODY_MID, Rect(112, 1274 - 967, 1330):0/ffffffff/1.0/0.1, 0.0/0.0/0.0]
11-30 13:40:53.042  4352  4352 I DigitalHorizontalTypoClockView_LOCK_SCREEN_9@585: 	[BODY_BOTTOM, Rect(112, 1358 - 967, 1828):0/fff2f2f2/2.6386902/0.49979535, 23.157894/0.3877551/0.5764706]
11-30 13:40:53.042  4352  4352 I DigitalHorizontalTypoClockView_LOCK_SCREEN_9@585: 	[NAVIBAR, Rect(112, 2092 - 967, 2255):0/ffeaeaea/2.675507/0.505548, 20.769232/0.3561644/0.28627452]
11-30 13:40:53.042  4352  4352 I DigitalHorizontalTypoClockView_LOCK_SCREEN_9@585: 	[BACKGROUND, Rect(0, 0 - 1080, 2340):0/ffededed/2.5682406/0.4887876, 22.32558/0.41747573/0.40392157]
11-30 13:40:53.042  4352  4352 I DigitalHorizontalTypoClockView_LOCK_SCREEN_9@585: setWallpaperColorItem: 0/fff0f0f0/2.5863109/0.4916111, 23.571428/0.42105263/0.52156866
11-30 13:40:53.042  4352  4352 I AdaptiveTextColorCalculator: calcTextColor:  Full: #FF8A654E [22,999998, 0,277778, 0,423529] / Area: #FF85634D [23,571424, 0,266667, 0,411765] (44,865941) / Adaptive: targetL 88,453590 adjustedAdaptiveColor: #FFF5D7DA [354,500000, 0,597778, 0,901672] / base: 68,000000 HSL Offset[0,000000, 0,320000 ,0,000000] took 0,003229 ms
11-30 13:40:53.042  4352  4352 I KeyguardClockProvider: updateClockColor: color = ClockPresetColorImpl(presetIndex=0)
11-30 13:40:53.042  4352  4352 I PaletteController: getPaletteItem = PALETTE_LOCK
11-30 13:40:53.042  4352  4352 I DigitalHorizontalTypoClockView_LOCK_SCREEN_9@585: updateBaseTargetPaletteItem: base=SOLID color : FFFAFAFA, target=SOLID color : FFCCCCCC
11-30 13:40:53.042  4352  4352 I DigitalHorizontalTypoClockView_LOCK_SCREEN_9@585: setPaletteIndex : index = 0, mIsWhiteWallpaper = false, PaletteItem = SOLID color : FFFAFAFA
11-30 13:40:53.042  4352  4352 I DigitalHorizontalTypoClockView_LOCK_SCREEN_9@585: updatePaletteItemTransition : paletteItem = SOLID color : FFFAFAFA, animation = false, dozeAmount = 0.0
11-30 13:40:53.042  4352  4352 W GraphicUtils: getTextEmpty : skipped with null text
11-30 13:40:53.042  4352  4352 W GraphicUtils: setLinearGradientTextColor : skipped with null text
11-30 13:40:53.042  4352  4352 I DigitalHorizontalTypoClockView_LOCK_SCREEN_9@585: updateShadowStyle: shadow : [ShadowStyle: shadowRadius = 5.625, shadowDx = 0.0, shadowDy = 0.0, shadowColor = 1A000000]
11-30 13:40:53.042  4352  4352 I ComplicationWidgetPluginController: clock color changed -328966 , #fffafafa 
11-30 13:40:53.042  4352  4352 D FaceWidgetClockPage_Full: updateClockSuspendState() reason = wakingup, suspend=true, pause=false, kv=true, wa=false, di=true, wu=false, aodDash=false
11-30 13:40:53.042  4352  4352 I DigitalHorizontalTypoClockView_LOCK_SCREEN_9@585: suspend : mSuspend = true, enable = true
11-30 13:40:53.042  4352  4352 D FaceWidgetClockPage_Full: updateClockColor() page state : EXPAND
11-30 13:40:53.042  4352  4352 I DigitalHorizontalTypoClockView_LOCK_SCREEN_9@995: setSemWallpaperColors: [version:22, which:2, adaptive dim:0.0/0, darkmode dim:0.15]
11-30 13:40:53.042  4352  4352 I DigitalHorizontalTypoClockView_LOCK_SCREEN_9@995: 	[SeedColors, [-7707314]]
11-30 13:40:53.042  4352  4352 I DigitalHorizontalTypoClockView_LOCK_SCREEN_9@995: 	[STATUSBAR, Rect(67, 19 - 1012, 73):0/ffffffff/1.0/0.1, 0.0/0.0/0.0]
11-30 13:40:53.042  4352  4352 I DigitalHorizontalTypoClockView_LOCK_SCREEN_9@995: 	[BODY_TOP, Rect(112, 466 - 967, 756):0/fff0f0f0/2.5863109/0.4916111, 23.571428/0.42105263/0.52156866]
11-30 13:40:53.042  4352  4352 I DigitalHorizontalTypoClockView_LOCK_SCREEN_9@995: 	[BODY_MID, Rect(112, 1274 - 967, 1330):0/ffffffff/1.0/0.1, 0.0/0.0/0.0]
11-30 13:40:53.042  4352  4352 I DigitalHorizontalTypoClockView_LOCK_SCREEN_9@995: 	[BODY_BOTTOM, Rect(112, 1358 - 967, 1828):0/fff2f2f2/2.6386902/0.49979535, 23.157894/0.3877551/0.5764706]
11-30 13:40:53.042  4352  4352 I DigitalHorizontalTypoClockView_LOCK_SCREEN_9@995: 	[NAVIBAR, Rect(112, 2092 - 967, 2255):0/ffeaeaea/2.675507/0.505548, 20.769232/0.3561644/0.28627452]
11-30 13:40:53.042  4352  4352 I DigitalHorizontalTypoClockView_LOCK_SCREEN_9@995: 	[BACKGROUND, Rect(0, 0 - 1080, 2340):0/ffededed/2.5682406/0.4887876, 22.32558/0.41747573/0.40392157]
11-30 13:40:53.042  4352  4352 I DigitalHorizontalTypoClockView_LOCK_SCREEN_9@995: setWallpaperColorItem: 0/fff0f0f0/2.5863109/0.4916111, 23.571428/0.42105263/0.52156866
11-30 13:40:53.042  4352  4352 I AdaptiveTextColorCalculator: calcTextColor:  Full: #FF8A654E [22,999998, 0,277778, 0,423529] / Area: #FF85634D [23,571424, 0,266667, 0,411765] (44,865941) / Adaptive: targetL 88,453590 adjustedAdaptiveColor: #FFF5D7DA [354,500000, 0,597778, 0,901672] / base: 68,000000 HSL Offset[0,000000, 0,320000 ,0,000000] took 0,004791 ms
11-30 13:40:53.042  4352  4352 I KeyguardClockProvider: updateClockColor: color = ClockPresetColorImpl(presetIndex=0)
11-30 13:40:53.042  4352  4352 I PaletteController: getPaletteItem = PALETTE_LOCK
11-30 13:40:53.042  4352  4352 I DigitalHorizontalTypoClockView_LOCK_SCREEN_9@995: updateBaseTargetPaletteItem: base=SOLID color : FFFAFAFA, target=SOLID color : FFCCCCCC
11-30 13:40:53.042  4352  4352 I DigitalHorizontalTypoClockView_LOCK_SCREEN_9@995: setPaletteIndex : index = 0, mIsWhiteWallpaper = false, PaletteItem = SOLID color : FFFAFAFA
11-30 13:40:53.042  4352  4352 I DigitalHorizontalTypoClockView_LOCK_SCREEN_9@995: updatePaletteItemTransition : paletteItem = SOLID color : FFFAFAFA, animation = false, dozeAmount = 0.0
11-30 13:40:53.042  4352  4352 W GraphicUtils: getTextEmpty : skipped with null text
11-30 13:40:53.042  4352  4352 W GraphicUtils: setLinearGradientTextColor : skipped with null text
11-30 13:40:53.042  4352  4352 I DigitalHorizontalTypoClockView_LOCK_SCREEN_9@995: updateShadowStyle: shadow : [ShadowStyle: shadowRadius = 5.625, shadowDx = 0.0, shadowDy = 0.0, shadowColor = 1A000000]
11-30 13:40:53.042  4352  4352 I ComplicationWidgetPluginController: clock color changed -328966 , #fffafafa 
11-30 13:40:53.042  4352  4352 D FaceWidgetClockPage_Full: updateClockSuspendState() reason = wakingup, suspend=true, pause=false, kv=true, wa=false, di=true, wu=false, aodDash=false
11-30 13:40:53.042  4352  4352 I DigitalHorizontalTypoClockView_LOCK_SCREEN_9@995: suspend : mSuspend = true, enable = true
11-30 13:40:53.042  4352  4352 D FaceWidgetClockPage_Full: updateClockColor() page state : EXPAND
11-30 13:40:53.042  4352  4352 I DigitalHorizontalTypoClockView_LOCK_SCREEN_9@136: setSemWallpaperColors: [version:22, which:2, adaptive dim:0.0/0, darkmode dim:0.15]
11-30 13:40:53.042  4352  4352 I DigitalHorizontalTypoClockView_LOCK_SCREEN_9@136: 	[SeedColors, [-7707314]]
11-30 13:40:53.042  4352  4352 I DigitalHorizontalTypoClockView_LOCK_SCREEN_9@136: 	[STATUSBAR, Rect(67, 19 - 1012, 73):0/ffffffff/1.0/0.1, 0.0/0.0/0.0]
11-30 13:40:53.042  4352  4352 I DigitalHorizontalTypoClockView_LOCK_SCREEN_9@136: 	[BODY_TOP, Rect(112, 466 - 967, 756):0/fff0f0f0/2.5863109/0.4916111, 23.571428/0.42105263/0.52156866]
11-30 13:40:53.042  4352  4352 I DigitalHorizontalTypoClockView_LOCK_SCREEN_9@136: 	[BODY_MID, Rect(112, 1274 - 967, 1330):0/ffffffff/1.0/0.1, 0.0/0.0/0.0]
11-30 13:40:53.042  4352  4352 I DigitalHorizontalTypoClockView_LOCK_SCREEN_9@136: 	[BODY_BOTTOM, Rect(112, 1358 - 967, 1828):0/fff2f2f2/2.6386902/0.49979535, 23.157894/0.3877551/0.5764706]
11-30 13:40:53.042  4352  4352 I DigitalHorizontalTypoClockView_LOCK_SCREEN_9@136: 	[NAVIBAR, Rect(112, 2092 - 967, 2255):0/ffeaeaea/2.675507/0.505548, 20.769232/0.3561644/0.28627452]
11-30 13:40:53.042  4352  4352 I DigitalHorizontalTypoClockView_LOCK_SCREEN_9@136: 	[BACKGROUND, Rect(0, 0 - 1080, 2340):0/ffededed/2.5682406/0.4887876, 22.32558/0.41747573/0.40392157]
11-30 13:40:53.042  4352  4352 I DigitalHorizontalTypoClockView_LOCK_SCREEN_9@136: setWallpaperColorItem: 0/fff0f0f0/2.5863109/0.4916111, 23.571428/0.42105263/0.52156866
11-30 13:40:53.042  4352  4352 I AdaptiveTextColorCalculator: calcTextColor:  Full: #FF8A654E [22,999998, 0,277778, 0,423529] / Area: #FF85634D [23,571424, 0,266667, 0,411765] (44,865941) / Adaptive: targetL 88,453590 adjustedAdaptiveColor: #FFF5D7DA [354,500000, 0,597778, 0,901672] / base: 68,000000 HSL Offset[0,000000, 0,320000 ,0,000000] took 0,003281 ms
11-30 13:40:53.042  4352  4352 I KeyguardClockProvider: updateClockColor: color = ClockPresetColorImpl(presetIndex=0)
11-30 13:40:53.042  4352  4352 I PaletteController: getPaletteItem = PALETTE_LOCK
11-30 13:40:53.042  4352  4352 I DigitalHorizontalTypoClockView_LOCK_SCREEN_9@136: updateBaseTargetPaletteItem: base=SOLID color : FFFAFAFA, target=SOLID color : FFCCCCCC
11-30 13:40:53.042  4352  4352 I DigitalHorizontalTypoClockView_LOCK_SCREEN_9@136: setPaletteIndex : index = 0, mIsWhiteWallpaper = false, PaletteItem = SOLID color : FFFAFAFA
11-30 13:40:53.042  4352  4352 I DigitalHorizontalTypoClockView_LOCK_SCREEN_9@136: updatePaletteItemTransition : paletteItem = SOLID color : FFFAFAFA, animation = false, dozeAmount = 0.0
11-30 13:40:53.042  4352  4352 W GraphicUtils: getTextEmpty : skipped with null text
11-30 13:40:53.042  4352  4352 W GraphicUtils: setLinearGradientTextColor : skipped with null text
11-30 13:40:53.042  4352  4352 I DigitalHorizontalTypoClockView_LOCK_SCREEN_9@136: updateShadowStyle: shadow : [ShadowStyle: shadowRadius = 5.625, shadowDx = 0.0, shadowDy = 0.0, shadowColor = 1A000000]
11-30 13:40:53.042  4352  4352 I ComplicationWidgetPluginController: clock color changed -328966 , #fffafafa 
11-30 13:40:53.042  4352  4352 D FaceWidgetClockPage_Full: updateClockSuspendState() reason = wakingup, suspend=true, pause=false, kv=true, wa=false, di=true, wu=false, aodDash=false
11-30 13:40:53.042  4352  4352 I DigitalHorizontalTypoClockView_LOCK_SCREEN_9@136: suspend : mSuspend = true, enable = true
11-30 13:40:53.042  4352  4352 D FaceWidgetClockPage_Full: updateClockColor() page state : DASHBOARD
11-30 13:40:53.042  4352  4352 I DigitalHorizontalHmsClockView_LOCK_SCREEN_8@848: setSemWallpaperColors: [version:22, which:2, adaptive dim:0.0/0, darkmode dim:0.15]
11-30 13:40:53.042  4352  4352 I DigitalHorizontalHmsClockView_LOCK_SCREEN_8@848: 	[SeedColors, [-7707314]]
11-30 13:40:53.042  4352  4352 I DigitalHorizontalHmsClockView_LOCK_SCREEN_8@848: 	[STATUSBAR, Rect(67, 19 - 1012, 73):0/ffffffff/1.0/0.1, 0.0/0.0/0.0]
11-30 13:40:53.042  4352  4352 I DigitalHorizontalHmsClockView_LOCK_SCREEN_8@848: 	[BODY_TOP, Rect(112, 466 - 967, 756):0/fff0f0f0/2.5863109/0.4916111, 23.571428/0.42105263/0.52156866]
11-30 13:40:53.042  4352  4352 I DigitalHorizontalHmsClockView_LOCK_SCREEN_8@848: 	[BODY_MID, Rect(112, 1274 - 967, 1330):0/ffffffff/1.0/0.1, 0.0/0.0/0.0]
11-30 13:40:53.042  4352  4352 I DigitalHorizontalHmsClockView_LOCK_SCREEN_8@848: 	[BODY_BOTTOM, Rect(112, 1358 - 967, 1828):0/fff2f2f2/2.6386902/0.49979535, 23.157894/0.3877551/0.5764706]
11-30 13:40:53.042  4352  4352 I DigitalHorizontalHmsClockView_LOCK_SCREEN_8@848: 	[NAVIBAR, Rect(112, 2092 - 967, 2255):0/ffeaeaea/2.675507/0.505548, 20.769232/0.3561644/0.28627452]
11-30 13:40:53.042  4352  4352 I DigitalHorizontalHmsClockView_LOCK_SCREEN_8@848: 	[BACKGROUND, Rect(0, 0 - 1080, 2340):0/ffededed/2.5682406/0.4887876, 22.32558/0.41747573/0.40392157]
11-30 13:40:53.042  4352  4352 I DigitalHorizontalHmsClockView_LOCK_SCREEN_8@848: setWallpaperColorItem: 0/fff0f0f0/2.5863109/0.4916111, 23.571428/0.42105263/0.52156866
11-30 13:40:53.042  4352  4352 I AdaptiveTextColorCalculator: calcTextColor:  Full: #FF8A654E [22,999998, 0,277778, 0,423529] / Area: #FF85634D [23,571424, 0,266667, 0,411765] (44,865941) / Adaptive: targetL 88,453590 adjustedAdaptiveColor: #FFF5D7DA [354,500000, 0,597778, 0,901672] / base: 68,000000 HSL Offset[0,000000, 0,320000 ,0,000000] took 0,003177 ms
11-30 13:40:53.042  4352  4352 I KeyguardClockProvider: updateClockColor() return - isMonoClock = true, shouldUseDefaultColor = false, isNotPaletteInHighContrastFont = false
11-30 13:40:53.042  4352  4352 D WallpaperManager: semGetWallpaperColors: which = 2
11-30 13:40:53.042 24628 24937 W Binder  : Caught a RuntimeException from the binder stub implementation.
11-30 13:40:53.042 24628 24937 W Binder  : java.lang.UnsupportedOperationException
11-30 13:40:53.042 24628 24937 W Binder  : 	at kou.d(IClearcutLoggerCallbacks.java:3)
11-30 13:40:53.042 24628 24937 W Binder  : 	at kou.ea(IClearcutLoggerCallbacks.java:33)
11-30 13:40:53.042 24628 24937 W Binder  : 	at iqk.onTransact(BaseStub.java:75)
11-30 13:40:53.042 24628 24937 W Binder  : 	at android.os.Binder.execTransactInternal(Binder.java:1541)
11-30 13:40:53.042 24628 24937 W Binder  : 	at android.os.Binder.execTransact(Binder.java:1480)
11-30 13:40:53.043  4352  4352 D SemWallpaperColorsArea: SemWallpaperColorsArea [1080, 2340] which: 6 rotation: 0 has Base: false
11-30 13:40:53.043  4352  4352 D SemWallpaperColorsArea: SemWallpaperColorsArea which = 6, mDensity : 2.8125, 1080x2340,384x832,26,48, 7
11-30 13:40:53.043  4352  4352 I SemWallpaperColorsArea: Final area : Rect(67, 19 - 1012, 73)
11-30 13:40:53.043  4352  4352 I SemWallpaperColorsArea: Final area : Rect(112, 466 - 967, 756)
11-30 13:40:53.043  4352  4352 I SemWallpaperColorsArea: Final area : Rect(112, 1274 - 967, 1330)
11-30 13:40:53.043  4352  4352 I SemWallpaperColorsArea: Final area : Rect(112, 1358 - 967, 1828)
11-30 13:40:53.043  4352  4352 I SemWallpaperColorsArea: Final area : Rect(112, 2092 - 967, 2255)
11-30 13:40:53.043  4352  4352 I SemWallpaperColorsArea: Final area : Rect(0, 0 - 1080, 2340)
11-30 13:40:53.043  4352  4352 I PaletteController: getPaletteItem = PALETTE_LOCK
11-30 13:40:53.043  4352  4352 I DigitalHorizontalHmsClockView_LOCK_SCREEN_8@848: updateBaseTargetPaletteItem: base=SOLID color : FFFAFAFA, target=SOLID color : FFCCCCCC
11-30 13:40:53.043  4352  4352 I DigitalHorizontalHmsClockView_LOCK_SCREEN_8@848: setPaletteIndex : index = 0, mIsWhiteWallpaper = false, PaletteItem = SOLID color : FFFAFAFA
11-30 13:40:53.043  4352  4352 I DigitalHorizontalHmsClockView_LOCK_SCREEN_8@848: updatePaletteItemTransition : paletteItem = SOLID color : FFFAFAFA, animation = false, dozeAmount = 0.0
11-30 13:40:53.043  4352  4352 I DigitalHorizontalHmsClockView_LOCK_SCREEN_8@848: updateShadowStyle: shadow : [ShadowStyle: shadowRadius = 5.625, shadowDx = 0.0, shadowDy = 0.0, shadowColor = 1A000000]
11-30 13:40:53.043  4352  4352 D FaceWidgetClockPage_Full: updateClockSuspendState() reason = wakingup, suspend=true, pause=false, kv=true, wa=false, di=true, wu=false, aodDash=false
11-30 13:40:53.043  4352  4352 I DigitalHorizontalHmsClockView_LOCK_SCREEN_8@848: suspend : mSuspend = true, enable = true
11-30 13:40:53.043  4352  4352 D FaceWidgetClockPage_Full: updateClockColor() page state : EXPAND
11-30 13:40:53.043  4352  4352 I DigitalHorizontalTypoClockView_LOCK_SCREEN_9@941: setSemWallpaperColors: [version:22, which:2, adaptive dim:0.0/0, darkmode dim:0.15]
11-30 13:40:53.043  4352  4352 I DigitalHorizontalTypoClockView_LOCK_SCREEN_9@941: 	[SeedColors, [-7707314]]
11-30 13:40:53.043  4352  4352 I DigitalHorizontalTypoClockView_LOCK_SCREEN_9@941: 	[STATUSBAR, Rect(67, 19 - 1012, 73):0/ffffffff/1.0/0.1, 0.0/0.0/0.0]
11-30 13:40:53.043  4352  4352 I DigitalHorizontalTypoClockView_LOCK_SCREEN_9@941: 	[BODY_TOP, Rect(112, 466 - 967, 756):0/fff0f0f0/2.5863109/0.4916111, 23.571428/0.42105263/0.52156866]
11-30 13:40:53.043  4352  4352 I DigitalHorizontalTypoClockView_LOCK_SCREEN_9@941: 	[BODY_MID, Rect(112, 1274 - 967, 1330):0/ffffffff/1.0/0.1, 0.0/0.0/0.0]
11-30 13:40:53.043  4352  4352 I DigitalHorizontalTypoClockView_LOCK_SCREEN_9@941: 	[BODY_BOTTOM, Rect(112, 1358 - 967, 1828):0/fff2f2f2/2.6386902/0.49979535, 23.157894/0.3877551/0.5764706]
11-30 13:40:53.043  4352  4352 I DigitalHorizontalTypoClockView_LOCK_SCREEN_9@941: 	[NAVIBAR, Rect(112, 2092 - 967, 2255):0/ffeaeaea/2.675507/0.505548, 20.769232/0.3561644/0.28627452]
11-30 13:40:53.043  4352  4352 I DigitalHorizontalTypoClockView_LOCK_SCREEN_9@941: 	[BACKGROUND, Rect(0, 0 - 1080, 2340):0/ffededed/2.5682406/0.4887876, 22.32558/0.41747573/0.40392157]
11-30 13:40:53.043  4352  4352 I DigitalHorizontalTypoClockView_LOCK_SCREEN_9@941: setWallpaperColorItem: 0/fff0f0f0/2.5863109/0.4916111, 23.571428/0.42105263/0.52156866
11-30 13:40:53.043  4352  4352 I AdaptiveTextColorCalculator: calcTextColor:  Full: #FF8A654E [22,999998, 0,277778, 0,423529] / Area: #FF85634D [23,571424, 0,266667, 0,411765] (44,865941) / Adaptive: targetL 88,453590 adjustedAdaptiveColor: #FFF5D7DA [354,500000, 0,597778, 0,901672] / base: 68,000000 HSL Offset[0,000000, 0,320000 ,0,000000] took 0,003802 ms
11-30 13:40:53.043  4352  4352 I KeyguardClockProvider: updateClockColor: color = ClockPresetColorImpl(presetIndex=0)
11-30 13:40:53.043  4352  4352 I PaletteController: getPaletteItem = PALETTE_LOCK
11-30 13:40:53.043  4352  4352 I DigitalHorizontalTypoClockView_LOCK_SCREEN_9@941: updateBaseTargetPaletteItem: base=SOLID color : FFFAFAFA, target=SOLID color : FFCCCCCC
11-30 13:40:53.043  4352  4352 I DigitalHorizontalTypoClockView_LOCK_SCREEN_9@941: setPaletteIndex : index = 0, mIsWhiteWallpaper = false, PaletteItem = SOLID color : FFFAFAFA
11-30 13:40:53.043  4352  4352 I DigitalHorizontalTypoClockView_LOCK_SCREEN_9@941: updatePaletteItemTransition : paletteItem = SOLID color : FFFAFAFA, animation = false, dozeAmount = 0.0
11-30 13:40:53.043  2106 13857 I sec_fr_NativeFaceService: sendTemplate : retrieveTemplates faceId[1]
11-30 13:40:53.043  2106 13857 I sec_fr_FaceEngine: sendTemplate faceId(1)
11-30 13:40:53.043  4352  4352 W GraphicUtils: getTextEmpty : skipped with null text
11-30 13:40:53.043  2106 13857 I sec_fr_QSeeInterfaceQSEECom: getSharedBuffer req_len =524352, rsp_len = 64, dbg_size = 576
11-30 13:40:53.043  4352  4352 W GraphicUtils: setLinearGradientTextColor : skipped with null text
11-30 13:40:53.043  4352  4352 I DigitalHorizontalTypoClockView_LOCK_SCREEN_9@941: updateShadowStyle: shadow : [ShadowStyle: shadowRadius = 5.625, shadowDx = 0.0, shadowDy = 0.0, shadowColor = 1A000000]
11-30 13:40:53.043  4352  4352 I KeyguardClockProvider: setPreDefineOrCustomColor() setPreDefineColor(), clockType = 9, index = 0
11-30 13:40:53.043  2106 13857 I sec_fr_QSeeEngine: sendTemplate - template set buffer length = 393718
11-30 13:40:53.043  2106 13857 I sec_fr_QSeeInterfaceQSEECom: call sendCommand for sendTemplate
11-30 13:40:53.043  4352  4352 I ComplicationWidgetPluginController: clock color changed -328966 , #fffafafa 
11-30 13:40:53.043  4352  4352 D FaceWidgetClockPage_Full: updateClockSuspendState() reason = wakingup, suspend=true, pause=false, kv=true, wa=false, di=true, wu=false, aodDash=false
11-30 13:40:53.043  4352  4352 I DigitalHorizontalTypoClockView_LOCK_SCREEN_9@941: suspend : mSuspend = true, enable = true
11-30 13:40:53.043  4352  4352 D FaceWidgetClockPage_Full: updateClockColor() page state : EXPAND
11-30 13:40:53.043  4352  4352 I DigitalHorizontalTypoClockView_LOCK_SCREEN_9@557: setSemWallpaperColors: [version:22, which:2, adaptive dim:0.0/0, darkmode dim:0.15]
11-30 13:40:53.043  4352  4352 I DigitalHorizontalTypoClockView_LOCK_SCREEN_9@557: 	[SeedColors, [-7707314]]
11-30 13:40:53.043  4352  4352 I DigitalHorizontalTypoClockView_LOCK_SCREEN_9@557: 	[STATUSBAR, Rect(67, 19 - 1012, 73):0/ffffffff/1.0/0.1, 0.0/0.0/0.0]
11-30 13:40:53.043  4352  4352 I DigitalHorizontalTypoClockView_LOCK_SCREEN_9@557: 	[BODY_TOP, Rect(112, 466 - 967, 756):0/fff0f0f0/2.5863109/0.4916111, 23.571428/0.42105263/0.52156866]
11-30 13:40:53.043  4352  4352 I DigitalHorizontalTypoClockView_LOCK_SCREEN_9@557: 	[BODY_MID, Rect(112, 1274 - 967, 1330):0/ffffffff/1.0/0.1, 0.0/0.0/0.0]
11-30 13:40:53.043  4352  4352 I DigitalHorizontalTypoClockView_LOCK_SCREEN_9@557: 	[BODY_BOTTOM, Rect(112, 1358 - 967, 1828):0/fff2f2f2/2.6386902/0.49979535, 23.157894/0.3877551/0.5764706]
11-30 13:40:53.043  4352  4352 I DigitalHorizontalTypoClockView_LOCK_SCREEN_9@557: 	[NAVIBAR, Rect(112, 2092 - 967, 2255):0/ffeaeaea/2.675507/0.505548, 20.769232/0.3561644/0.28627452]
11-30 13:40:53.043  4352  4352 I DigitalHorizontalTypoClockView_LOCK_SCREEN_9@557: 	[BACKGROUND, Rect(0, 0 - 1080, 2340):0/ffededed/2.5682406/0.4887876, 22.32558/0.41747573/0.40392157]
11-30 13:40:53.043  4352  4352 I DigitalHorizontalTypoClockView_LOCK_SCREEN_9@557: setWallpaperColorItem: 0/fff0f0f0/2.5863109/0.4916111, 23.571428/0.42105263/0.52156866
11-30 13:40:53.043  4352  4352 I AdaptiveTextColorCalculator: calcTextColor:  Full: #FF8A654E [22,999998, 0,277778, 0,423529] / Area: #FF85634D [23,571424, 0,266667, 0,411765] (44,865941) / Adaptive: targetL 88,453590 adjustedAdaptiveColor: #FFF5D7DA [354,500000, 0,597778, 0,901672] / base: 68,000000 HSL Offset[0,000000, 0,320000 ,0,000000] took 0,003333 ms
11-30 13:40:53.043  4352  4352 I KeyguardClockProvider: updateClockColor: color = ClockPresetColorImpl(presetIndex=0)
11-30 13:40:53.043  4352  4352 I PaletteController: getPaletteItem = PALETTE_LOCK
11-30 13:40:53.043  4352  4352 I DigitalHorizontalTypoClockView_LOCK_SCREEN_9@557: updateBaseTargetPaletteItem: base=SOLID color : FFFAFAFA, target=SOLID color : FFCCCCCC
11-30 13:40:53.043  4352  4352 I DigitalHorizontalTypoClockView_LOCK_SCREEN_9@557: setPaletteIndex : index = 0, mIsWhiteWallpaper = false, PaletteItem = SOLID color : FFFAFAFA
11-30 13:40:53.043  4352  4352 I DigitalHorizontalTypoClockView_LOCK_SCREEN_9@557: updatePaletteItemTransition : paletteItem = SOLID color : FFFAFAFA, animation = false, dozeAmount = 0.0
11-30 13:40:53.043  4352  4352 W GraphicUtils: getTextEmpty : skipped with null text
11-30 13:40:53.043  4352  4352 W GraphicUtils: setLinearGradientTextColor : skipped with null text
11-30 13:40:53.043  4352  4352 I DigitalHorizontalTypoClockView_LOCK_SCREEN_9@557: updateShadowStyle: shadow : [ShadowStyle: shadowRadius = 5.625, shadowDx = 0.0, shadowDy = 0.0, shadowColor = 1A000000]
11-30 13:40:53.043  4352  4352 I ComplicationWidgetPluginController: clock color changed -328966 , #fffafafa 
11-30 13:40:53.043  4352  4352 D FaceWidgetClockPage_Full: updateClockSuspendState() reason = wakingup, suspend=true, pause=false, kv=true, wa=false, di=true, wu=false, aodDash=false
11-30 13:40:53.043  4352  4352 I DigitalHorizontalTypoClockView_LOCK_SCREEN_9@557: suspend : mSuspend = true, enable = true
11-30 13:40:53.043  4352  4352 D FaceWidgetClockPage_Full: updateClockColor() page state : DASHBOARD
11-30 13:40:53.043  4352  4352 I DigitalHorizontalHmsClockView_LOCK_SCREEN_8@694: setSemWallpaperColors: [version:22, which:2, adaptive dim:0.0/0, darkmode dim:0.15]
11-30 13:40:53.043  4352  4352 I DigitalHorizontalHmsClockView_LOCK_SCREEN_8@694: 	[SeedColors, [-7707314]]
11-30 13:40:53.043  4352  4352 I DigitalHorizontalHmsClockView_LOCK_SCREEN_8@694: 	[STATUSBAR, Rect(67, 19 - 1012, 73):0/ffffffff/1.0/0.1, 0.0/0.0/0.0]
11-30 13:40:53.043  4352  4352 I DigitalHorizontalHmsClockView_LOCK_SCREEN_8@694: 	[BODY_TOP, Rect(112, 466 - 967, 756):0/fff0f0f0/2.5863109/0.4916111, 23.571428/0.42105263/0.52156866]
11-30 13:40:53.043  4352  4352 I DigitalHorizontalHmsClockView_LOCK_SCREEN_8@694: 	[BODY_MID, Rect(112, 1274 - 967, 1330):0/ffffffff/1.0/0.1, 0.0/0.0/0.0]
11-30 13:40:53.043  4352  4352 I DigitalHorizontalHmsClockView_LOCK_SCREEN_8@694: 	[BODY_BOTTOM, Rect(112, 1358 - 967, 1828):0/fff2f2f2/2.6386902/0.49979535, 23.157894/0.3877551/0.5764706]
11-30 13:40:53.043  4352  4352 I DigitalHorizontalHmsClockView_LOCK_SCREEN_8@694: 	[NAVIBAR, Rect(112, 2092 - 967, 2255):0/ffeaeaea/2.675507/0.505548, 20.769232/0.3561644/0.28627452]
11-30 13:40:53.043  4352  4352 I DigitalHorizontalHmsClockView_LOCK_SCREEN_8@694: 	[BACKGROUND, Rect(0, 0 - 1080, 2340):0/ffededed/2.5682406/0.4887876, 22.32558/0.41747573/0.40392157]
11-30 13:40:53.043  4352  4352 I DigitalHorizontalHmsClockView_LOCK_SCREEN_8@694: setWallpaperColorItem: 0/fff0f0f0/2.5863109/0.4916111, 23.571428/0.42105263/0.52156866
11-30 13:40:53.043  4352  4352 I AdaptiveTextColorCalculator: calcTextColor:  Full: #FF8A654E [22,999998, 0,277778, 0,423529] / Area: #FF85634D [23,571424, 0,266667, 0,411765] (44,865941) / Adaptive: targetL 88,453590 adjustedAdaptiveColor: #FFF5D7DA [354,500000, 0,597778, 0,901672] / base: 68,000000 HSL Offset[0,000000, 0,320000 ,0,000000] took 0,003073 ms
11-30 13:40:53.043  4352  4352 I KeyguardClockProvider: updateClockColor() return - isMonoClock = true, shouldUseDefaultColor = false, isNotPaletteInHighContrastFont = false
11-30 13:40:53.043  4352  4352 D WallpaperManager: semGetWallpaperColors: which = 2
11-30 13:40:53.043  4352  4352 D SemWallpaperColorsArea: SemWallpaperColorsArea [1080, 2340] which: 6 rotation: 0 has Base: false
11-30 13:40:53.044  4352  4352 D SemWallpaperColorsArea: SemWallpaperColorsArea which = 6, mDensity : 2.8125, 1080x2340,384x832,26,48, 7
11-30 13:40:53.044  4352  4352 I SemWallpaperColorsArea: Final area : Rect(67, 19 - 1012, 73)
11-30 13:40:53.044  4352  4352 I SemWallpaperColorsArea: Final area : Rect(112, 466 - 967, 756)
11-30 13:40:53.044  4352  4352 I SemWallpaperColorsArea: Final area : Rect(112, 1274 - 967, 1330)
11-30 13:40:53.044  4352  4352 I SemWallpaperColorsArea: Final area : Rect(112, 1358 - 967, 1828)
11-30 13:40:53.044  4352  4352 I SemWallpaperColorsArea: Final area : Rect(112, 2092 - 967, 2255)
11-30 13:40:53.044  4352  4352 I SemWallpaperColorsArea: Final area : Rect(0, 0 - 1080, 2340)
11-30 13:40:53.044  4352  4352 I PaletteController: getPaletteItem = PALETTE_LOCK
11-30 13:40:53.044  4352  4352 I DigitalHorizontalHmsClockView_LOCK_SCREEN_8@694: updateBaseTargetPaletteItem: base=SOLID color : FFFAFAFA, target=SOLID color : FFCCCCCC
11-30 13:40:53.044  4352  4352 I DigitalHorizontalHmsClockView_LOCK_SCREEN_8@694: setPaletteIndex : index = 0, mIsWhiteWallpaper = false, PaletteItem = SOLID color : FFFAFAFA
11-30 13:40:53.044  4352  4352 I DigitalHorizontalHmsClockView_LOCK_SCREEN_8@694: updatePaletteItemTransition : paletteItem = SOLID color : FFFAFAFA, animation = false, dozeAmount = 0.0
11-30 13:40:53.044  4352  4352 I DigitalHorizontalHmsClockView_LOCK_SCREEN_8@694: updateShadowStyle: shadow : [ShadowStyle: shadowRadius = 5.625, shadowDx = 0.0, shadowDy = 0.0, shadowColor = 1A000000]
11-30 13:40:53.044  4352  4352 D FaceWidgetClockPage_Full: updateClockSuspendState() reason = wakingup, suspend=true, pause=false, kv=true, wa=false, di=true, wu=false, aodDash=false
11-30 13:40:53.044  4352  4352 I DigitalHorizontalHmsClockView_LOCK_SCREEN_8@694: suspend : mSuspend = true, enable = true
11-30 13:40:53.044  4352  4352 D FaceWidgetClockPage_Full: updateClockColor() page state : DASHBOARD
11-30 13:40:53.044  4352  4352 I DigitalHorizontalHmsClockView_LOCK_SCREEN_8@694: setSemWallpaperColors: [version:22, which:2, adaptive dim:0.0/0, darkmode dim:0.15]
11-30 13:40:53.044  4352  4352 I DigitalHorizontalHmsClockView_LOCK_SCREEN_8@694: 	[SeedColors, [-7707314]]
11-30 13:40:53.044  4352  4352 I DigitalHorizontalHmsClockView_LOCK_SCREEN_8@694: 	[STATUSBAR, Rect(67, 19 - 1012, 73):0/ffffffff/1.0/0.1, 0.0/0.0/0.0]
11-30 13:40:53.044  4352  4352 I DigitalHorizontalHmsClockView_LOCK_SCREEN_8@694: 	[BODY_TOP, Rect(112, 466 - 967, 756):0/fff0f0f0/2.5863109/0.4916111, 23.571428/0.42105263/0.52156866]
11-30 13:40:53.044  4352  4352 I DigitalHorizontalHmsClockView_LOCK_SCREEN_8@694: 	[BODY_MID, Rect(112, 1274 - 967, 1330):0/ffffffff/1.0/0.1, 0.0/0.0/0.0]
11-30 13:40:53.044  4352  4352 I DigitalHorizontalHmsClockView_LOCK_SCREEN_8@694: 	[BODY_BOTTOM, Rect(112, 1358 - 967, 1828):0/fff2f2f2/2.6386902/0.49979535, 23.157894/0.3877551/0.5764706]
11-30 13:40:53.044  4352  4352 I DigitalHorizontalHmsClockView_LOCK_SCREEN_8@694: 	[NAVIBAR, Rect(112, 2092 - 967, 2255):0/ffeaeaea/2.675507/0.505548, 20.769232/0.3561644/0.28627452]
11-30 13:40:53.044  4352  4352 I DigitalHorizontalHmsClockView_LOCK_SCREEN_8@694: 	[BACKGROUND, Rect(0, 0 - 1080, 2340):0/ffededed/2.5682406/0.4887876, 22.32558/0.41747573/0.40392157]
11-30 13:40:53.044  4352  4352 I DigitalHorizontalHmsClockView_LOCK_SCREEN_8@694: setWallpaperColorItem: 0/fff0f0f0/2.5863109/0.4916111, 23.571428/0.42105263/0.52156866
