11-30 13:40:48.899  2704  3484 I bauth_FPBAuthService: thread id : 1, preenroll_flag : 0, nd cnt : 0, cso : 0, et : 0
11-30 13:40:48.899  2704  3484 I bauth_FPBAuthService: FPBAuthService::timerHandler complete
11-30 13:40:49.901  2704  3484 I bauth_FPBAuthService: pcf : 0x1012, 0 ,1 ,0 ,1 ,0 ,0, 8.0.0.0
11-30 13:40:49.901  2704  3484 I bauth_FPBAuthService: thread id : 1, preenroll_flag : 0, nd cnt : 0, cso : 0, et : 0
11-30 13:40:49.901  2704  3484 I bauth_FPBAuthService: FPBAuthService::timerHandler complete
11-30 13:40:50.301  1201  1201 D io_stats: !@   8,0 r 598976034 9010646396 w 149621750 2004150492 d 17679614 2184024148 f 3460697 15040710 iot 222721180 0 th 0 0 0 pt 0 inp 0 0 1540851.134
11-30 13:40:50.302  1201  1201 D io_stats: !@ Read_top(KB): system_server(3014) 44 sait.sohservice(12064) 32 f2fs_ckpt-254:5(4949) 20
11-30 13:40:50.302  1201  1201 D io_stats: !@ Write_top(KB): kworker/u16:15(17928) 44 f2fs_ckpt-254:5(4949) 36 init(1) 28
11-30 13:40:50.902  2704  3484 I bauth_FPBAuthService: pcf : 0x1012, 0 ,1 ,0 ,1 ,0 ,0, 8.0.0.0
11-30 13:40:50.902  2704  3484 I bauth_FPBAuthService: thread id : 1, preenroll_flag : 0, nd cnt : 0, cso : 0, et : 0
11-30 13:40:50.902  2704  3484 I bauth_FPBAuthService: FPBAuthService::timerHandler complete
11-30 13:40:51.395  2174  2186 E BatteryDump: !@new_battery_dump : 3825,466,475,550,33,270,258,282,270,0,291,285,0,Charging,NO_CHARGING,Normal,Good,USB,1,Normal,0,0,9281,0x0,0x10000,0x0,0,0,0000,0000,00000000,0,0,0,0,384,3795,3293,990,0,
11-30 13:40:51.399  2174  2174 I sehhealth-service: updateLrpSysfs: write: 290
11-30 13:40:51.903  2704  3484 I bauth_FPBAuthService: pcf : 0x1012, 0 ,1 ,0 ,1 ,0 ,0, 8.0.0.0
11-30 13:40:51.903  2704  3484 I bauth_FPBAuthService: thread id : 1, preenroll_flag : 0, nd cnt : 0, cso : 0, et : 0
11-30 13:40:51.903  2704  3484 I bauth_FPBAuthService: FPBAuthService::timerHandler complete
11-30 13:40:52.049  2103  6770 I sensors-hal: handle_sns_std_sensor_event:137, [SSC_LIGHT] A: 87(87),m:11,c:0,b:0,c0:4096,l:87,r:95,bl:100,j:-1
11-30 13:40:52.303  1201  1201 D io_stats: !@   8,0 r 598976035 9010646400 w 149621755 2004150528 d 17679615 2184024152 f 3460697 15040711 iot 222721196 0 th 0 0 0 pt 0 inp 0 0 1540853.135
11-30 13:40:52.885  2103  3497 I SensorsGrip: [grip_sensor] readEvents: GripSensor: grip 1ch data = TOUCH
11-30 13:40:52.885  2103  3497 I SensorsGrip: [grip_sensor] readEvents: GripSensor: grip 2ch data = RELEASE
11-30 13:40:52.885  2103  3497 I SensorsGrip: [grip_sensor] readEvents: GripSensor: grip 1ch unknown UNKNOWN MODE
11-30 13:40:52.885  2103  3497 I SensorsGrip: [grip_sensor] readEvents: GripSensor: grip 2ch unknown UNKNOWN MODE
11-30 13:40:52.897  3014  4098 I MotionRecognitionService: [SAR] ISG6320 Grip sensor onSensorChanged : 0.0 , 5.0 , 0.0 , 300.0 , 300.0
11-30 13:40:52.897  3014  4098 I MotionRecognitionService: [SAR] ISG6320 Grip sensor setUnknownMode channel: 0 , state: 300
11-30 13:40:52.897  3014  4098 I MotionRecognitionService: [SAR] ISG6320 Grip sensorsetTunerGrip 8589934592 , state: true
11-30 13:40:52.904  2704  3484 I bauth_FPBAuthService: pcf : 0x1012, 0 ,1 ,0 ,1 ,0 ,0, 8.0.0.0
11-30 13:40:52.904  2704  3484 I bauth_FPBAuthService: thread id : 1, preenroll_flag : 0, nd cnt : 0, cso : 0, et : 0
11-30 13:40:52.904  2704  3484 I bauth_FPBAuthService: FPBAuthService::timerHandler complete
11-30 13:40:52.907  3014  4098 D MotionRecognitionService: [SAR] set setTransmitPowerExt(Tuner) value : 8589934592 : true
11-30 13:40:52.907  3014  4098 I MotionRecognitionService: [SAR] tunerGrip is 8589934592, state : true
11-30 13:40:52.907  3014  4098 I MotionRecognitionService: [SAR] ISG6320 Grip sensor setUnknownMode channel: 1 , state: 300
11-30 13:40:52.907  3014  4098 I MotionRecognitionService: [SAR] ISG6320 Grip sensorsetTunerGrip 17179869184 , state: false
11-30 13:40:52.908  4335  5967 D Am      : Sardevice : isEnabled: false, deviceId: 360961, slot: 0, extId: 0
11-30 13:40:52.910  3014  6870 D MotionRecognitionService: [SAR] API_enableSARDevice, deviceId =360961 : false
11-30 13:40:52.917  3014  4098 D MotionRecognitionService: [SAR] set setTransmitPowerExt(Tuner) value : 17179869184 : false
11-30 13:40:52.917  3014  4098 I MotionRecognitionService: [SAR] tunerGrip is 17179869184, state : false
11-30 13:40:52.917  3014  4098 D MotionRecognitionService: [SAR] API_enableSARDevice >> 
11-30 13:40:52.917  3014  4098 I MotionRecognitionService: [SAR] id : 0 cmd :off  << 
11-30 13:40:52.917  3014  4098 I MotionRecognitionService: [SAR] SarDevice clear 1 channel : 0 , state : 0
11-30 13:40:52.924  3014  4098 D MotionRecognitionService: [SAR] set setTransmitPowerWithFlag  value : 1 : false
11-30 13:40:52.924  3014  4098 I MotionRecognitionService: [SAR] ISG6320 Grip sensor disable channel 0 : 0 , channel 1 : 1
11-30 13:40:52.924  3014  4098 I MotionRecognitionService: [SAR]  id : 0 cmd :off  >> 
11-30 13:40:52.924  3014  4098 I MotionRecognitionService: [SAR] id : 9 cmd :off  << 
11-30 13:40:52.924  3014  4098 W MotionRecognitionService: DEFAULT
11-30 13:40:52.924  3014  4098 I MotionRecognitionService: [SAR]  id : 9 cmd :off  >> 
11-30 13:40:52.924  3014  4098 I MotionRecognitionService: [SAR] id : 15 cmd :off  << 
11-30 13:40:52.924  3014  4098 W MotionRecognitionService: DEFAULT
11-30 13:40:52.924  3014  4098 I MotionRecognitionService: [SAR]  id : 15 cmd :off  >> 
11-30 13:40:52.924  3014  4098 I MotionRecognitionService: [SAR] id : 16 cmd :off  << 
11-30 13:40:52.924  3014  4098 I MotionRecognitionService: [SAR] SarDevice clear 65536 channel : 1 , state : 0
11-30 13:40:52.929  3014  3892 D InputReader: Input event(3): value=1 when=1540853.761126
11-30 13:40:52.929  3014  3892 D InputReader: !@notifyKey(143), action=0
11-30 13:40:52.929  3014  3892 D InputReader: Input event(3): value=0 when=1540853.761311
11-30 13:40:52.929  3014  3892 D InputReader: !@notifyKey(143), action=1
11-30 13:40:52.930  3014  3892 D InputManager-JNI: !@interceptKeyBeforeQueueing(143), action=0, interactive=false
11-30 13:40:52.930  3014  3892 D SingleKeyGesture: interceptKeyDown, info : KeyCode=KEYCODE_UNKNOWN, size=0
11-30 13:40:52.930  3014  4098 D MotionRecognitionService: [SAR] set setTransmitPowerWithFlag  value : 65536 : false
11-30 13:40:52.930  3014  4098 I MotionRecognitionService: [SAR] ISG6320 Grip sensor disableSensor : true
11-30 13:40:52.930  3014  4098 D MotionRecognitionService: [SAR] disable mRequestedChannelList : 360961
11-30 13:40:52.930  3014  4098 I MotionRecognitionService: [SAR] ISG6320 Grip sensorsetTunerGrip 8589934592 , state: false
11-30 13:40:52.930  3014  3892 D WindowManager: interceptKeyTq interceptKeyResult=1
11-30 13:40:52.931  3014  3892 D WindowWakeUpPolicy: HINT_DEVICE_WAKEUP acquire()
11-30 13:40:52.931  3014  3892 I SemDvfsHyPerManager: acquire hyper - DEVICE_WAKEUP/3014@17, type = -999
11-30 13:40:52.931  2112  2178 I HYPER-HAL: [RequestManager.cpp]acquire(): Acquired ID : 4595013  [3014 / 17]    HINT : DEVICE_WAKEUP    list : 
11-30 13:40:52.932  2167  2167 E ANDR-PERF-MPCTL: ANDR-PERF-MPCTL: internal_perf_lock_acq_verification() 385: Perflock Submit request limit reached.
11-30 13:40:52.933  3014  3892 D PowerManagerService: [api] wakeUp (uid: 1000 pid: 3014) eventTime = 1540853761
11-30 13:40:52.933  3014  3892 W PowerManagerService: !@Screen__On  - 7169 :  wakeUp:  (uid: 1000 pid: 3014) (tap) (5ms) groupId=0
11-30 13:40:52.934  3014  3892 I PowerGroup: Waking up power group from Dozing (groupId=0, uid=1000, reason=tap, details=android.policy:KEY(224):sec_touchscreen)...
11-30 13:40:52.934  3014  3892 D InputManager-JNI: setInteractiveForInternalDisplay(true)
11-30 13:40:52.934  3014  3892 D PowerManagerNotifier: startedEarlyWakingUp: interactive: true reason: 15
11-30 13:40:52.934  3014  3892 V KeyguardServiceDelegate: startedEarlyWakingUp reason=15
11-30 13:40:52.934  3014  3892 I PowerManagerService: Waking up from Dozing (uid=1000, reason=tap, details=android.policy:KEY(224):sec_touchscreen)...
11-30 13:40:52.934  3014  3014 I WindowManager: Started waking up... (groupId=0 why=ON_BECAUSE_OF_USER)
11-30 13:40:52.934  4352  4370 D KeyguardViewMediator: startedEarlyWakingUp
11-30 13:40:52.934  4352  4352 D KeyguardUpdateMonitor: handleStartedEarlyWakingUp start 15
11-30 13:40:52.934  4352  4352 D KeyguardFace: shouldListenForFace ( isFaceDefaultCondition = true , isKeyguardVisible = true , isDeviceInteractive = false , mPrimaryBouncerFullyShown = false , isSwitchingUser = false , mIsDreamingForBiometrics = false , isGoingToSleep = false , isKeyguardGoingAway = false , mKeyguardUnlocking = false , isEarlyWakeUp = true , mIsScreenSaverRunning = false , mSystemReady = true , getUserUnlockedWithBiometric = false , isKeyguardShowing = true , isKeyguardOccluded = false , mHasFocus = true)
11-30 13:40:52.935  4352  4352 D KeyguardFace: startListeningForFace()
11-30 13:40:52.935  3014  3892 D InputManager-JNI: setInteractive(true)
11-30 13:40:52.935  4352  4352 D SecLockIconViewController: updateVisibility
11-30 13:40:52.935  4352  4352 D SecLockIconViewController: updateVisibility : isLockScreen = false mShowLockIcon = false mShowUnlockIcon = false
11-30 13:40:52.935  4352  4352 D KeyguardPunchHoleVIView: startVI() - return, WakefulnessLifecycle is not WAKEFULNESS_AWAKE
11-30 13:40:52.935  4352  4352 D KeyguardPunchHoleVIView_Bouncer: startVI() - return, WakefulnessLifecycle is not WAKEFULNESS_AWAKE
11-30 13:40:52.935  3014  3892 D PowerManagerService: [PWL] sb acquire: PowerManagerService.Broadcasts
11-30 13:40:52.937  3014  6871 I FaceService: semAuthenticate called from pid=4352 [0] 
11-30 13:40:52.937  3014  6871 I FaceService: authenticate called from pid=4352 [0] com.android.systemui, 
11-30 13:40:52.938  3014  3892 D PowerManagerService: UserActivityState : 4 -> 1 groupId=0
11-30 13:40:52.938  3014  3892 D PowerManagerService: displayReady: false groupId=0
11-30 13:40:52.938  3014  4196 D FaceAuthenticationClient: mPrivilegedAttr = 0, bundle = Bundle[{DISPLAY_TYPE=0}]
11-30 13:40:52.938  3014  4196 D BiometricScheduler: [Added] {[27017] com.android.server.biometrics.sensors.face.aidl.FaceAuthenticationClient, proto=3, owner=com.android.systemui, cookie=0, requestId=8609, userId=0}, new queue size: 1
11-30 13:40:52.938  3014  4196 D BiometricScheduler: [Polled] {[27017] com.android.server.biometrics.sensors.face.aidl.FaceAuthenticationClient, proto=3, owner=com.android.systemui, cookie=0, requestId=8609, userId=0}, State: 0
11-30 13:40:52.939  3014  4196 D SensorManager: registerListener :: 51, STK33911 Light  Non-wakeup, 200000, 0, com.android.server.biometrics.log.ALSProbe$1@d33ab0b
11-30 13:40:52.939  3014  4196 V ALSProbe: Enable ALS: 221489931
11-30 13:40:52.939  3014  4196 D BiometricScheduler: [Started] {[27017] com.android.server.biometrics.sensors.face.aidl.FaceAuthenticationClient, proto=3, owner=com.android.systemui, cookie=0, requestId=8609, userId=0}
11-30 13:40:52.939  3014  3892 D PowerManagerService: [PWL] sb acquire: PowerManagerService.Display
11-30 13:40:52.939  3014  4196 D Biometrics/AuthenticationClient: Requesting auth for com.android.systemui
11-30 13:40:52.940  3014  4196 I SemFace : startOperation S
11-30 13:40:52.940  3014  4196 D PowerManagerService: [api] getCurrentBrightness: ratio: false (uid: 1000 pid: 3014)
11-30 13:40:52.940  4352  4370 D BiometricStatusRepositoryImpl: authenticationState updated: Started(biometricSourceType=FACE, requestReason=DeviceEntryAuthentication)
11-30 13:40:52.940  3014  4196 I SemFace : startInactivityTimer : 4000
11-30 13:40:52.940  3014  4196 I SemFace : setFaceTag START type = 1
11-30 13:40:52.940  3014  3892 D InputManager-JNI: !@handleInterceptActions(143), action=0, wmActions=0
11-30 13:40:52.940  3014  3892 D InputManager-JNI: !@interceptKeyBeforeQueueing(143), action=1, interactive=true
11-30 13:40:52.940  3014  3892 D WindowManager: interceptKeyTq interceptKeyResult=1
11-30 13:40:52.940  3014  3892 D InputManager-JNI: !@handleInterceptActions(143), action=1, wmActions=0
11-30 13:40:52.940  2106 13857 I SehSession: SehSession::setFaceTag
11-30 13:40:52.940  2106 13857 I sec_fr_FaceAIDLService: FaceAIDLService::setFaceTag (tagId=1)
11-30 13:40:52.940  2106 13857 I sec_fr_NativeFaceService: setFaceTag : tagId(1)
11-30 13:40:52.940  3014  3014 V KeyguardServiceDelegate: onStartedWakingUp()
11-30 13:40:52.941  3014  4196 I SemFace : setFaceTag FINISH (1ms)
11-30 13:40:52.941  3014  4196 I SemFace : acquireDVFS
11-30 13:40:52.941  2103  2103 I sensors-hal: set_config:65, no need to adjust sample_period_ns due to reporting_mode = 2
11-30 13:40:52.941  3014  3430 D PowerManagerService: handleSandman : stopDream
11-30 13:40:52.941  3014  3430 I DreamManagerService: Gently waking up from dream.
11-30 13:40:52.941  2103  2103 I sensors-hal: batch:369, android.sensor.device_orientation/271, period=20000000, max_latency=0 request completed
11-30 13:40:52.941  3014  3430 D DisplayPowerController2[0]: animateScreenStateChange: target=ON, mIsEnabled=true
11-30 13:40:52.941  3014  3430 D DisplayPowerController2[0]: setScreenState(): mSeamlessAodReady : false AOD
11-30 13:40:52.941  3014  3430 D AODManagerService: screenTurningOn directly
11-30 13:40:52.941  3014  3430 D DisplayPowerController2[0]: [api] AODManager.AODChangeListener : Received readyToScreenTurningOn().
11-30 13:40:52.941  3014  3430 I DisplayBrightnessStrategySelector: Changing the DisplayBrightnessStrategy from DozeBrightnessStrategy to InvalidBrightnessStrategy for display 0
11-30 13:40:52.941  3014  3430 V DisplayPowerController2[0]: Brightness [0.1137255] reason changing to: 'last_target', previous reason: 'doze'.
11-30 13:40:52.941  2103  2103 I sensors-hal: activate:285, android.sensor.device_orientation/271 en=1
11-30 13:40:52.941  3014  3430 I DisplayPowerController2[0]: BrightnessEvent: disp=0, physDisp=local:4630947118961383299, displayState=DOZE_SUSPEND, displayPolicy=BRIGHT, brt=0.1137255, initBrt=0.1137255, rcmdBrt=NaN, preBrt=NaN, lux=0.0, preLux=0.0, hbmMax=1.0, hbmMode=off, rbcStrength=-1, thrmMax=1.0, powerFactor=0.9, wasShortTermModelActive=false, flags=low_power_mode , reason=last_target, autoBrightness=true, strategy=InvalidBrightnessStrategy, autoBrightnessMode=default
11-30 13:40:52.941  2103  2103 I sensors-hal: activate:270, auto_rotation: 0, type 2
11-30 13:40:52.941  2103  2103 I sensors-hal: acquire_ssc_interface:114, acquire_ssc_interface with sensor_id 8 , conn_type 0 
11-30 13:40:52.941  2103  2103 I sensors-hal: acquire_ssc_interface:120, returning _shared_instance[SHARED_ON_CHANGE_NO_WAKEUP].conn - non-wakeup
11-30 13:40:52.941  2103  2103 I sensors-hal: acquire_shared_instance:148, re-use existing connection for type 0 
11-30 13:40:52.941  2103  2103 I sensors-hal: register_cb:305, register_cb start this=0xb40000795eeeca00x
11-30 13:40:52.941  3014  4196 I SemDvfsHyPerManager: acquire hyper - GFACE_SERVICE/3014@719, type = -999
11-30 13:40:52.941  2103  2103 I sensors-hal: register_cb:321, register_cb End with succes
11-30 13:40:52.941  2103  2103 I sensors-hal: create_sensor_config_request:85, auto_rotation: type 2
11-30 13:40:52.941  2103  2103 I sensors-hal: send_sensor_config_request:658, dt=auto_rotation: convert sample_period=20000000 to batch_period=20000
11-30 13:40:52.941  2103  2103 I sensors-hal: send_sync_sensor_request:521, send sync request
11-30 13:40:52.941  2103  2103 I sensors-hal: send_sync_sensor_request:531, send_sync_sensor_request before send_request for auto_rotation with SUID low=8603657889541918976 high=1320970896291267344
11-30 13:40:52.941  2103  2103 I sensors-hal: send_request:330, send_request start this=0xb40000795eeeca00x 
11-30 13:40:52.941  3014 17449 D SemInputDeviceManager: setProperty: (100) CMD,NOTE_APP,0
11-30 13:40:52.942  3014  4196 I BiometricsBoosting: com.samsung.android.intent.action.BIOMETRIC_AUTHENTICATION_START
11-30 13:40:52.942  2112  2178 I HYPER-HAL: [RequestManager.cpp]acquire(): Acquired ID : 6970230  [3014 / 719]    HINT : BIOMETRICS_FACE_AUTH    list : 
11-30 13:40:52.942  2103  2103 I sensors-hal: send_request:415, send_request completed, this=0xb40000795eeeca00x
11-30 13:40:52.942  2103  2103 I sensors-hal: send_sync_sensor_request:552, wait for notification of response
11-30 13:40:52.942  3014 17448 I SemInputMotionHelper: setMotionControl: ALL: 12, client=com.samsung.android.hardware.secinputdev.SemInputDeviceManager, ret=-1
11-30 13:40:52.942  3014 17448 D SemInputDeviceManager: setProperty: (100) CMD,SIP,0
11-30 13:40:52.942  3014 17449 I SemInputCommandService: setPropertyAllTouch: NOTE_APP,0 retDefault=1 retExtra=-2
11-30 13:40:52.942  3014  3430 D DisplayPowerController2[0]: animateScreenStateChange: target=ON, mIsEnabled=true
11-30 13:40:52.942  3014 17449 D TspStateManager: wrote command: cmd=0, type=6
11-30 13:40:52.942  3014 17448 I SemInputCommandService: setPropertyAllTouch: SIP,0 retDefault=1 retExtra=-2
11-30 13:40:52.942  3014 17448 D TspStateManager: wrote command: cmd=0, type=5
11-30 13:40:52.942  3014  4196 I SemFace : setWakeLock
11-30 13:40:52.942  3014  3902 D SemInputDevice:TSP: SetPropertyTask: CMD,set_note_mode,0 [11-30 13:40:52.942]
11-30 13:40:52.942  4352  4370 I KeyguardService: onStartedWakingUp pmWakeReason=15 cameraGestureTriggered=false
11-30 13:40:52.942  3014  4196 W SemFace : SetRotation START
11-30 13:40:52.942  4352  4370 D KeyguardViewMediator: onStartedWakingUp, seq = 14259, mPowerGestureIntercepted = false
11-30 13:40:52.942  2106 13857 I SehSession: SehSession::setRotation
11-30 13:40:52.943  2106 13857 I sec_fr_FaceAIDLService: FaceAIDLService::setRotation (rotation=270)
11-30 13:40:52.943  2106 13857 I sec_fr_NativeFaceService: FaceService::setOrientation ori=270
11-30 13:40:52.943  2106 13857 I sec_fr_NativeFaceService: not enroll mode : 0x1
11-30 13:40:52.943  2167  2167 E ANDR-PERF-MPCTL: ANDR-PERF-MPCTL: internal_perf_lock_acq_verification() 385: Perflock Submit request limit reached.
11-30 13:40:52.943  3014  3430 D AutomaticBrightnessController: setLightSensorEnabled: true
11-30 13:40:52.943  4352  4370 D KeyguardViewMediator: notifyStartedWakingUp
11-30 13:40:52.943  3014  3014 D PowerManagerNotifier: handleEarlyInteractiveChange: groupId=0 reason=15
11-30 13:40:52.943  3014  6870 I DreamManagerService: Leaving dreamland.
11-30 13:40:52.943  2103  6770 I sensors-hal: ssc_conn_resp_cb:941, resp_value = 0 for auto_rotation 
11-30 13:40:52.943  3014 17451 D SemInputDeviceManager: setProperty: (0) CMD,GRIP_DATA,2,0
11-30 13:40:52.943  2103  6770 I sensors-hal: handle_resp_cb:517, handle_resp_cb Ended this=0xb40000795eeeca00x
11-30 13:40:52.943  3014  6870 D PowerManagerService: [api] release WakeLock DOZE_WAKE_LOCK                    'dream:doze' ACQ=-42s412ms (uid=1000 pid=3014 displayId=-1 lock=f93b2e0)
11-30 13:40:52.943  3014 17451 D TspStateManager: wrote command: cmd=2,0, type=4
11-30 13:40:52.943  2103  2103 I sensors-hal: send_sync_sensor_request:558, takes 1 ms to receive the response with 0
11-30 13:40:52.943  2103  2103 I sensors-hal: activate:303, android.sensor.device_orientation/271 en=1 completed
11-30 13:40:52.943  2179  2179 I sysinput:Touch: writeInformation:249, OK
11-30 13:40:52.943  3014  3306 D SensorManager: registerListener :: 271, auto_rotation Screen Orientation Sensor Non-wakeup, 20000, 0, com.android.server.wm.WindowOrientationListener$OrientationSensorJudge@d04ad89
11-30 13:40:52.944  2167  2167 E ANDR-PERF-MPCTL: ANDR-PERF-MPCTL: internal_perf_lock_acq_verification() 385: Perflock Submit request limit reached.
11-30 13:40:52.944  3014  3304 I DreamController: Stopping dream: name=ComponentInfo{com.android.systemui/com.android.systemui.doze.DozeService}, isPreviewMode=false, canDoze=true, userId=0, reason='finished self'(from 'power manager request')
11-30 13:40:52.944  4352  4352 D KeyguardViewMediator: handleMessage 14
11-30 13:40:52.944  4352  4352 D KeyguardViewMediator: handleNotifyWakingUp
11-30 13:40:52.944  3014  3014 I ActivityManager: Killing 14618:com.samsung.android.lool/1000 (adj 985): empty #33
11-30 13:40:52.944  4352  4352 D KeyguardViewMediator: KeyguardViewMediator queue processing message: NOTIFY_STARTED_WAKING_UP
11-30 13:40:52.944  4352  4352 D KeyguardViewMediator: setShowingLocked: notifyDefaultDisplayCallbacks=false showing=true aodShowing=false
11-30 13:40:52.946  3014  3308 V UsbDeviceManager: onKeyguardStateChanged: isShowing:true secure:true user:0
11-30 13:40:52.946  3014  3014 W ProcessStats: Tracking association SourceState{67985f3 com.android.bluetooth/1002 ImpFg #8575134} whose proc state 5 is better than process ProcessState{6e0d70a com.samsung.android.mcfserver/10107 pkg=com.samsung.android.mcfserver} proc state 8 (1 skipped)
11-30 13:40:52.946  3014  3014 D PowerManagerNotifier: handleEarlyGlobalInteractiveChange reason = 15
11-30 13:40:52.947  3014  3902 D SysinputHAL_V1_3(V1_2): runTspCmdNoRead(TSP(1)): set_note_mode,0 ret=0
11-30 13:40:52.947  3014  3902 D SemInputDevice:TSP: SetPropertyTask: CMD,set_sip_mode,0 [11-30 13:40:52.942]
11-30 13:40:52.947  4352  4352 I KeyguardViewMediator: setLockScreenShown true false
11-30 13:40:52.948  4352  4352 D KeyguardFingerprint: shouldListenForFingerprint ( isFingerprintEnabled = true , mKeyguardIsVisible = true , mDeviceInteractive = true , mPrimaryBouncerIsOrWillBeShowing = false , mPrimaryBouncerFullyShown = false , mGoingToSleep = false , mSwitchingUser = false , mIsDreamingForBiometrics = false , mKeyguardUnlocking = false , mKeyguardGoingAway = false , mKeyguardShowing = true , mKeyguardOccluded = false , mSystemReady = true , mHasFocus = true
11-30 13:40:52.947  2592  2592 I CameraService: onUidStateChanged: uid=10041, procState is changed. (0 -> 1)
11-30 13:40:52.948  4352  4352 D KeyguardFingerprint: updateFingerprintListeningState#mFingerprintRunningState=1 shouldListenForFingerprint=true isUdfpsEnrolled=false bioType : 257
11-30 13:40:52.948  4352  4352 D KeyguardFingerprint: mFpInDisplayState is changed : 1 -> 0
11-30 13:40:52.948  2179  2179 I sysinput:Touch: writeInformation:249, OK
11-30 13:40:52.948  3014  6871 I FingerprintService.Ext: setScreenStatusFromKeyguard: true
11-30 13:40:52.948  3014  6871 D FingerprintService.Ext: unregisterAodController: 4352
11-30 13:40:52.948 15583 15583 I BSS_SysUiManager: handleMessage = 7, 115, 1
11-30 13:40:52.948  3014  3014 I MdnieScenarioControlService: action  :  com.samsung.server.PowerManagerService.action.USER_ACTIVITY
11-30 13:40:52.948 15583 15583 I BSS_DisplayStateManager: handleDisplayStateChanged: DOZE_SUSPEND -> ON
11-30 13:40:52.949  2704  2704 I vendor.samsung.hardware.biometrics.fingerprint-service: Engine::SehRequest 0 34
11-30 13:40:52.949  2704  2704 I vendor.samsung.hardware.biometrics.fingerprint-service: BAuthServiceWrapper::SehRequest() cmd_id : 34
11-30 13:40:52.949  4352  4513 D KeyguardViewMediator: updateSALogging 15
11-30 13:40:52.949  4352  4513 D SystemUIAnalytics: sendEventLog LSE1062, SID_KEYGUARD_NORMAL, EID_SHOW_LOCKSCREEN, 5
11-30 13:40:52.949  4352  4513 D SamsungAnalytics605073: sendLog
11-30 13:40:52.949  3014  6870 D FingerprintService.Ext: handleBioSysUiRequest: 6, 0, 0, null
11-30 13:40:52.950  2704  2704 I bauth_service: req(34)
11-30 13:40:52.950  2704  2704 I bauth_service: request() REQUEST_FORCE_QDB START
11-30 13:40:52.950  2704  2704 I vendor.samsung.hardware.biometrics.fingerprint-service: fqt
11-30 13:40:52.950  2704  2704 I vendor.samsung.hardware.biometrics.fingerprint-service: sfqdbtz
11-30 13:40:52.950  2704  2704 I QcSensorControl: BAuthDeviceSpiCtrl
11-30 13:40:52.950  2704  2704 I qfp-vendorlib: QFPControl_DeviceSpiCtrl 1
11-30 13:40:52.950  2704  2704 I QcSensorControl: scc 1
11-30 13:40:52.950  2704  2704 I bauth_TLC_Communicator: Call FP cmd 0xc (101)
11-30 13:40:52.950  2704  2704 I bauth_TLC_Communicator: Check Input Data Param buf addr =      0x0 , length = 0
11-30 13:40:52.950  2704  2704 E QSEECOMPAT: invalid fd:0
11-30 13:40:52.950  2704  2704 E QSEECOMPAT: invalid fd:0
11-30 13:40:52.950  7279  7279 D SYS_EVENT: [qc debug] send event 16 notification to client
11-30 13:40:52.950  7279  7279 D SYS_EVENT_AIDL: send event 16 notification to client
11-30 13:40:52.951 24628 24628 I SystemBroadcastObserver: (REDACTED) onReceive:%s
11-30 13:40:52.951  2167  2167 E ANDR-PERF-MPCTL: ANDR-PERF-MPCTL: internal_perf_lock_acq_verification() 385: Perflock Submit request limit reached.
11-30 13:40:52.951  4352  4352 D KeyguardFingerprint: shouldListenForFingerprint ( isFingerprintEnabled = true , mKeyguardIsVisible = true , mDeviceInteractive = true , mPrimaryBouncerIsOrWillBeShowing = false , mPrimaryBouncerFullyShown = false , mGoingToSleep = false , mSwitchingUser = false , mIsDreamingForBiometrics = false , mKeyguardUnlocking = false , mKeyguardGoingAway = false , mKeyguardShowing = true , mKeyguardOccluded = false , mSystemReady = true , mHasFocus = true
11-30 13:40:52.952  4352  4352 D KeyguardFingerprint: updateFingerprintListeningState#mFingerprintRunningState=1 shouldListenForFingerprint=true isUdfpsEnrolled=false bioType : 257
11-30 13:40:52.953  5159  5522 I EventReceiver_FLP: BroadcastReceiver : ACTION_SCREEN_ON
11-30 13:40:52.953 24628 24628 E IntentOperation: No such module intent operation: com.google.android.gms.kids.operations.KidsSystemIntentOperation for action: android.intent.action.DREAMING_STOPPED
11-30 13:40:52.953 24628 24628 E IntentOperation: No such module intent operation: com.google.android.gms.kids.features.appusage.AppUsageLimitCheckingIntentOperation for action: android.intent.action.DREAMING_STOPPED
11-30 13:40:52.953  5159  5522 I EventReceiver_FLP: BroadcastReceiver finished
11-30 13:40:52.953 15583 15583 I SemWallpaperColorsArea: Final area : Rect(67, 19 - 1012, 73)
11-30 13:40:52.954  5159  5277 I SettingManager_FLP: LocationPowerSave is changed to false by screen state
11-30 13:40:52.954  3014  3902 D SysinputHAL_V1_3(V1_2): runTspCmdNoRead(TSP(1)): set_sip_mode,0 ret=0
11-30 13:40:52.954 15583 15583 I SemWallpaperColorsArea: Final area : Rect(112, 466 - 967, 756)
11-30 13:40:52.954  3014  3902 D SemInputDevice:TSP: SetPropertyTask: CMD,set_grip_data,2,0 [11-30 13:40:52.943]
11-30 13:40:52.954 15583 15583 I SemWallpaperColorsArea: Final area : Rect(112, 1274 - 967, 1330)
11-30 13:40:52.954 15583 15583 I SemWallpaperColorsArea: Final area : Rect(112, 1358 - 967, 1828)
11-30 13:40:52.954 15583 15583 I SemWallpaperColorsArea: Final area : Rect(112, 2092 - 967, 2255)
11-30 13:40:52.954 15583 15583 I SemWallpaperColorsArea: Final area : Rect(0, 0 - 1080, 2340)
11-30 13:40:52.954 15583 15583 I BSS_UdfpsKeyguardSensorWindow: animationType : 0
11-30 13:40:52.954 15583 15583 I BSS_UdfpsSensorWindow: setVisibility: [0]
11-30 13:40:52.954  2179  2179 I sysinput:Touch: writeInformation:249, OK
11-30 13:40:52.954  3014  3902 D SysinputHAL_V1_3(V1_2): runTspCmdNoRead(TSP(1)): set_grip_data,2,0 ret=0
11-30 13:40:52.956  3014  4196 W SemFace : SetRotation FINISH (14ms) RESULT: 0
11-30 13:40:52.956  3014  4196 I SemFace : startOperation E
11-30 13:40:52.956  3014  4196 W FaceAuthenticationClient: authenticate START
11-30 13:40:52.956  3014  4196 I SemFace : authenticate BILG 
11-30 13:40:52.956  3014  4196 I SemFace : mode=0x100
11-30 13:40:52.956  2106 13857 I SehSession: SehSession::authenticateExtension
11-30 13:40:52.956  2106 13857 I sec_fr_FaceAIDLService: FaceAIDLService::authenticateExtension
11-30 13:40:52.956  2106 13857 I sec_fr_NativeFaceService: FaceService::authenticate - mState(0x7) mServiceMode(1) challenge.size=0
11-30 13:40:52.956  2106 13857 I sec_fr_NativeFaceService: initAuthenticate challenge size=0
11-30 13:40:52.956  2106 13857 I sec_fr_FaceVendorTag: FaceVendorTag::generateMsg infoType=0
11-30 13:40:52.956  2106 13857 I sec_fr_FaceVendorTag: ID(0), Size(2), pos(5)
11-30 13:40:52.956  2106 13857 I sec_fr_FaceVendorTag: generateScreenFlash mMsgPos(5)
11-30 13:40:52.956  2106 13857 I sec_fr_FaceVendorTag: getData id(1) type(0)
11-30 13:40:52.956  2106 13857 I sec_fr_FaceVendorTag: getData id(1)(0)
11-30 13:40:52.956  2106 13857 I sec_fr_FaceVendorTag: ID(1), Size(2), pos(8)
11-30 13:40:52.956  2106 13857 I sec_fr_FaceVendorTag: generateEXPGainRange - camCnt(1), pos(8)
11-30 13:40:52.956  2106 13857 I sec_fr_Config: getCameraInfo - mCameraInfo.size()=1
11-30 13:40:52.956  2106 13857 I sec_fr_FaceVendorTag: ID(3), Size(2), pos(35)
11-30 13:40:52.956  2106 13857 I sec_fr_FaceVendorTag: generateAuthMode - pos(35)
11-30 13:40:52.956  2106 13857 I sec_fr_FaceVendorTag: addHeader - total size(38)
11-30 13:40:52.956  2106 13857 I sec_fr_FaceVendorTag: data resize=38 pos=38
11-30 13:40:52.956  2106  7020 I sec_fr_NativeFaceService: setTargetState cmdMod(3) toState(0xf)
11-30 13:40:52.956  2106  7020 I sec_fr_NativeFaceService: executionByStep[0] - state(0x2) mState(1) toState(15)
11-30 13:40:52.956  2106  7020 I sec_fr_NativeFaceService: createComponent- mCmdMode(3)
11-30 13:40:52.956  2106 13857 I FaceServiceStorage: readDataFileAt : file size = 230
11-30 13:40:52.957  2106  7020 I sec_fr_FaceRecognizer: FaceRecognizer is created
11-30 13:40:52.957  2106  7020 I sec_fr_FaceRecognizer: initAcquireEventMap
11-30 13:40:52.952  4352  4352 D KeyguardFace: shouldListenForFace ( isFaceDefaultCondition = true , isKeyguardVisible = true , isDeviceInteractive = true , mPrimaryBouncerFullyShown = false , isSwitchingUser = false , mIsDreamingForBiometrics = false , isGoingToSleep = false , isKeyguardGoingAway = false , mKeyguardUnlocking = false , isEarlyWakeUp = false , mIsScreenSaverRunning = false , mSystemReady = true , getUserUnlockedWithBiometric = false , isKeyguardShowing = true , isKeyguardOccluded = false , mHasFocus = true)
11-30 13:40:52.957  2106  7020 I sec_fr_FaceWorkerManager: FaceWorkerManager is created
11-30 13:40:52.959  4352  4352 D KeyguardFace: Can't start startListeningForFace(), mFaceRunningState = 1
11-30 13:40:52.959  4352  4352 D BiometricUnlockCtrl: update biometric toast = true
11-30 13:40:52.959  2103  2103 I sensors-hal: set_config:65, no need to adjust sample_period_ns due to reporting_mode = 2
11-30 13:40:52.959  2103  2103 I sensors-hal: batch:369, com.samsung.sensor.auto_brightness/1651, period=50000000, max_latency=0 request completed
11-30 13:40:52.959  4352  4352 I WindowManager: WindowManagerGlobal#removeView, ty=2228, view=com.android.keyguard.biometrics.KeyguardBiometricToastView{7564b0b G.E...... ......ID 0,0-912,193}, caller=android.view.WindowManagerGlobal.removeView:626 android.view.WindowManagerImpl.removeView:211 com.android.systemui.statusbar.phone.BiometricUnlockController.updateBackgroundAuthToast:97 
11-30 13:40:52.959  2106 13857 I FaceServiceStorage: checkMetadata : metadata version(3) metadataSize(0x356444d)
11-30 13:40:52.959  3014  4098 D MotionRecognitionService: [SAR] set setTransmitPowerExt(Tuner) value : 8589934592 : false
11-30 13:40:52.959  3014  4098 I MotionRecognitionService: [SAR] tunerGrip is 8589934592, state : false
11-30 13:40:52.959  2106 13857 I FaceServiceStorage: readDataFileAt : file size = 230
11-30 13:40:52.959  3014  4098 I MotionRecognitionService: [SAR] ISG6320 Grip sensorsetTunerGrip 17179869184 , state: false
11-30 13:40:52.959  2106 13857 I FaceServiceStorage: readDataFileAt : file size = 230
11-30 13:40:52.959  2106 13857 I FaceServiceStorage: readDataFile : file size = 230
11-30 13:40:52.959  2106 13857 I FaceServiceStorage: sid file length = 230
11-30 13:40:52.959  2106 13857 I sec_fr_NativeFaceService: initAuthenticate sid file length = 230
11-30 13:40:52.959  2106 13857 I sec_fr_NativeFaceService: sendTemplate : faceIds size = 1
11-30 13:40:52.959  2106 13857 I sec_fr_FaceEngine: initTemplate
11-30 13:40:52.959  2106 13857 I sec_fr_QSeeInterfaceQSEECom: getSharedBuffer req_len =1216, rsp_len = 64, dbg_size = 576
11-30 13:40:52.959  2106 13857 I sec_fr_QSeeInterfaceQSEECom: call sendCommand for initTemplate
11-30 13:40:52.960  3014  4098 D MotionRecognitionService: [SAR] set setTransmitPowerExt(Tuner) value : 17179869184 : false
11-30 13:40:52.960  3014  4098 I MotionRecognitionService: [SAR] tunerGrip is 17179869184, state : false
11-30 13:40:52.963  4352  4370 I KeyguardService: onDreamingStopped
11-30 13:40:52.963  2103  2103 I sensors-hal: activate:285, com.samsung.sensor.auto_brightness/1651 en=1
11-30 13:40:52.963  2103  2103 I sensors-hal: acquire_ssc_interface:114, acquire_ssc_interface with sensor_id 31 , conn_type 3 
11-30 13:40:52.964  4352  4352 E ThemeUtils: View class com.airbnb.lottie.LottieAnimationView is an AppCompat widget that can only be used with a Theme.AppCompat theme (or descendant).
11-30 13:40:52.964  4352  4352 I WindowManager: WindowManagerGlobal#addView, ty=2228, view=com.android.keyguard.biometrics.KeyguardBiometricToastView{690e228 G.E...... ......I. 0,0-0,0}, caller=android.view.WindowManagerImpl.addView:158 com.android.systemui.statusbar.phone.BiometricUnlockController.updateBackgroundAuthToast:127 com.android.systemui.statusbar.phone.BiometricUnlockController.updateBackgroundAuthToastForBiometrics:59 
11-30 13:40:52.964  4598  6139 I EPDG -- SIM0 [EpdgIntentReceiver:Main]: received: android.intent.action.SCREEN_ON
11-30 13:40:52.964  4598  6139 I EPDG -- SIM0 [EpdgIntentReceiver:Main]: complete: android.intent.action.SCREEN_ON
11-30 13:40:52.965  4598  6139 I EPDG -- SIM0 [EpdgHandler]: Event received: SCREEN_ON cid - 0
11-30 13:40:52.965  4598  6139 I EPDG -- SIM0 [SMARTWIFI]: isProfiling, hash=238032997, started=false
11-30 13:40:52.965  4352  4352 I ViewRootImpl: dVRR is disabled
11-30 13:40:52.965  3014  3877 D SEP_UNION_SemDeviceInfoManagerService: onReceive : android.intent.action.DREAMING_STOPPED, userId = -10000 
11-30 13:40:52.965  2075  2140 E minksocket: MinkIPC_QRTR_Service: client with node 1 port 5a01 went down
11-30 13:40:52.966  4352  4485 D NativeCustomFrequencyManager: [NativeCFMS] BpCustomFrequencyManager::BpCustomFrequencyManager()
11-30 13:40:52.966  3014  3877 D ActivityManager: Received BROADCAST intent 0x489a392 Key{broadcastIntent pkg=com.sec.android.app.launcher intent=act=android.intent.action.DREAMING_STOPPED cmp=com.sec.android.app.launcher/com.samsung.app.honeyspace.edge.edgepanel.data.repository.visibility.ScreenStateBrReceiver flags=0x2000000 u=-1} requestCode=0 sent=0 from uid 1000
11-30 13:40:52.966  3014  3877 D SEP_UNION_SemDeviceInfoManagerService: Send intent android.intent.action.DREAMING_STOPPED, userId: 0 by broadcast 
11-30 13:40:52.966  2075  2138 E minksocket: MinkIPC_QRTR_Service: client with node 1 port 5a01 went down
11-30 13:40:52.966  2075  2138 E minksocket: MinkIPC_QRTR_Service: client with node 1 port 5a02 went down
11-30 13:40:52.966  2075  2140 E minksocket: MinkIPC_QRTR_Service: client with node 1 port 5a02 went down
11-30 13:40:52.967  2075  2138 E minksocket: MinkIPC_QRTR_Service: client with node 1 port 5a03 went down
11-30 13:40:52.967  2075  2140 E minksocket: MinkIPC_QRTR_Service: client with node 1 port 5a03 went down
11-30 13:40:52.967  2103  2103 I sensors-hal: ssc_qmi:36, ssc_qmi
11-30 13:40:52.967  2103  2103 I sensors-hal: register_cb:305, register_cb start this=0xb40000795ee2ac00x
11-30 13:40:52.967  2103  2103 I sensors-hal: register_cb:321, register_cb End with succes
11-30 13:40:52.967  2103  2103 I sensors-hal: send_sensor_config_request:658, dt=auto_brightness: convert sample_period=50000000 to batch_period=50000
11-30 13:40:52.967  2103  2103 I sensors-hal: send_sync_sensor_request:521, send sync request
11-30 13:40:52.967  2103  2103 I sensors-hal: send_sync_sensor_request:531, send_sync_sensor_request before send_request for auto_brightness with SUID low=3046173514946711665 high=5014174250255215254
11-30 13:40:52.967  2103  2103 I sensors-hal: send_request:330, send_request start this=0xb40000795ee2ac00x 
11-30 13:40:52.967  2103  2103 I sensors-hal: send_request:415, send_request completed, this=0xb40000795ee2ac00x
11-30 13:40:52.967  2103  2103 I sensors-hal: send_sync_sensor_request:552, wait for notification of response
11-30 13:40:52.968  2075  2140 E minksocket: MinkIPC_QRTR_Service: client with node 1 port 5a04 went down
11-30 13:40:52.968  2075  2138 E minksocket: MinkIPC_QRTR_Service: client with node 1 port 5a04 went down
11-30 13:40:52.968  2213  2286 I SurfaceFlinger: id=724878 createSurf, flag=84004, WindowToken{4830a39 type=2228 android.os.BinderProxy@fbe0200}#724878
11-30 13:40:52.968  4816  4816 I HoneySpace.EdgePanel.ScreenStateBrReceiver: android.intent.action.DREAMING_STOPPED
11-30 13:40:52.968  4816  4816 I HoneySpace.EdgePanel.ScreenStateObserver: sendScreenStateChanged android.intent.action.DREAMING_STOPPED null
11-30 13:40:52.968  2106  7020 I sec_fr_NativeFaceService: executionByStep - Continue : i(0) size(3)
11-30 13:40:52.968  2106  7020 I sec_fr_NativeFaceService: executionByStep[1] - state(0x4) mState(3) toState(15)
11-30 13:40:52.969  2103 17455 I sensors-hal: ssc_conn_resp_cb:941, resp_value = 0 for auto_brightness 
11-30 13:40:52.969  2106  7020 I sec_fr_FaceCameraController: FaceCameraController::FaceCameraController()
11-30 13:40:52.969  2106  7020 I sec_fr_FaceCameraController: FaceCameraController::init()
11-30 13:40:52.969  2106  7020 I sec_fr_FaceCameraController: S FaceCameraController::createTimers
11-30 13:40:52.969  2106  7020 I sec_fr_FaceTimer: FaceCameraController.OpenDelayedCamera : FaceTimer
11-30 13:40:52.969  2103 17455 I sensors-hal: handle_resp_cb:517, handle_resp_cb Ended this=0xb40000795ee2ac00x
11-30 13:40:52.969  2106  7020 I sec_fr_FaceTimer: FaceCameraController.OpenDelayedCamera : init
11-30 13:40:52.969  2106  7020 I sec_fr_FaceTimer: stop_l : mId (0)
11-30 13:40:52.969  2106  7020 I sec_fr_FaceTimer: FaceCameraController.PrintDelayLog : FaceTimer
11-30 13:40:52.969  2106  7020 I sec_fr_FaceTimer: FaceCameraController.PrintDelayLog : init
11-30 13:40:52.969  2106  7020 I sec_fr_FaceTimer: stop_l : mId (0)
11-30 13:40:52.969  2106  7020 I sec_fr_Config: getCameraInfo - mCameraInfo.size()=1
11-30 13:40:52.969  2103  2103 I sensors-hal: send_sync_sensor_request:558, takes 1 ms to receive the response with 0
11-30 13:40:52.969  2103  2103 I sensors-hal: activate:276, [SSC_LIGHT] auto_brightness activate
11-30 13:40:52.969  2103  2103 I sensors-hal: activate:303, com.samsung.sensor.auto_brightness/1651 en=1 completed
11-30 13:40:52.969  4352  6016 D SamsungAnalytics605073: SendLog Result = 0
11-30 13:40:52.969  3014  6869 D InputTransport: Input channel constructed: '9fee87e', fd=1131
11-30 13:40:52.969  3014  6869 D InputTransport: Input channel constructed: '9fee87e', fd=1136
11-30 13:40:52.969  3014  3430 D SensorManager: registerListener :: 1651, STK33911 Auto Brightness Light  Non-wakeup, 50000, 0, com.android.server.display.AutomaticBrightnessController$4@fbc4c78
11-30 13:40:52.969  3014  6869 D InputTransport: Input channel constructed: '9fee87e', fd=1144
11-30 13:40:52.969  3014  3430 D AdaptiveBrightnessLongtermModelBuilder: notifyBrightnessChanged(brightness=30,561001, userInitiated=false)
11-30 13:40:52.969  3014  3430 I DisplayPowerController2[0]: BrightnessEvent: disp=0, physDisp=local:4630947118961383299, displayState=ON, displayPolicy=BRIGHT, brt=0.1137255, initBrt=0.1137255, rcmdBrt=NaN, preBrt=NaN, lux=NaN, preLux=NaN, hbmMax=1.0, hbmMode=off, rbcStrength=-1, thrmMax=1.0, powerFactor=0.9, wasShortTermModelActive=false, flags=invalid_lux low_power_mode , reason=last_target, autoBrightness=true, strategy=InvalidBrightnessStrategy, autoBrightnessMode=default
11-30 13:40:52.969  2103  2103 I SensorsGrip: [grip_sensor] enable: GripSensor: enable handle = 11 en = 0
11-30 13:40:52.969  3014  3430 D PowerManagerService: [api] DreamReceiver: onReceive: android.intent.action.DREAMING_STOPPED
11-30 13:40:52.969  2213  2579 I SurfaceFlinger: id=724879 createSurf, flag=84004, 9fee87e KeyguardBiometricToastView#724879
11-30 13:40:52.970  3014  3380 D BatteryExternalStatsWorker: update stats : screen-state (1)
11-30 13:40:52.970  3014  4268 D DisplayManagerService: !@display_state requestDisplayStateInternal: DOZE_SUSPEND -> ON displayId=0
11-30 13:40:52.970  3014  4268 D SemInputDeviceManagerService: setDisplayState[1] EARLY: DOZE_SUSPEND(4) -> ON(2)
11-30 13:40:52.970  2103  2103 E SensorsGrip: [grip_sensor] enable: mEnabled : 0, first_grip_event : 1
11-30 13:40:52.970  3014  4268 D LocalDisplayAdapter: notifyStateChangeStart: com.samsung.android.hardware.secinputdev.external.DisplayStateListenerWrapper$1@652679e took 0 ms
11-30 13:40:52.970  3014  3335 D AdaptiveBrightnessLongtermModelBuilder: handleBrightnessChanged: brightness: 30.561 userInitiated: false
11-30 13:40:52.970  3014  3335 D AdaptiveBrightnessLongtermModelBuilder: updateAdaptiveBrightnessStats: l:40.0 b:30.561 u: false
11-30 13:40:52.970  3014  4268 D LocalDisplayAdapter: notifyStateChangeStart: com.android.server.biometrics.SemBiometricDisplayStateMonitor@7f1c68d took 0 ms
11-30 13:40:52.970  3014  4268 D LocalDisplayAdapter: notifyStateChangeStart: com.android.server.display.mode.RefreshRateModeManager$1@8b3deb7 took 0 ms
11-30 13:40:52.970  3014  4268 W LocalDisplayAdapter: !@display_state - 8087 : DOZE_SUSPEND -> ON (MAIN)
11-30 13:40:52.970  3014  6869 D RestrictionPolicy: isScreenCaptureEnabled : ret=true userId=0
11-30 13:40:52.971  3014  3902 D SemInputDevice:TSP: ActivateTask: 2,0 [11-30 13:40:52.970]
11-30 13:40:52.971  2213  2213 D SurfaceFlinger: Setting power mode 2 on display 4630947118961383299
11-30 13:40:52.971  3014  3308 I DisplayDeviceRepository: Display device changed state: "Встроенный экран", ON
11-30 13:40:52.971  3014  6869 D InputTransport: Input channel destroyed: '9fee87e', fd=1144
11-30 13:40:52.971  2179  2179 I sysinput:Touch: activate:96, 2,0 OK
11-30 13:40:52.971  3014  3902 D SysinputHAL_V1_3(V1_2): setTspEnable(TSP(1)),2,true ret=0
11-30 13:40:52.971  3014  6871 V WindowManager: Relayout Window{44673c8 u0 FP Iconview}: viewVisibility=0 req=1080x2340 ty=2619 d0
11-30 13:40:52.971  2213  3994 I SurfaceFlinger: id=724880 createSurf, flag=44044, FP Iconview$_15583#724880
11-30 13:40:52.971  2592  2706 D CameraService: addListenerHelper: Add listener 0xb4000071122a8800, uid: 1000, pid: 2106
11-30 13:40:52.971  4816 12301 I HoneySpace.EdgePanel.ScreenStateObserver: screenTurnedOn : true true 1764502810577
11-30 13:40:52.971  4816 12301 I HoneySpace.EdgePanel.EdgeVisibilityRepository: updateKeyguardState: 0x0 true 0 true
11-30 13:40:52.971  4816 12301 I HoneySpace.EdgePanel.EdgeVisibilityRepository: updateState: 0x0
11-30 13:40:52.971  4352  4352 D InputTransport: Input channel constructed: '9fee87e', fd=737
11-30 13:40:52.971  2592  2706 D CameraService: addListenerHelper: CameraDeviceState for CameraManager
11-30 13:40:52.972  4352  4352 I InsetsController: onStateChanged: host=KeyguardBiometricToastView, from=android.view.ViewRootImpl.setView:1999, state=InsetsState: {mDisplayFrame=Rect(0, 0 - 1080, 2340), mDisplayCutout=DisplayCutout{insets=Rect(0, 74 - 0, 0) waterfall=Insets{left=0, top=0, right=0, bottom=0} boundingRect={Bounds=[Rect(0, 0 - 0, 0), Rect(514, 0 - 566, 74), Rect(0, 0 - 0, 0), Rect(0, 0 - 0, 0)]} cutoutPathParserInfo={CutoutPathParserInfo{displayWidth=1080 displayHeight=2340 physicalDisplayWidth=1080 physicalDisplayHeight=2340 density={2.8125} cutoutSpec={M 0,0 H -9.244444444444444‬ V 26.31111111111111 H 9.244444444444444‬ V 0 H 0 Z @dp} rotation={0} scale={1.0} physicalPixelDisplaySizeRatio={1.0}}} sideOverrides={}}, mRoundedCorners=RoundedCorners{[RoundedCorner{position=TopLeft, radius=101, center=Point(101, 101)}, RoundedCorner{position=TopRight, radius=101, center=Point(979, 101)}, RoundedCorner{position=BottomRight, radius=101, center=Point(979, 2239)}, RoundedCorner{position=BottomLeft, radius=101, center=Point(101, 2239)}]}  mRoundedCornerFrame=Rect(0, 0 - 0, 0), mPrivacyIndicatorBounds=PrivacyIndicatorBounds {static bounds=Rect(956, 0 - 1080, 74) rotation=0}, mDisplayShape=DisplayShape{ spec=-311912193 displayWidth=1080 displayHeight=2340 physicalPixelDisplaySizeRatio=1.0 rotation=0 offsetX=0 offsetY=0 scale=1.0}, mSources= { InsetsSource: {b8290005 mType=mandatorySystemGestures mFrame=[0,0][1080,108] mVisible=true mFlags= mSideHint=TOP mBoundingRects=null}, InsetsSource: {d83e0004 mType=systemGestures mFrame=[0,0][0,0] mVisible=true mFlags= mSideHint=NONE mBoundingRects=null}, InsetsSource: {d83e0005 mType=mandatorySystemGestures mFrame=[0,2205][1080,2340] mVisible=true mFlags= mSideHint=BOTTOM mBoundingRects=null}, InsetsSource: {d83e0024 mType=systemGestures mFrame=[0,0][0,0] mVisible=true mFlags= mSideHint=NONE mBoundingRects=null}, InsetsSource: {27 mType=displayCutout mFrame=[0,0][1080,74] mVisible=true mFlags= mSideHint=TOP mBoundingRects=null} }
11-30 13:40:52.972  3014  6871 D WindowManager: makeSurface duration=1 name=FP Iconview$_15583
11-30 13:40:52.972  4352  4352 I VRI[KeyguardBiometricToastView]@388ab41: synced displayState. AttachInfo displayState=4
11-30 13:40:52.972  3014  4098 D SensorManager: unregisterListener :: com.samsung.android.gesture.MotionRecognitionSAR$GripSensorWrapper$1@3cac632
11-30 13:40:52.972  3014  4098 I MotionRecognitionService: [SAR] ISG6320 Grip sensor disable channel 0 : 0 , channel 1 : 0
11-30 13:40:52.972  3014  4098 I MotionRecognitionService: [SAR]  id : 16 cmd :off  >> 
11-30 13:40:52.972  3014  4098 I MotionRecognitionService: [SAR] id : 18 cmd :off  << 
11-30 13:40:52.972  3014  4098 W MotionRecognitionService: DEFAULT
11-30 13:40:52.972  3014  4098 I MotionRecognitionService: [SAR]  id : 18 cmd :off  >> 
11-30 13:40:52.972  3014  4098 I MotionRecognitionService: [SAR] (-) mRequestedChannelList : 0
11-30 13:40:52.972  3014  4098 D MotionRecognitionService: [SAR] API_enableSARDevice << action = off deviceID = 360961 slot = 0 device_ext = 0
11-30 13:40:52.972  4352  4352 I VRI[KeyguardBiometricToastView]@388ab41: setView = com.android.keyguard.biometrics.KeyguardBiometricToastView@690e228 IsHRR=false TM=true
11-30 13:40:52.972  4352  4352 D PickupController: onStartedWakingUp() 
11-30 13:40:52.972  3014  3014 D [SS]BattUtils: [writeNode]path:/sys/class/power_supply/battery/lcd ,data:1
11-30 13:40:52.972  4352  4352 I DymLock|DynamicLockManager: onStartedWakingUp : dls_state = 2
11-30 13:40:52.972  3014  4077 I SemBiometricDisplayStateMonitor: DisplayStateListener#onStart : 2, 2
11-30 13:40:52.973  3014  3902 D SemInputDevice:TSP: SetPropertyTask: CMD,fod_enable,1,1,0,0 [11-30 13:40:52.972]
11-30 13:40:52.973  3014  4077 I SemInputCommandService: setPropertyAllTouch: FOD,1,1,0,0 retDefault=1 retExtra=-2
11-30 13:40:52.973  3014  4077 I FingerprintService: setTspMode: [2] done
11-30 13:40:52.973  3014  3014 D ActivityManager: Received BROADCAST intent 0xce3316b Key{broadcastIntent pkg=android intent=act=FIRST_ALARM_TRIGGER_ACTION flg=0x40000000 pkg=android flags=0x4000000 u=0} requestCode=0 sent=0 from uid 1000
11-30 13:40:52.974  2165  2507 I SDM     : HWCDisplay::SetPowerMode: display = 0, mode = On
11-30 13:40:52.975  3014  3308 I InputManager-JNI: Viewport [0] to add: local:4630947118961383299, isActive: true
11-30 13:40:52.975  3014  3308 D InputManager-JNI: Viewport [0] type:1, displayId=0, uniqueId=local:4630947118961383299, orientation=0, logicalFrame=[0, 0][1080, 2340], physicalFrame=[0, 0][1080, 2340], deviceSize=[1080, 2340]
11-30 13:40:52.975  3014  3038 D WifiDisplayAdapter: getWifiDisplayStatusLocked: result=WifiDisplayStatus{featureState=1, scanState=0, activeDisplayState=0, activeDisplay=null, displays=[], sessionInfo=WifiDisplaySessionInfo:
11-30 13:40:52.975  3014  3038 D WifiDisplayAdapter:     Client/Owner: Client
11-30 13:40:52.975  3014  3038 D WifiDisplayAdapter:     GroupId: 
11-30 13:40:52.975  3014  3038 D WifiDisplayAdapter:     Passphrase: 
11-30 13:40:52.975  3014  3038 D WifiDisplayAdapter:     SessionId: 0
11-30 13:40:52.975  3014  3038 D WifiDisplayAdapter:     IP Address: }
11-30 13:40:52.975  2165  2507 I SDM     : DisplayBase::SetDisplayState: Set state = 1, display 66-0, teardown = 0
11-30 13:40:52.975  4816  4816 I HoneySpace.EdgePanel.EdgeVisibilityRepository: updateStateAction: 0x100000 false false
11-30 13:40:52.975  4816  4816 I HoneySpace.EdgePanel.EdgeVisibilityRepository: updateState: 0x0
11-30 13:40:52.975  4816  4816 I HoneySpace.EdgePanel.EdgeVisibilityRepository: updateKeyguardState: 0x2 true 0 false
11-30 13:40:52.975  4816  4816 I HoneySpace.EdgePanel.EdgeVisibilityRepository: updateState: 0x2
11-30 13:40:52.975  2165  2507 I SDM     : HWDeviceDRM::NullCommit: Null commit succeeded crtc=174
11-30 13:40:52.975  4816  4816 I HoneySpace.EdgePanel.EdgeVisibilityRepository: getComputedTrayVisible : keyguardState = 2
11-30 13:40:52.975  4816  4816 I HoneySpace.EdgePanel.EdgeVisibilityRepository: updateTrayVisible: State = 0x2 , visible = true , current containerState = 4 , specificMode = 0
11-30 13:40:52.975  4816  4816 I HoneySpace.EdgePanel.EdgeContainerViewModel: containerState current 4 new 0
11-30 13:40:52.975  2165  2507 I SDM     : DisplayBase::WaitForCompletion: Wait for cached retire fence to be in steady state
11-30 13:40:52.975  4816  4816 I HoneySpace.EdgePanel.EdgePot: Container state 0
11-30 13:40:52.975  3014  6871 V WindowManager: Relayout hash=44673c8, pid=15583, syncId=-1: mAttrs={(0,0)(1080x2340) sim={adjust=pan} layoutInDisplayCutoutMode=always ty=2619 fmt=TRANSLUCENT surfaceInsets=Rect(6, 6 - 6, 6)
11-30 13:40:52.975  3014  6871 V WindowManager:   fl=1000018
11-30 13:40:52.975  3014  6871 V WindowManager:   pfl=30102050
11-30 13:40:52.975  3014  6871 V WindowManager:   bhv=1
11-30 13:40:52.975  3014  6871 V WindowManager:   frameRateBoostOnTouch=true
11-30 13:40:52.975  3014  6871 V WindowManager:   dvrrWindowFrameRateHint=true naviIconColor=0
11-30 13:40:52.975  3014  6871 V WindowManager:   sfl=60008
11-30 13:40:52.975  3014  6871 V WindowManager:   surfaceType=FP_ICON_VIEW}
11-30 13:40:52.976  4816  4816 I HoneySpace.EdgePanel.EdgeWindowController: updateHandleWindow: 311 299 true
11-30 13:40:52.976  2106  7020 I sec_fr_Config: getCameraIdList - mCameraIdList.size()=12
