11-30 13:40:53.016  4352  4352 I DigitalHorizontalTypoClockView_LOCK_SCREEN_9@981: 	[BODY_BOTTOM, Rect(112, 1358 - 967, 1828):0/fff2f2f2/2.6386902/0.49979535, 23.157894/0.3877551/0.5764706]
11-30 13:40:53.016  4352  4352 I DigitalHorizontalTypoClockView_LOCK_SCREEN_9@981: 	[NAVIBAR, Rect(112, 2092 - 967, 2255):0/ffeaeaea/2.675507/0.505548, 20.769232/0.3561644/0.28627452]
11-30 13:40:53.016  4352  4352 I DigitalHorizontalTypoClockView_LOCK_SCREEN_9@981: 	[BACKGROUND, Rect(0, 0 - 1080, 2340):0/ffededed/2.5682406/0.4887876, 22.32558/0.41747573/0.40392157]
11-30 13:40:53.016  4352  4352 I DigitalHorizontalTypoClockView_LOCK_SCREEN_9@981: setWallpaperColorItem: 0/fff0f0f0/2.5863109/0.4916111, 23.571428/0.42105263/0.52156866
11-30 13:40:53.016  4352  4352 I AdaptiveTextColorCalculator: calcTextColor:  Full: #FF8A654E [22,999998, 0,277778, 0,423529] / Area: #FF85634D [23,571424, 0,266667, 0,411765] (44,865941) / Adaptive: targetL 88,453590 adjustedAdaptiveColor: #FFF5D7DA [354,500000, 0,597778, 0,901672] / base: 68,000000 HSL Offset[0,000000, 0,320000 ,0,000000] took 0,005365 ms
11-30 13:40:53.016  4352  4352 I KeyguardClockProvider: updateClockColor: color = ClockPresetColorImpl(presetIndex=0)
11-30 13:40:53.016  4352  4352 I PaletteController: getPaletteItem = PALETTE_LOCK
11-30 13:40:53.016  4352  4352 I DigitalHorizontalTypoClockView_LOCK_SCREEN_9@981: updateBaseTargetPaletteItem: base=SOLID color : FFFAFAFA, target=SOLID color : FFCCCCCC
11-30 13:40:53.016  4352  4352 I DigitalHorizontalTypoClockView_LOCK_SCREEN_9@981: setPaletteIndex : index = 0, mIsWhiteWallpaper = false, PaletteItem = SOLID color : FFFAFAFA
11-30 13:40:53.016  4352  4352 I DigitalHorizontalTypoClockView_LOCK_SCREEN_9@981: updatePaletteItemTransition : paletteItem = SOLID color : FFFAFAFA, animation = false, dozeAmount = 0.0
11-30 13:40:53.016  4352  4352 W GraphicUtils: getTextEmpty : skipped with null text
11-30 13:40:53.016  4352  4352 W GraphicUtils: setLinearGradientTextColor : skipped with null text
11-30 13:40:53.016  4352  4352 I DigitalHorizontalTypoClockView_LOCK_SCREEN_9@981: updateShadowStyle: shadow : [ShadowStyle: shadowRadius = 5.625, shadowDx = 0.0, shadowDy = 0.0, shadowColor = 1A000000]
11-30 13:40:53.016  4352  4352 I ComplicationWidgetPluginController: clock color changed -328966 , #fffafafa 
11-30 13:40:53.016  4352  4352 D FaceWidgetClockPage_Full: updateClockSuspendState() reason = wakingup, suspend=true, pause=false, kv=true, wa=false, di=true, wu=false, aodDash=false
11-30 13:40:53.016  4352  4352 I DigitalHorizontalTypoClockView_LOCK_SCREEN_9@981: suspend : mSuspend = true, enable = true
11-30 13:40:53.016  4352  4352 D FaceWidgetClockPage_Full: updateClockColor() page state : DASHBOARD
11-30 13:40:53.016  4352  4352 I DigitalHorizontalHmsClockView_LOCK_SCREEN_8@268: setSemWallpaperColors: [version:22, which:2, adaptive dim:0.0/0, darkmode dim:0.15]
11-30 13:40:53.016  4352  4352 I DigitalHorizontalHmsClockView_LOCK_SCREEN_8@268: 	[SeedColors, [-7707314]]
11-30 13:40:53.016  4352  4352 I DigitalHorizontalHmsClockView_LOCK_SCREEN_8@268: 	[STATUSBAR, Rect(67, 19 - 1012, 73):0/ffffffff/1.0/0.1, 0.0/0.0/0.0]
11-30 13:40:53.016  4352  4352 I DigitalHorizontalHmsClockView_LOCK_SCREEN_8@268: 	[BODY_TOP, Rect(112, 466 - 967, 756):0/fff0f0f0/2.5863109/0.4916111, 23.571428/0.42105263/0.52156866]
11-30 13:40:53.016  4352  4352 I DigitalHorizontalHmsClockView_LOCK_SCREEN_8@268: 	[BODY_MID, Rect(112, 1274 - 967, 1330):0/ffffffff/1.0/0.1, 0.0/0.0/0.0]
11-30 13:40:53.016  4352  4352 I DigitalHorizontalHmsClockView_LOCK_SCREEN_8@268: 	[BODY_BOTTOM, Rect(112, 1358 - 967, 1828):0/fff2f2f2/2.6386902/0.49979535, 23.157894/0.3877551/0.5764706]
11-30 13:40:53.016  4352  4352 I DigitalHorizontalHmsClockView_LOCK_SCREEN_8@268: 	[NAVIBAR, Rect(112, 2092 - 967, 2255):0/ffeaeaea/2.675507/0.505548, 20.769232/0.3561644/0.28627452]
11-30 13:40:53.016  4352  4352 I DigitalHorizontalHmsClockView_LOCK_SCREEN_8@268: 	[BACKGROUND, Rect(0, 0 - 1080, 2340):0/ffededed/2.5682406/0.4887876, 22.32558/0.41747573/0.40392157]
11-30 13:40:53.016  4352  4352 I DigitalHorizontalHmsClockView_LOCK_SCREEN_8@268: setWallpaperColorItem: 0/fff0f0f0/2.5863109/0.4916111, 23.571428/0.42105263/0.52156866
11-30 13:40:53.016  4352  4352 I AdaptiveTextColorCalculator: calcTextColor:  Full: #FF8A654E [22,999998, 0,277778, 0,423529] / Area: #FF85634D [23,571424, 0,266667, 0,411765] (44,865941) / Adaptive: targetL 88,453590 adjustedAdaptiveColor: #FFF5D7DA [354,500000, 0,597778, 0,901672] / base: 68,000000 HSL Offset[0,000000, 0,320000 ,0,000000] took 0,005365 ms
11-30 13:40:53.016  4352  4352 I KeyguardClockProvider: updateClockColor() return - isMonoClock = true, shouldUseDefaultColor = false, isNotPaletteInHighContrastFont = false
11-30 13:40:53.016  4352  4352 D WallpaperManager: semGetWallpaperColors: which = 2
11-30 13:40:53.017  4352  4352 D SemWallpaperColorsArea: SemWallpaperColorsArea [1080, 2340] which: 6 rotation: 0 has Base: false
11-30 13:40:53.015  3014  3014 D SLocation: DeviceStatusNotifyManager - broadcastReceiver.onReceive start 4462021791
11-30 13:40:53.017  4352  4352 D SemWallpaperColorsArea: SemWallpaperColorsArea which = 6, mDensity : 2.8125, 1080x2340,384x832,26,48, 7
11-30 13:40:53.017  4352  4352 I SemWallpaperColorsArea: Final area : Rect(67, 19 - 1012, 73)
11-30 13:40:53.017  4352  4352 I SemWallpaperColorsArea: Final area : Rect(112, 466 - 967, 756)
11-30 13:40:53.017  4352  4352 I SemWallpaperColorsArea: Final area : Rect(112, 1274 - 967, 1330)
11-30 13:40:53.017  4352  4352 I SemWallpaperColorsArea: Final area : Rect(112, 1358 - 967, 1828)
11-30 13:40:53.017  4352  4352 I SemWallpaperColorsArea: Final area : Rect(112, 2092 - 967, 2255)
11-30 13:40:53.017  4352  4352 I SemWallpaperColorsArea: Final area : Rect(0, 0 - 1080, 2340)
11-30 13:40:53.017  4352  4352 I PaletteController: getPaletteItem = PALETTE_LOCK
11-30 13:40:53.017  3014  4099 I CAE     : showListenerList(ContextAwareService.java:334) - Listener : com.samsung.android.contextaware.manager.ContextAwareService$Listener@32585bc, Service : ACTIVITY_TRACKER_CURRENT_INFO(1)
11-30 13:40:53.017  4352  4352 I DigitalHorizontalHmsClockView_LOCK_SCREEN_8@268: updateBaseTargetPaletteItem: base=SOLID color : FFFAFAFA, target=SOLID color : FFCCCCCC
11-30 13:40:53.017  4352  4352 I DigitalHorizontalHmsClockView_LOCK_SCREEN_8@268: setPaletteIndex : index = 0, mIsWhiteWallpaper = false, PaletteItem = SOLID color : FFFAFAFA
11-30 13:40:53.017  4352  4352 I DigitalHorizontalHmsClockView_LOCK_SCREEN_8@268: updatePaletteItemTransition : paletteItem = SOLID color : FFFAFAFA, animation = false, dozeAmount = 0.0
11-30 13:40:53.017  3014  3014 D SLocation: DeviceStatusNotifyManager - broadcastReceiver.onReceive end 4462021793
11-30 13:40:53.017  4352  4352 I DigitalHorizontalHmsClockView_LOCK_SCREEN_8@268: updateShadowStyle: shadow : [ShadowStyle: shadowRadius = 5.625, shadowDx = 0.0, shadowDy = 0.0, shadowColor = 1A000000]
11-30 13:40:53.017  3014  4099 I CAE     : showListenerList(ContextAwareService.java:334) - Listener : com.samsung.android.contextaware.manager.ContextAwareService$Listener@32585bc, Service : ACTIVITY_TRACKER_BATCH(1)
11-30 13:40:53.017  4352  4352 D FaceWidgetClockPage_Full: updateClockSuspendState() reason = wakingup, suspend=true, pause=false, kv=true, wa=false, di=true, wu=false, aodDash=false
11-30 13:40:53.017  4352  4352 I DigitalHorizontalHmsClockView_LOCK_SCREEN_8@268: suspend : mSuspend = true, enable = true
11-30 13:40:53.017  4352  4352 D FaceWidgetClockPage_Full: updateClockColor() page state : DASHBOARD
11-30 13:40:53.017  3014  4099 I CAE     : showListenerList(ContextAwareService.java:334) - Listener : com.samsung.android.contextaware.manager.ContextAwareService$Listener@32585bc, Service : PEDOMETER(1)
11-30 13:40:53.017  4352  4352 I DigitalHorizontalHmsClockView_LOCK_SCREEN_8@268: setSemWallpaperColors: [version:22, which:2, adaptive dim:0.0/0, darkmode dim:0.15]
11-30 13:40:53.017  4352  4352 I DigitalHorizontalHmsClockView_LOCK_SCREEN_8@268: 	[SeedColors, [-7707314]]
11-30 13:40:53.017  4352  4352 I DigitalHorizontalHmsClockView_LOCK_SCREEN_8@268: 	[STATUSBAR, Rect(67, 19 - 1012, 73):0/ffffffff/1.0/0.1, 0.0/0.0/0.0]
11-30 13:40:53.017  4352  4352 I DigitalHorizontalHmsClockView_LOCK_SCREEN_8@268: 	[BODY_TOP, Rect(112, 466 - 967, 756):0/fff0f0f0/2.5863109/0.4916111, 23.571428/0.42105263/0.52156866]
11-30 13:40:53.017  4352  4352 I DigitalHorizontalHmsClockView_LOCK_SCREEN_8@268: 	[BODY_MID, Rect(112, 1274 - 967, 1330):0/ffffffff/1.0/0.1, 0.0/0.0/0.0]
11-30 13:40:53.017  4352  4352 I DigitalHorizontalHmsClockView_LOCK_SCREEN_8@268: 	[BODY_BOTTOM, Rect(112, 1358 - 967, 1828):0/fff2f2f2/2.6386902/0.49979535, 23.157894/0.3877551/0.5764706]
11-30 13:40:53.017  4352  4352 I DigitalHorizontalHmsClockView_LOCK_SCREEN_8@268: 	[NAVIBAR, Rect(112, 2092 - 967, 2255):0/ffeaeaea/2.675507/0.505548, 20.769232/0.3561644/0.28627452]
11-30 13:40:53.017  4352  4352 I DigitalHorizontalHmsClockView_LOCK_SCREEN_8@268: 	[BACKGROUND, Rect(0, 0 - 1080, 2340):0/ffededed/2.5682406/0.4887876, 22.32558/0.41747573/0.40392157]
11-30 13:40:53.017  3014  4099 W CAE     : registerCallback(ContextAwareService.java:209) - [regi 02] Mutex is unlocked for ACTIVITY_TRACKER
11-30 13:40:53.017  4352  4352 I DigitalHorizontalHmsClockView_LOCK_SCREEN_8@268: setWallpaperColorItem: 0/fff0f0f0/2.5863109/0.4916111, 23.571428/0.42105263/0.52156866
11-30 13:40:53.017  3014  4099 E SemContext.CaeProvider: setAttribute() : attribute is null!
11-30 13:40:53.017  3014  4099 D SemContextService: 	.registerCallback : 10, client= android
11-30 13:40:53.017  3014  4099 D SemContextService: unlock : registerCallback
11-30 13:40:53.017  3014  4099 D SemContextManager:   .registerListener : listener = com.samsung.android.gesture.PocketMotionManager@a609, service=Activity Tracker
11-30 13:40:53.017  3014  4099 E PocketMotionManager: register activity tracker
11-30 13:40:53.017  4352  4352 I AdaptiveTextColorCalculator: calcTextColor:  Full: #FF8A654E [22,999998, 0,277778, 0,423529] / Area: #FF85634D [23,571424, 0,266667, 0,411765] (44,865941) / Adaptive: targetL 88,453590 adjustedAdaptiveColor: #FFF5D7DA [354,500000, 0,597778, 0,901672] / base: 68,000000 HSL Offset[0,000000, 0,320000 ,0,000000] took 0,005260 ms
11-30 13:40:53.017  3014  4099 D PocketProximityManager: setStateOut()
11-30 13:40:53.017  3014  4099 D PocketModeEvent: register prox type : 3
11-30 13:40:53.017  4352  4352 D WallpaperManager: semGetWallpaperColors: which = 2
11-30 13:40:53.017  4352  4352 D SemWallpaperColorsArea: SemWallpaperColorsArea [1080, 2340] which: 6 rotation: 0 has Base: false
11-30 13:40:53.017  4352  4352 D SemWallpaperColorsArea: SemWallpaperColorsArea which = 6, mDensity : 2.8125, 1080x2340,384x832,26,48, 7
11-30 13:40:53.017  3014  4089 D CAE     : onGetSensorHubData(SensorHubParserProvider.java:92) - onGetSensorHubData Event [event buffer len :10], AP_WAKEUP
11-30 13:40:53.017  4352  4352 I SemWallpaperColorsArea: Final area : Rect(67, 19 - 1012, 73)
11-30 13:40:53.017  4352  4352 I SemWallpaperColorsArea: Final area : Rect(112, 466 - 967, 756)
11-30 13:40:53.017  4352  4352 I SemWallpaperColorsArea: Final area : Rect(112, 1274 - 967, 1330)
11-30 13:40:53.017  4352  4352 I SemWallpaperColorsArea: Final area : Rect(112, 1358 - 967, 1828)
11-30 13:40:53.017  4352  4352 I SemWallpaperColorsArea: Final area : Rect(112, 2092 - 967, 2255)
11-30 13:40:53.017  4352  4352 I SemWallpaperColorsArea: Final area : Rect(0, 0 - 1080, 2340)
11-30 13:40:53.017  3014  4089 I CAE     : parse(SensorHubParserProvider.java:188) - buffer size = 10
11-30 13:40:53.017  4352  4352 I PaletteController: getPaletteItem = PALETTE_LOCK
11-30 13:40:53.017  3014  4089 I CAE     : parse(SensorHubParserProvider.java:199) - 1, 1, 26, 1, 0, 0, 0, 0, 127, 11,
11-30 13:40:53.017  4352  4352 I DigitalHorizontalHmsClockView_LOCK_SCREEN_8@268: updateBaseTargetPaletteItem: base=SOLID color : FFFAFAFA, target=SOLID color : FFCCCCCC
11-30 13:40:53.017  4352  4352 I DigitalHorizontalHmsClockView_LOCK_SCREEN_8@268: setPaletteIndex : index = 0, mIsWhiteWallpaper = false, PaletteItem = SOLID color : FFFAFAFA
11-30 13:40:53.017  4352  4352 I DigitalHorizontalHmsClockView_LOCK_SCREEN_8@268: updatePaletteItemTransition : paletteItem = SOLID color : FFFAFAFA, animation = false, dozeAmount = 0.0
11-30 13:40:53.017  4352  4352 I DigitalHorizontalHmsClockView_LOCK_SCREEN_8@268: updateShadowStyle: shadow : [ShadowStyle: shadowRadius = 5.625, shadowDx = 0.0, shadowDy = 0.0, shadowColor = 1A000000]
11-30 13:40:53.017  4352  4352 D FaceWidgetClockPage_Full: updateClockSuspendState() reason = wakingup, suspend=true, pause=false, kv=true, wa=false, di=true, wu=false, aodDash=false
11-30 13:40:53.017  4352  4352 I DigitalHorizontalHmsClockView_LOCK_SCREEN_8@268: suspend : mSuspend = true, enable = true
11-30 13:40:53.017  3014  4089 D CAE     : display(ContextProvider.java:375) - ================= ACTIVITY_TRACKER =================
11-30 13:40:53.017  4352  4352 D FaceWidgetClockPage_Full: updateClockColor() page state : DASHBOARD
11-30 13:40:53.017  4352  4352 I DigitalHorizontalHmsClockView_LOCK_SCREEN_8@268: setSemWallpaperColors: [version:22, which:2, adaptive dim:0.0/0, darkmode dim:0.15]
11-30 13:40:53.017  4352  4352 I DigitalHorizontalHmsClockView_LOCK_SCREEN_8@268: 	[SeedColors, [-7707314]]
11-30 13:40:53.017  4352  4352 I DigitalHorizontalHmsClockView_LOCK_SCREEN_8@268: 	[STATUSBAR, Rect(67, 19 - 1012, 73):0/ffffffff/1.0/0.1, 0.0/0.0/0.0]
11-30 13:40:53.017  4352  4352 I DigitalHorizontalHmsClockView_LOCK_SCREEN_8@268: 	[BODY_TOP, Rect(112, 466 - 967, 756):0/fff0f0f0/2.5863109/0.4916111, 23.571428/0.42105263/0.52156866]
11-30 13:40:53.017  4352  4352 I DigitalHorizontalHmsClockView_LOCK_SCREEN_8@268: 	[BODY_MID, Rect(112, 1274 - 967, 1330):0/ffffffff/1.0/0.1, 0.0/0.0/0.0]
11-30 13:40:53.017  4352  4352 I DigitalHorizontalHmsClockView_LOCK_SCREEN_8@268: 	[BODY_BOTTOM, Rect(112, 1358 - 967, 1828):0/fff2f2f2/2.6386902/0.49979535, 23.157894/0.3877551/0.5764706]
11-30 13:40:53.017  4352  4352 I DigitalHorizontalHmsClockView_LOCK_SCREEN_8@268: 	[NAVIBAR, Rect(112, 2092 - 967, 2255):0/ffeaeaea/2.675507/0.505548, 20.769232/0.3561644/0.28627452]
11-30 13:40:53.017  4352  4352 I DigitalHorizontalHmsClockView_LOCK_SCREEN_8@268: 	[BACKGROUND, Rect(0, 0 - 1080, 2340):0/ffededed/2.5682406/0.4887876, 22.32558/0.41747573/0.40392157]
11-30 13:40:53.017  3014  4089 I CAE     : display(ContextProvider.java:391) - Accuracy=[11], OperationMode=[0], ActivityType=[127], TimeStamp=[1764460800000]
11-30 13:40:53.017  4352  4352 I DigitalHorizontalHmsClockView_LOCK_SCREEN_8@268: setWallpaperColorItem: 0/fff0f0f0/2.5863109/0.4916111, 23.571428/0.42105263/0.52156866
11-30 13:40:53.017  3014  4539 I SLocation: DeviceStatusNotifyManager - received action : android.intent.action.SCREEN_ON
11-30 13:40:53.017  4352  4352 I AdaptiveTextColorCalculator: calcTextColor:  Full: #FF8A654E [22,999998, 0,277778, 0,423529] / Area: #FF85634D [23,571424, 0,266667, 0,411765] (44,865941) / Adaptive: targetL 88,453590 adjustedAdaptiveColor: #FFF5D7DA [354,500000, 0,597778, 0,901672] / base: 68,000000 HSL Offset[0,000000, 0,320000 ,0,000000] took 0,005104 ms
11-30 13:40:53.017  4352  4352 D WallpaperManager: semGetWallpaperColors: which = 2
11-30 13:40:53.017  4352  4352 D SemWallpaperColorsArea: SemWallpaperColorsArea [1080, 2340] which: 6 rotation: 0 has Base: false
11-30 13:40:53.018  4578  5639 I bt_shim_scanner: system/main/shim/le_scanning_manager.cc:179 Unregister: in shim layer, scannerId=2
11-30 13:40:53.018  4352  4352 D SemWallpaperColorsArea: SemWallpaperColorsArea which = 6, mDensity : 2.8125, 1080x2340,384x832,26,48, 7
11-30 13:40:53.018  4352  4352 I SemWallpaperColorsArea: Final area : Rect(67, 19 - 1012, 73)
11-30 13:40:53.018  4352  4352 I SemWallpaperColorsArea: Final area : Rect(112, 466 - 967, 756)
11-30 13:40:53.018  4352  4352 I SemWallpaperColorsArea: Final area : Rect(112, 1274 - 967, 1330)
11-30 13:40:53.018  4352  4352 I SemWallpaperColorsArea: Final area : Rect(112, 1358 - 967, 1828)
11-30 13:40:53.018  4352  4352 I SemWallpaperColorsArea: Final area : Rect(112, 2092 - 967, 2255)
11-30 13:40:53.018  4352  4352 I SemWallpaperColorsArea: Final area : Rect(0, 0 - 1080, 2340)
11-30 13:40:53.018  4352  4352 I PaletteController: getPaletteItem = PALETTE_LOCK
11-30 13:40:53.018  4352  4352 I DigitalHorizontalHmsClockView_LOCK_SCREEN_8@268: updateBaseTargetPaletteItem: base=SOLID color : FFFAFAFA, target=SOLID color : FFCCCCCC
11-30 13:40:53.018  4352  4352 I DigitalHorizontalHmsClockView_LOCK_SCREEN_8@268: setPaletteIndex : index = 0, mIsWhiteWallpaper = false, PaletteItem = SOLID color : FFFAFAFA
11-30 13:40:53.018  4352  4352 I DigitalHorizontalHmsClockView_LOCK_SCREEN_8@268: updatePaletteItemTransition : paletteItem = SOLID color : FFFAFAFA, animation = false, dozeAmount = 0.0
11-30 13:40:53.018  4352  4352 I DigitalHorizontalHmsClockView_LOCK_SCREEN_8@268: updateShadowStyle: shadow : [ShadowStyle: shadowRadius = 5.625, shadowDx = 0.0, shadowDy = 0.0, shadowColor = 1A000000]
11-30 13:40:53.018  3014  5167 D SemWifiApSmartBleScanner: Stopped scanning
11-30 13:40:53.018  4352  4352 D FaceWidgetClockPage_Full: updateClockSuspendState() reason = wakingup, suspend=true, pause=false, kv=true, wa=false, di=true, wu=false, aodDash=false
11-30 13:40:53.018  4352  4352 I DigitalHorizontalHmsClockView_LOCK_SCREEN_8@268: suspend : mSuspend = true, enable = true
11-30 13:40:53.018  2103  2103 I sensors-hal: set_config:61, sample_period_ns is adjusted to 200000000 based on min/max delay_ns
11-30 13:40:53.018  4352  4352 D FaceWidgetClockPage_Full: updateClockColor() page state : DASHBOARD
11-30 13:40:53.018  2103  2103 I sensors-hal: batch:369, com.samsung.sensor.light_cct/1511, period=200000000, max_latency=0 request completed
11-30 13:40:53.018  4352  4352 I DigitalHorizontalHmsClockView_LOCK_SCREEN_8@268: setSemWallpaperColors: [version:22, which:2, adaptive dim:0.0/0, darkmode dim:0.15]
11-30 13:40:53.018  4352  4352 I DigitalHorizontalHmsClockView_LOCK_SCREEN_8@268: 	[SeedColors, [-7707314]]
11-30 13:40:53.018  4352  4352 I DigitalHorizontalHmsClockView_LOCK_SCREEN_8@268: 	[STATUSBAR, Rect(67, 19 - 1012, 73):0/ffffffff/1.0/0.1, 0.0/0.0/0.0]
11-30 13:40:53.018  4352  4352 I DigitalHorizontalHmsClockView_LOCK_SCREEN_8@268: 	[BODY_TOP, Rect(112, 466 - 967, 756):0/fff0f0f0/2.5863109/0.4916111, 23.571428/0.42105263/0.52156866]
11-30 13:40:53.018  4352  4352 I DigitalHorizontalHmsClockView_LOCK_SCREEN_8@268: 	[BODY_MID, Rect(112, 1274 - 967, 1330):0/ffffffff/1.0/0.1, 0.0/0.0/0.0]
11-30 13:40:53.018  4352  4352 I DigitalHorizontalHmsClockView_LOCK_SCREEN_8@268: 	[BODY_BOTTOM, Rect(112, 1358 - 967, 1828):0/fff2f2f2/2.6386902/0.49979535, 23.157894/0.3877551/0.5764706]
11-30 13:40:53.018  4352  4352 I DigitalHorizontalHmsClockView_LOCK_SCREEN_8@268: 	[NAVIBAR, Rect(112, 2092 - 967, 2255):0/ffeaeaea/2.675507/0.505548, 20.769232/0.3561644/0.28627452]
11-30 13:40:53.018  4352  4352 I DigitalHorizontalHmsClockView_LOCK_SCREEN_8@268: 	[BACKGROUND, Rect(0, 0 - 1080, 2340):0/ffededed/2.5682406/0.4887876, 22.32558/0.41747573/0.40392157]
11-30 13:40:53.018  4352  4352 I DigitalHorizontalHmsClockView_LOCK_SCREEN_8@268: setWallpaperColorItem: 0/fff0f0f0/2.5863109/0.4916111, 23.571428/0.42105263/0.52156866
11-30 13:40:53.018  4352  4352 I AdaptiveTextColorCalculator: calcTextColor:  Full: #FF8A654E [22,999998, 0,277778, 0,423529] / Area: #FF85634D [23,571424, 0,266667, 0,411765] (44,865941) / Adaptive: targetL 88,453590 adjustedAdaptiveColor: #FFF5D7DA [354,500000, 0,597778, 0,901672] / base: 68,000000 HSL Offset[0,000000, 0,320000 ,0,000000] took 0,004896 ms
11-30 13:40:53.018  4352  4352 D WallpaperManager: semGetWallpaperColors: which = 2
11-30 13:40:53.018  4352  4352 D SemWallpaperColorsArea: SemWallpaperColorsArea [1080, 2340] which: 6 rotation: 0 has Base: false
11-30 13:40:53.018  4352  4352 D SemWallpaperColorsArea: SemWallpaperColorsArea which = 6, mDensity : 2.8125, 1080x2340,384x832,26,48, 7
11-30 13:40:53.018  4352  4352 I SemWallpaperColorsArea: Final area : Rect(67, 19 - 1012, 73)
11-30 13:40:53.018  4352  4352 I SemWallpaperColorsArea: Final area : Rect(112, 466 - 967, 756)
11-30 13:40:53.018  4352  4352 I SemWallpaperColorsArea: Final area : Rect(112, 1274 - 967, 1330)
11-30 13:40:53.018  4352  4352 I SemWallpaperColorsArea: Final area : Rect(112, 1358 - 967, 1828)
11-30 13:40:53.018  4352  4352 I SemWallpaperColorsArea: Final area : Rect(112, 2092 - 967, 2255)
11-30 13:40:53.018  4352  4352 I SemWallpaperColorsArea: Final area : Rect(0, 0 - 1080, 2340)
11-30 13:40:53.018  4352  4352 I PaletteController: getPaletteItem = PALETTE_LOCK
11-30 13:40:53.018  4352  4352 I DigitalHorizontalHmsClockView_LOCK_SCREEN_8@268: updateBaseTargetPaletteItem: base=SOLID color : FFFAFAFA, target=SOLID color : FFCCCCCC
11-30 13:40:53.018  4352  4352 I DigitalHorizontalHmsClockView_LOCK_SCREEN_8@268: setPaletteIndex : index = 0, mIsWhiteWallpaper = false, PaletteItem = SOLID color : FFFAFAFA
11-30 13:40:53.018  4352  4352 I DigitalHorizontalHmsClockView_LOCK_SCREEN_8@268: updatePaletteItemTransition : paletteItem = SOLID color : FFFAFAFA, animation = false, dozeAmount = 0.0
11-30 13:40:53.018  4352  4352 I DigitalHorizontalHmsClockView_LOCK_SCREEN_8@268: updateShadowStyle: shadow : [ShadowStyle: shadowRadius = 5.625, shadowDx = 0.0, shadowDy = 0.0, shadowColor = 1A000000]
11-30 13:40:53.018  4352  4352 D FaceWidgetClockPage_Full: updateClockSuspendState() reason = wakingup, suspend=true, pause=false, kv=true, wa=false, di=true, wu=false, aodDash=false
11-30 13:40:53.018  4352  4352 I DigitalHorizontalHmsClockView_LOCK_SCREEN_8@268: suspend : mSuspend = true, enable = true
11-30 13:40:53.018  4352  4352 D FaceWidgetClockPage_Full: updateClockColor() page state : DASHBOARD
11-30 13:40:53.018  4352  4352 I DigitalHorizontalHmsClockView_LOCK_SCREEN_8@268: setSemWallpaperColors: [version:22, which:2, adaptive dim:0.0/0, darkmode dim:0.15]
11-30 13:40:53.018  4352  4352 I DigitalHorizontalHmsClockView_LOCK_SCREEN_8@268: 	[SeedColors, [-7707314]]
11-30 13:40:53.018  4352  4352 I DigitalHorizontalHmsClockView_LOCK_SCREEN_8@268: 	[STATUSBAR, Rect(67, 19 - 1012, 73):0/ffffffff/1.0/0.1, 0.0/0.0/0.0]
11-30 13:40:53.018  4352  4352 I DigitalHorizontalHmsClockView_LOCK_SCREEN_8@268: 	[BODY_TOP, Rect(112, 466 - 967, 756):0/fff0f0f0/2.5863109/0.4916111, 23.571428/0.42105263/0.52156866]
11-30 13:40:53.018  4352  4352 I DigitalHorizontalHmsClockView_LOCK_SCREEN_8@268: 	[BODY_MID, Rect(112, 1274 - 967, 1330):0/ffffffff/1.0/0.1, 0.0/0.0/0.0]
11-30 13:40:53.018  4352  4352 I DigitalHorizontalHmsClockView_LOCK_SCREEN_8@268: 	[BODY_BOTTOM, Rect(112, 1358 - 967, 1828):0/fff2f2f2/2.6386902/0.49979535, 23.157894/0.3877551/0.5764706]
11-30 13:40:53.018  4352  4352 I DigitalHorizontalHmsClockView_LOCK_SCREEN_8@268: 	[NAVIBAR, Rect(112, 2092 - 967, 2255):0/ffeaeaea/2.675507/0.505548, 20.769232/0.3561644/0.28627452]
11-30 13:40:53.018  4352  4352 I DigitalHorizontalHmsClockView_LOCK_SCREEN_8@268: 	[BACKGROUND, Rect(0, 0 - 1080, 2340):0/ffededed/2.5682406/0.4887876, 22.32558/0.41747573/0.40392157]
11-30 13:40:53.018  4352  4352 I DigitalHorizontalHmsClockView_LOCK_SCREEN_8@268: setWallpaperColorItem: 0/fff0f0f0/2.5863109/0.4916111, 23.571428/0.42105263/0.52156866
11-30 13:40:53.018  4352  4352 I AdaptiveTextColorCalculator: calcTextColor:  Full: #FF8A654E [22,999998, 0,277778, 0,423529] / Area: #FF85634D [23,571424, 0,266667, 0,411765] (44,865941) / Adaptive: targetL 88,453590 adjustedAdaptiveColor: #FFF5D7DA [354,500000, 0,597778, 0,901672] / base: 68,000000 HSL Offset[0,000000, 0,320000 ,0,000000] took 0,004635 ms
11-30 13:40:53.018  3014  4086 D SemContextService: Service.updateContext() : 25, activity version = 11
11-30 13:40:53.018  4352  4352 D WallpaperManager: semGetWallpaperColors: which = 2
11-30 13:40:53.018  4352  4352 D SemWallpaperColorsArea: SemWallpaperColorsArea [1080, 2340] which: 6 rotation: 0 has Base: false
11-30 13:40:53.019  4352  4352 D SemWallpaperColorsArea: SemWallpaperColorsArea which = 6, mDensity : 2.8125, 1080x2340,384x832,26,48, 7
11-30 13:40:53.019  4352  4352 I SemWallpaperColorsArea: Final area : Rect(67, 19 - 1012, 73)
11-30 13:40:53.019  4352  4352 I SemWallpaperColorsArea: Final area : Rect(112, 466 - 967, 756)
11-30 13:40:53.019  4352  4352 I SemWallpaperColorsArea: Final area : Rect(112, 1274 - 967, 1330)
11-30 13:40:53.019  4352  4352 I SemWallpaperColorsArea: Final area : Rect(112, 1358 - 967, 1828)
11-30 13:40:53.019  4352  4352 I SemWallpaperColorsArea: Final area : Rect(112, 2092 - 967, 2255)
11-30 13:40:53.019  4352  4352 I SemWallpaperColorsArea: Final area : Rect(0, 0 - 1080, 2340)
11-30 13:40:53.019  4352  4352 I PaletteController: getPaletteItem = PALETTE_LOCK
11-30 13:40:53.019  4352  4352 I DigitalHorizontalHmsClockView_LOCK_SCREEN_8@268: updateBaseTargetPaletteItem: base=SOLID color : FFFAFAFA, target=SOLID color : FFCCCCCC
11-30 13:40:53.019  4352  4352 I DigitalHorizontalHmsClockView_LOCK_SCREEN_8@268: setPaletteIndex : index = 0, mIsWhiteWallpaper = false, PaletteItem = SOLID color : FFFAFAFA
11-30 13:40:53.019  4352  4352 I DigitalHorizontalHmsClockView_LOCK_SCREEN_8@268: updatePaletteItemTransition : paletteItem = SOLID color : FFFAFAFA, animation = false, dozeAmount = 0.0
11-30 13:40:53.019  4352  4352 I DigitalHorizontalHmsClockView_LOCK_SCREEN_8@268: updateShadowStyle: shadow : [ShadowStyle: shadowRadius = 5.625, shadowDx = 0.0, shadowDy = 0.0, shadowColor = 1A000000]
11-30 13:40:53.019  4352  4352 D FaceWidgetClockPage_Full: updateClockSuspendState() reason = wakingup, suspend=true, pause=false, kv=true, wa=false, di=true, wu=false, aodDash=false
11-30 13:40:53.019  4352  4352 I DigitalHorizontalHmsClockView_LOCK_SCREEN_8@268: suspend : mSuspend = true, enable = true
11-30 13:40:53.019  4352  4352 D FaceWidgetClockPage_Full: updateClockColor() page state : DASHBOARD
11-30 13:40:53.019  4352  4352 I DigitalHorizontalHmsClockView_LOCK_SCREEN_8@268: setSemWallpaperColors: [version:22, which:2, adaptive dim:0.0/0, darkmode dim:0.15]
11-30 13:40:53.019  4352  4352 I DigitalHorizontalHmsClockView_LOCK_SCREEN_8@268: 	[SeedColors, [-7707314]]
11-30 13:40:53.019  4352  4352 I DigitalHorizontalHmsClockView_LOCK_SCREEN_8@268: 	[STATUSBAR, Rect(67, 19 - 1012, 73):0/ffffffff/1.0/0.1, 0.0/0.0/0.0]
11-30 13:40:53.019  4352  4352 I DigitalHorizontalHmsClockView_LOCK_SCREEN_8@268: 	[BODY_TOP, Rect(112, 466 - 967, 756):0/fff0f0f0/2.5863109/0.4916111, 23.571428/0.42105263/0.52156866]
11-30 13:40:53.019  4352  4352 I DigitalHorizontalHmsClockView_LOCK_SCREEN_8@268: 	[BODY_MID, Rect(112, 1274 - 967, 1330):0/ffffffff/1.0/0.1, 0.0/0.0/0.0]
11-30 13:40:53.019  4352  4352 I DigitalHorizontalHmsClockView_LOCK_SCREEN_8@268: 	[BODY_BOTTOM, Rect(112, 1358 - 967, 1828):0/fff2f2f2/2.6386902/0.49979535, 23.157894/0.3877551/0.5764706]
11-30 13:40:53.019  4352  4352 I DigitalHorizontalHmsClockView_LOCK_SCREEN_8@268: 	[NAVIBAR, Rect(112, 2092 - 967, 2255):0/ffeaeaea/2.675507/0.505548, 20.769232/0.3561644/0.28627452]
11-30 13:40:53.019  4352  4352 I DigitalHorizontalHmsClockView_LOCK_SCREEN_8@268: 	[BACKGROUND, Rect(0, 0 - 1080, 2340):0/ffededed/2.5682406/0.4887876, 22.32558/0.41747573/0.40392157]
11-30 13:40:53.019  4352  4352 I DigitalHorizontalHmsClockView_LOCK_SCREEN_8@268: setWallpaperColorItem: 0/fff0f0f0/2.5863109/0.4916111, 23.571428/0.42105263/0.52156866
11-30 13:40:53.019  4352  4352 I AdaptiveTextColorCalculator: calcTextColor:  Full: #FF8A654E [22,999998, 0,277778, 0,423529] / Area: #FF85634D [23,571424, 0,266667, 0,411765] (44,865941) / Adaptive: targetL 88,453590 adjustedAdaptiveColor: #FFF5D7DA [354,500000, 0,597778, 0,901672] / base: 68,000000 HSL Offset[0,000000, 0,320000 ,0,000000] took 0,005052 ms
11-30 13:40:53.019  4352  4352 D WallpaperManager: semGetWallpaperColors: which = 2
11-30 13:40:53.019  4352  4352 D SemWallpaperColorsArea: SemWallpaperColorsArea [1080, 2340] which: 6 rotation: 0 has Base: false
11-30 13:40:53.019  4352  4352 D SemWallpaperColorsArea: SemWallpaperColorsArea which = 6, mDensity : 2.8125, 1080x2340,384x832,26,48, 7
11-30 13:40:53.019  4352  4352 I SemWallpaperColorsArea: Final area : Rect(67, 19 - 1012, 73)
11-30 13:40:53.019  4352  4352 I SemWallpaperColorsArea: Final area : Rect(112, 466 - 967, 756)
11-30 13:40:53.019  4352  4352 I SemWallpaperColorsArea: Final area : Rect(112, 1274 - 967, 1330)
11-30 13:40:53.019  4352  4352 I SemWallpaperColorsArea: Final area : Rect(112, 1358 - 967, 1828)
11-30 13:40:53.019  4352  4352 I SemWallpaperColorsArea: Final area : Rect(112, 2092 - 967, 2255)
11-30 13:40:53.019  4352  4352 I SemWallpaperColorsArea: Final area : Rect(0, 0 - 1080, 2340)
11-30 13:40:53.019  4352  4352 I PaletteController: getPaletteItem = PALETTE_LOCK
11-30 13:40:53.019  4352  4352 I DigitalHorizontalHmsClockView_LOCK_SCREEN_8@268: updateBaseTargetPaletteItem: base=SOLID color : FFFAFAFA, target=SOLID color : FFCCCCCC
11-30 13:40:53.019  4352  4352 I DigitalHorizontalHmsClockView_LOCK_SCREEN_8@268: setPaletteIndex : index = 0, mIsWhiteWallpaper = false, PaletteItem = SOLID color : FFFAFAFA
11-30 13:40:53.019  4352  4352 I DigitalHorizontalHmsClockView_LOCK_SCREEN_8@268: updatePaletteItemTransition : paletteItem = SOLID color : FFFAFAFA, animation = false, dozeAmount = 0.0
11-30 13:40:53.019  4352  4352 I DigitalHorizontalHmsClockView_LOCK_SCREEN_8@268: updateShadowStyle: shadow : [ShadowStyle: shadowRadius = 5.625, shadowDx = 0.0, shadowDy = 0.0, shadowColor = 1A000000]
11-30 13:40:53.019  4352  4352 D FaceWidgetClockPage_Full: updateClockSuspendState() reason = wakingup, suspend=true, pause=false, kv=true, wa=false, di=true, wu=false, aodDash=false
11-30 13:40:53.019  4352  4352 I DigitalHorizontalHmsClockView_LOCK_SCREEN_8@268: suspend : mSuspend = true, enable = true
11-30 13:40:53.019  4352  4352 D FaceWidgetClockPage_Full: updateClockColor() page state : DASHBOARD
11-30 13:40:53.019  4352  4352 I DigitalHorizontalHmsClockView_LOCK_SCREEN_8@268: setSemWallpaperColors: [version:22, which:2, adaptive dim:0.0/0, darkmode dim:0.15]
11-30 13:40:53.019  4352  4352 I DigitalHorizontalHmsClockView_LOCK_SCREEN_8@268: 	[SeedColors, [-7707314]]
11-30 13:40:53.019  4352  4352 I DigitalHorizontalHmsClockView_LOCK_SCREEN_8@268: 	[STATUSBAR, Rect(67, 19 - 1012, 73):0/ffffffff/1.0/0.1, 0.0/0.0/0.0]
11-30 13:40:53.019  4352  4352 I DigitalHorizontalHmsClockView_LOCK_SCREEN_8@268: 	[BODY_TOP, Rect(112, 466 - 967, 756):0/fff0f0f0/2.5863109/0.4916111, 23.571428/0.42105263/0.52156866]
11-30 13:40:53.019  4352  4352 I DigitalHorizontalHmsClockView_LOCK_SCREEN_8@268: 	[BODY_MID, Rect(112, 1274 - 967, 1330):0/ffffffff/1.0/0.1, 0.0/0.0/0.0]
11-30 13:40:53.019  4352  4352 I DigitalHorizontalHmsClockView_LOCK_SCREEN_8@268: 	[BODY_BOTTOM, Rect(112, 1358 - 967, 1828):0/fff2f2f2/2.6386902/0.49979535, 23.157894/0.3877551/0.5764706]
11-30 13:40:53.019  4352  4352 I DigitalHorizontalHmsClockView_LOCK_SCREEN_8@268: 	[NAVIBAR, Rect(112, 2092 - 967, 2255):0/ffeaeaea/2.675507/0.505548, 20.769232/0.3561644/0.28627452]
11-30 13:40:53.019  4352  4352 I DigitalHorizontalHmsClockView_LOCK_SCREEN_8@268: 	[BACKGROUND, Rect(0, 0 - 1080, 2340):0/ffededed/2.5682406/0.4887876, 22.32558/0.41747573/0.40392157]
11-30 13:40:53.019  4352  4352 I DigitalHorizontalHmsClockView_LOCK_SCREEN_8@268: setWallpaperColorItem: 0/fff0f0f0/2.5863109/0.4916111, 23.571428/0.42105263/0.52156866
11-30 13:40:53.019  4352  4352 I AdaptiveTextColorCalculator: calcTextColor:  Full: #FF8A654E [22,999998, 0,277778, 0,423529] / Area: #FF85634D [23,571424, 0,266667, 0,411765] (44,865941) / Adaptive: targetL 88,453590 adjustedAdaptiveColor: #FFF5D7DA [354,500000, 0,597778, 0,901672] / base: 68,000000 HSL Offset[0,000000, 0,320000 ,0,000000] took 0,004739 ms
11-30 13:40:53.019  4352  4352 D WallpaperManager: semGetWallpaperColors: which = 2
11-30 13:40:53.019  4352  4352 D SemWallpaperColorsArea: SemWallpaperColorsArea [1080, 2340] which: 6 rotation: 0 has Base: false
11-30 13:40:53.019  4352  4352 D SemWallpaperColorsArea: SemWallpaperColorsArea which = 6, mDensity : 2.8125, 1080x2340,384x832,26,48, 7
11-30 13:40:53.019  4352  4352 I SemWallpaperColorsArea: Final area : Rect(67, 19 - 1012, 73)
11-30 13:40:53.019  4352  4352 I SemWallpaperColorsArea: Final area : Rect(112, 466 - 967, 756)
11-30 13:40:53.019  4352  4352 I SemWallpaperColorsArea: Final area : Rect(112, 1274 - 967, 1330)
11-30 13:40:53.019  4352  4352 I SemWallpaperColorsArea: Final area : Rect(112, 1358 - 967, 1828)
11-30 13:40:53.019  4352  4352 I SemWallpaperColorsArea: Final area : Rect(112, 2092 - 967, 2255)
11-30 13:40:53.019  4352  4352 I SemWallpaperColorsArea: Final area : Rect(0, 0 - 1080, 2340)
11-30 13:40:53.020  4352  4352 I PaletteController: getPaletteItem = PALETTE_LOCK
11-30 13:40:53.020  4352  4352 I DigitalHorizontalHmsClockView_LOCK_SCREEN_8@268: updateBaseTargetPaletteItem: base=SOLID color : FFFAFAFA, target=SOLID color : FFCCCCCC
11-30 13:40:53.020  4352  4352 I DigitalHorizontalHmsClockView_LOCK_SCREEN_8@268: setPaletteIndex : index = 0, mIsWhiteWallpaper = false, PaletteItem = SOLID color : FFFAFAFA
11-30 13:40:53.020  4352  4352 I DigitalHorizontalHmsClockView_LOCK_SCREEN_8@268: updatePaletteItemTransition : paletteItem = SOLID color : FFFAFAFA, animation = false, dozeAmount = 0.0
11-30 13:40:53.020  4352  4352 I DigitalHorizontalHmsClockView_LOCK_SCREEN_8@268: updateShadowStyle: shadow : [ShadowStyle: shadowRadius = 5.625, shadowDx = 0.0, shadowDy = 0.0, shadowColor = 1A000000]
11-30 13:40:53.020  4352  4352 D FaceWidgetClockPage_Full: updateClockSuspendState() reason = wakingup, suspend=true, pause=false, kv=true, wa=false, di=true, wu=false, aodDash=false
11-30 13:40:53.020  4352  4352 I DigitalHorizontalHmsClockView_LOCK_SCREEN_8@268: suspend : mSuspend = true, enable = true
11-30 13:40:53.020  4352  4352 D FaceWidgetClockPage_Full: updateClockColor() page state : DASHBOARD
11-30 13:40:53.020  4352  4352 I DigitalHorizontalHmsClockView_LOCK_SCREEN_8@268: setSemWallpaperColors: [version:22, which:2, adaptive dim:0.0/0, darkmode dim:0.15]
11-30 13:40:53.020  4352  4352 I DigitalHorizontalHmsClockView_LOCK_SCREEN_8@268: 	[SeedColors, [-7707314]]
11-30 13:40:53.020  4352  4352 I DigitalHorizontalHmsClockView_LOCK_SCREEN_8@268: 	[STATUSBAR, Rect(67, 19 - 1012, 73):0/ffffffff/1.0/0.1, 0.0/0.0/0.0]
11-30 13:40:53.020  4352  4352 I DigitalHorizontalHmsClockView_LOCK_SCREEN_8@268: 	[BODY_TOP, Rect(112, 466 - 967, 756):0/fff0f0f0/2.5863109/0.4916111, 23.571428/0.42105263/0.52156866]
11-30 13:40:53.020  4352  4352 I DigitalHorizontalHmsClockView_LOCK_SCREEN_8@268: 	[BODY_MID, Rect(112, 1274 - 967, 1330):0/ffffffff/1.0/0.1, 0.0/0.0/0.0]
11-30 13:40:53.020  4352  4352 I DigitalHorizontalHmsClockView_LOCK_SCREEN_8@268: 	[BODY_BOTTOM, Rect(112, 1358 - 967, 1828):0/fff2f2f2/2.6386902/0.49979535, 23.157894/0.3877551/0.5764706]
11-30 13:40:53.020  4352  4352 I DigitalHorizontalHmsClockView_LOCK_SCREEN_8@268: 	[NAVIBAR, Rect(112, 2092 - 967, 2255):0/ffeaeaea/2.675507/0.505548, 20.769232/0.3561644/0.28627452]
11-30 13:40:53.020  4352  4352 I DigitalHorizontalHmsClockView_LOCK_SCREEN_8@268: 	[BACKGROUND, Rect(0, 0 - 1080, 2340):0/ffededed/2.5682406/0.4887876, 22.32558/0.41747573/0.40392157]
11-30 13:40:53.020  4352  4352 I DigitalHorizontalHmsClockView_LOCK_SCREEN_8@268: setWallpaperColorItem: 0/fff0f0f0/2.5863109/0.4916111, 23.571428/0.42105263/0.52156866
11-30 13:40:53.020  4352  4352 I AdaptiveTextColorCalculator: calcTextColor:  Full: #FF8A654E [22,999998, 0,277778, 0,423529] / Area: #FF85634D [23,571424, 0,266667, 0,411765] (44,865941) / Adaptive: targetL 88,453590 adjustedAdaptiveColor: #FFF5D7DA [354,500000, 0,597778, 0,901672] / base: 68,000000 HSL Offset[0,000000, 0,320000 ,0,000000] took 0,004739 ms
11-30 13:40:53.020  4352  4352 D WallpaperManager: semGetWallpaperColors: which = 2
11-30 13:40:53.020  4352  4352 D SemWallpaperColorsArea: SemWallpaperColorsArea [1080, 2340] which: 6 rotation: 0 has Base: false
11-30 13:40:53.020  4352  4352 D SemWallpaperColorsArea: SemWallpaperColorsArea which = 6, mDensity : 2.8125, 1080x2340,384x832,26,48, 7
11-30 13:40:53.020  4352  4352 I SemWallpaperColorsArea: Final area : Rect(67, 19 - 1012, 73)
11-30 13:40:53.020  4352  4352 I SemWallpaperColorsArea: Final area : Rect(112, 466 - 967, 756)
11-30 13:40:53.020  4352  4352 I SemWallpaperColorsArea: Final area : Rect(112, 1274 - 967, 1330)
11-30 13:40:53.020  4352  4352 I SemWallpaperColorsArea: Final area : Rect(112, 1358 - 967, 1828)
11-30 13:40:53.020  4352  4352 I SemWallpaperColorsArea: Final area : Rect(112, 2092 - 967, 2255)
11-30 13:40:53.020  4352  4352 I SemWallpaperColorsArea: Final area : Rect(0, 0 - 1080, 2340)
11-30 13:40:53.020  4352  4352 I PaletteController: getPaletteItem = PALETTE_LOCK
11-30 13:40:53.020  4352  4352 I DigitalHorizontalHmsClockView_LOCK_SCREEN_8@268: updateBaseTargetPaletteItem: base=SOLID color : FFFAFAFA, target=SOLID color : FFCCCCCC
11-30 13:40:53.020  4352  4352 I DigitalHorizontalHmsClockView_LOCK_SCREEN_8@268: setPaletteIndex : index = 0, mIsWhiteWallpaper = false, PaletteItem = SOLID color : FFFAFAFA
11-30 13:40:53.020  4352  4352 I DigitalHorizontalHmsClockView_LOCK_SCREEN_8@268: updatePaletteItemTransition : paletteItem = SOLID color : FFFAFAFA, animation = false, dozeAmount = 0.0
11-30 13:40:53.020  4352  4352 I DigitalHorizontalHmsClockView_LOCK_SCREEN_8@268: updateShadowStyle: shadow : [ShadowStyle: shadowRadius = 5.625, shadowDx = 0.0, shadowDy = 0.0, shadowColor = 1A000000]
11-30 13:40:53.020  4352  4352 D FaceWidgetClockPage_Full: updateClockSuspendState() reason = wakingup, suspend=true, pause=false, kv=true, wa=false, di=true, wu=false, aodDash=false
11-30 13:40:53.020  4352  4352 I DigitalHorizontalHmsClockView_LOCK_SCREEN_8@268: suspend : mSuspend = true, enable = true
11-30 13:40:53.020  4352  4352 D FaceWidgetClockPage_Full: updateClockColor() page state : DASHBOARD
11-30 13:40:53.020  4352  4352 I DigitalHorizontalHmsClockView_LOCK_SCREEN_8@268: setSemWallpaperColors: [version:22, which:2, adaptive dim:0.0/0, darkmode dim:0.15]
11-30 13:40:53.020  4352  4352 I DigitalHorizontalHmsClockView_LOCK_SCREEN_8@268: 	[SeedColors, [-7707314]]
11-30 13:40:53.020  4352  4352 I DigitalHorizontalHmsClockView_LOCK_SCREEN_8@268: 	[STATUSBAR, Rect(67, 19 - 1012, 73):0/ffffffff/1.0/0.1, 0.0/0.0/0.0]
11-30 13:40:53.020  4352  4352 I DigitalHorizontalHmsClockView_LOCK_SCREEN_8@268: 	[BODY_TOP, Rect(112, 466 - 967, 756):0/fff0f0f0/2.5863109/0.4916111, 23.571428/0.42105263/0.52156866]
11-30 13:40:53.020  4352  4352 I DigitalHorizontalHmsClockView_LOCK_SCREEN_8@268: 	[BODY_MID, Rect(112, 1274 - 967, 1330):0/ffffffff/1.0/0.1, 0.0/0.0/0.0]
11-30 13:40:53.020  4352  4352 I DigitalHorizontalHmsClockView_LOCK_SCREEN_8@268: 	[BODY_BOTTOM, Rect(112, 1358 - 967, 1828):0/fff2f2f2/2.6386902/0.49979535, 23.157894/0.3877551/0.5764706]
11-30 13:40:53.020  4352  4352 I DigitalHorizontalHmsClockView_LOCK_SCREEN_8@268: 	[NAVIBAR, Rect(112, 2092 - 967, 2255):0/ffeaeaea/2.675507/0.505548, 20.769232/0.3561644/0.28627452]
11-30 13:40:53.020  4352  4352 I DigitalHorizontalHmsClockView_LOCK_SCREEN_8@268: 	[BACKGROUND, Rect(0, 0 - 1080, 2340):0/ffededed/2.5682406/0.4887876, 22.32558/0.41747573/0.40392157]
11-30 13:40:53.020  4352  4352 I DigitalHorizontalHmsClockView_LOCK_SCREEN_8@268: setWallpaperColorItem: 0/fff0f0f0/2.5863109/0.4916111, 23.571428/0.42105263/0.52156866
11-30 13:40:53.020  4352  4352 I AdaptiveTextColorCalculator: calcTextColor:  Full: #FF8A654E [22,999998, 0,277778, 0,423529] / Area: #FF85634D [23,571424, 0,266667, 0,411765] (44,865941) / Adaptive: targetL 88,453590 adjustedAdaptiveColor: #FFF5D7DA [354,500000, 0,597778, 0,901672] / base: 68,000000 HSL Offset[0,000000, 0,320000 ,0,000000] took 0,005000 ms
11-30 13:40:53.020  4352  4352 D WallpaperManager: semGetWallpaperColors: which = 2
11-30 13:40:53.020  4352  4352 D SemWallpaperColorsArea: SemWallpaperColorsArea [1080, 2340] which: 6 rotation: 0 has Base: false
11-30 13:40:53.020  4352  4352 D SemWallpaperColorsArea: SemWallpaperColorsArea which = 6, mDensity : 2.8125, 1080x2340,384x832,26,48, 7
11-30 13:40:53.020  4352  4352 I SemWallpaperColorsArea: Final area : Rect(67, 19 - 1012, 73)
11-30 13:40:53.020  4352  4352 I SemWallpaperColorsArea: Final area : Rect(112, 466 - 967, 756)
11-30 13:40:53.020  4352  4352 I SemWallpaperColorsArea: Final area : Rect(112, 1274 - 967, 1330)
11-30 13:40:53.020  4352  4352 I SemWallpaperColorsArea: Final area : Rect(112, 1358 - 967, 1828)
11-30 13:40:53.020  6601 23801 I [SCPMV2][RegistrationVerifier]: verify
11-30 13:40:53.020  4352  4352 I SemWallpaperColorsArea: Final area : Rect(112, 2092 - 967, 2255)
11-30 13:40:53.020  4352  4352 I SemWallpaperColorsArea: Final area : Rect(0, 0 - 1080, 2340)
11-30 13:40:53.020  4352  4352 I PaletteController: getPaletteItem = PALETTE_LOCK
11-30 13:40:53.020  4352  4352 I DigitalHorizontalHmsClockView_LOCK_SCREEN_8@268: updateBaseTargetPaletteItem: base=SOLID color : FFFAFAFA, target=SOLID color : FFCCCCCC
11-30 13:40:53.020  4352  4352 I DigitalHorizontalHmsClockView_LOCK_SCREEN_8@268: setPaletteIndex : index = 0, mIsWhiteWallpaper = false, PaletteItem = SOLID color : FFFAFAFA
11-30 13:40:53.020  6601 23801 I [SCPMV2][RegistrationVerifier]: callers : [com.samsung.android.themecenter, com.sec.android.app.hwmoduletest, com.sec.mhs.smarttethering, com.samsung.oda.service, com.samsung.android.svcagent, com.samsung.android.app.dressroom, com.sec.imslogger, com.samsung.android.dqagent, com.sec.android.app.servicemodeapp, com.samsung.android.knox.zt.framework, com.samsung.android.ese, com.samsung.android.provider.filterprovider, com.samsung.android.knox.pushmanager, com.samsung.android.app.omcagent, com.samsung.android.aircommandmanager, com.sec.bcservice, com.samsung.android.bixby.wakeup, com.android.providers.settings, com.samsung.android.da.daagent, com.samsung.android.motionphoto.app, com.samsung.android.forest, com.sec.sve, com.samsung.android.app.esimkeystring, com.sec.android.emergencylauncher, com.samsung.android.providers.factory, com.sec.imsservice, com.android.server.telecom, com.sec.android.diagmonagent, com.samsung.android.cameraxservice, com.sec.modem.settings, com.sec.epdg, com.samsung.android.stickercenter, com.sec.android.app.uwbtest, com.samsung.gpuwatchapp, com.sec.android.app.factorykeystring, com.samsung.android.hdmapp, com.sec.android.app.wlantest, com.android.keychain, com.samsung.SMT, com.samsung.android.photoremasterservice, android, com.samsung.android.bbc.bbcagent, com.android.dynsystem, com.android.localtransport, com.sec.app.RilErrorNotifier, com.samsung.android.emergency, com.sec.factory.camera, com.sec.android.iaft, com.samsung.android.lool, com.samsung.euicc, com.samsung.android.fmm, com.samsung.android.smartface, com.samsung.android.camerasdkservice, com.android.settings, com.samsung.android.smartswitchassistant, com.samsung.android.brightnessbackupservice, com.sec.android.app.quicktool, com.sem.factoryapp, com.skms.android.agent, com.sec.android.app.dexonpc, com.samsung.accessibility, com.sec.android.soagent, com.android.location.fused, com.sec.android.app.personalization, com.sec.android.app.desktoplauncher, com.samsung.android.biometrics.app.setting, com.samsung.android.vtcamerasettings, com.sec.usbsettings, com.sec.android.sdhms, com.samsung.android.vexfwk.service, com.samsung.sait.sohservice, com.samsung.android.dck.timesync, com.samsung.android.knox.mpos, com.sec.android.app.parser, com.samsung.android.wifi.ai, com.sec.automation, com.samsung.android.mdecservice, com.sec.android.app.RilPhoneNumberService, com.qualcomm.qti.services.systemhelper, com.qti.snapdragon.qdcm_ff, com.sec.android.CcInfo, com.sec.android.smartfpsadjuster, com.samsung.aasaservice, com.sec.facatfunction, com.wssyncmldm, com.samsung.android.globalpostprocmgr, com.android.inputdevices, com.sec.android.app.SecSetupWizard, com.samsung.android.knox.attestation]
11-30 13:40:53.020  4352  4352 I DigitalHorizontalHmsClockView_LOCK_SCREEN_8@268: updatePaletteItemTransition : paletteItem = SOLID color : FFFAFAFA, animation = false, dozeAmount = 0.0
11-30 13:40:53.020  6601 23801 I [SCPMV2][ScpmPermissionChecker]: permissionState for read scpm : true
11-30 13:40:53.020  4352  4352 I DigitalHorizontalHmsClockView_LOCK_SCREEN_8@268: updateShadowStyle: shadow : [ShadowStyle: shadowRadius = 5.625, shadowDx = 0.0, shadowDy = 0.0, shadowColor = 1A000000]
11-30 13:40:53.021  4352  4352 D FaceWidgetClockPage_Full: updateClockSuspendState() reason = wakingup, suspend=true, pause=false, kv=true, wa=false, di=true, wu=false, aodDash=false
11-30 13:40:53.021  4352  4352 I DigitalHorizontalHmsClockView_LOCK_SCREEN_8@268: suspend : mSuspend = true, enable = true
11-30 13:40:53.021  4352  4352 D FaceWidgetClockPage_Full: updateClockColor() page state : DASHBOARD
11-30 13:40:53.021  4352  4352 I DigitalHorizontalHmsClockView_LOCK_SCREEN_8@268: setSemWallpaperColors: [version:22, which:2, adaptive dim:0.0/0, darkmode dim:0.15]
11-30 13:40:53.021  4352  4352 I DigitalHorizontalHmsClockView_LOCK_SCREEN_8@268: 	[SeedColors, [-7707314]]
11-30 13:40:53.021  4352  4352 I DigitalHorizontalHmsClockView_LOCK_SCREEN_8@268: 	[STATUSBAR, Rect(67, 19 - 1012, 73):0/ffffffff/1.0/0.1, 0.0/0.0/0.0]
11-30 13:40:53.021  4352  4352 I DigitalHorizontalHmsClockView_LOCK_SCREEN_8@268: 	[BODY_TOP, Rect(112, 466 - 967, 756):0/fff0f0f0/2.5863109/0.4916111, 23.571428/0.42105263/0.52156866]
11-30 13:40:53.021  4352  4352 I DigitalHorizontalHmsClockView_LOCK_SCREEN_8@268: 	[BODY_MID, Rect(112, 1274 - 967, 1330):0/ffffffff/1.0/0.1, 0.0/0.0/0.0]
11-30 13:40:53.021  4352  4352 I DigitalHorizontalHmsClockView_LOCK_SCREEN_8@268: 	[BODY_BOTTOM, Rect(112, 1358 - 967, 1828):0/fff2f2f2/2.6386902/0.49979535, 23.157894/0.3877551/0.5764706]
11-30 13:40:53.021  4352  4352 I DigitalHorizontalHmsClockView_LOCK_SCREEN_8@268: 	[NAVIBAR, Rect(112, 2092 - 967, 2255):0/ffeaeaea/2.675507/0.505548, 20.769232/0.3561644/0.28627452]
11-30 13:40:53.021  4352  4352 I DigitalHorizontalHmsClockView_LOCK_SCREEN_8@268: 	[BACKGROUND, Rect(0, 0 - 1080, 2340):0/ffededed/2.5682406/0.4887876, 22.32558/0.41747573/0.40392157]
11-30 13:40:53.021  4352  4352 I DigitalHorizontalHmsClockView_LOCK_SCREEN_8@268: setWallpaperColorItem: 0/fff0f0f0/2.5863109/0.4916111, 23.571428/0.42105263/0.52156866
11-30 13:40:53.021  4352  4352 I AdaptiveTextColorCalculator: calcTextColor:  Full: #FF8A654E [22,999998, 0,277778, 0,423529] / Area: #FF85634D [23,571424, 0,266667, 0,411765] (44,865941) / Adaptive: targetL 88,453590 adjustedAdaptiveColor: #FFF5D7DA [354,500000, 0,597778, 0,901672] / base: 68,000000 HSL Offset[0,000000, 0,320000 ,0,000000] took 0,004531 ms
11-30 13:40:53.021  4352  4352 D WallpaperManager: semGetWallpaperColors: which = 2
11-30 13:40:53.021  4352  4352 D SemWallpaperColorsArea: SemWallpaperColorsArea [1080, 2340] which: 6 rotation: 0 has Base: false
11-30 13:40:53.021  4352  4352 D SemWallpaperColorsArea: SemWallpaperColorsArea which = 6, mDensity : 2.8125, 1080x2340,384x832,26,48, 7
11-30 13:40:53.021  4352  4352 I SemWallpaperColorsArea: Final area : Rect(67, 19 - 1012, 73)
11-30 13:40:53.021  4352  4352 I SemWallpaperColorsArea: Final area : Rect(112, 466 - 967, 756)
11-30 13:40:53.021  4352  4352 I SemWallpaperColorsArea: Final area : Rect(112, 1274 - 967, 1330)
11-30 13:40:53.021  4352  4352 I SemWallpaperColorsArea: Final area : Rect(112, 1358 - 967, 1828)
11-30 13:40:53.021  4352  4352 I SemWallpaperColorsArea: Final area : Rect(112, 2092 - 967, 2255)
11-30 13:40:53.021  4352  4352 I SemWallpaperColorsArea: Final area : Rect(0, 0 - 1080, 2340)
11-30 13:40:53.021  6601 23801 I [SCPMV2][RegistrationDataManager]: cursor count : 1
11-30 13:40:53.020  3014  5157 D ActivityManager: unpendingScheduleServiceRestart: u=10388, drop=false
11-30 13:40:53.021  6601 23801 I [SCPMV2][RegistrationDataManager]: register: 0x0yorj6ns
11-30 13:40:53.021  4352  4352 I PaletteController: getPaletteItem = PALETTE_LOCK
11-30 13:40:53.021  4352  4352 I DigitalHorizontalHmsClockView_LOCK_SCREEN_8@268: updateBaseTargetPaletteItem: base=SOLID color : FFFAFAFA, target=SOLID color : FFCCCCCC
11-30 13:40:53.021  4352  4352 I DigitalHorizontalHmsClockView_LOCK_SCREEN_8@268: setPaletteIndex : index = 0, mIsWhiteWallpaper = false, PaletteItem = SOLID color : FFFAFAFA
11-30 13:40:53.021  4352  4352 I DigitalHorizontalHmsClockView_LOCK_SCREEN_8@268: updatePaletteItemTransition : paletteItem = SOLID color : FFFAFAFA, animation = false, dozeAmount = 0.0
11-30 13:40:53.021  4352  4352 I DigitalHorizontalHmsClockView_LOCK_SCREEN_8@268: updateShadowStyle: shadow : [ShadowStyle: shadowRadius = 5.625, shadowDx = 0.0, shadowDy = 0.0, shadowColor = 1A000000]
11-30 13:40:53.021  4352  4352 D FaceWidgetClockPage_Full: updateClockSuspendState() reason = wakingup, suspend=true, pause=false, kv=true, wa=false, di=true, wu=false, aodDash=false
11-30 13:40:53.021  4352  4352 I DigitalHorizontalHmsClockView_LOCK_SCREEN_8@268: suspend : mSuspend = true, enable = true
11-30 13:40:53.021  4352  4352 D FaceWidgetClockPage_Full: updateClockColor() page state : DASHBOARD
11-30 13:40:53.021  4352  4352 I DigitalHorizontalHmsClockView_LOCK_SCREEN_8@268: setSemWallpaperColors: [version:22, which:2, adaptive dim:0.0/0, darkmode dim:0.15]
11-30 13:40:53.021  4352  4352 I DigitalHorizontalHmsClockView_LOCK_SCREEN_8@268: 	[SeedColors, [-7707314]]
11-30 13:40:53.021  4352  4352 I DigitalHorizontalHmsClockView_LOCK_SCREEN_8@268: 	[STATUSBAR, Rect(67, 19 - 1012, 73):0/ffffffff/1.0/0.1, 0.0/0.0/0.0]
11-30 13:40:53.021  4352  4352 I DigitalHorizontalHmsClockView_LOCK_SCREEN_8@268: 	[BODY_TOP, Rect(112, 466 - 967, 756):0/fff0f0f0/2.5863109/0.4916111, 23.571428/0.42105263/0.52156866]
11-30 13:40:53.021  4352  4352 I DigitalHorizontalHmsClockView_LOCK_SCREEN_8@268: 	[BODY_MID, Rect(112, 1274 - 967, 1330):0/ffffffff/1.0/0.1, 0.0/0.0/0.0]
