11-30 13:40:52.976  2106  7020 I sec_fr_FaceCameraController: available camera id : 0
11-30 13:40:52.976  2106  7020 I sec_fr_FaceCameraController: available camera id : 1
11-30 13:40:52.976  2106  7020 I sec_fr_FaceCameraController: available camera id : 2
11-30 13:40:52.976  2106  7020 I sec_fr_FaceCameraController: available camera id : 3
11-30 13:40:52.976  2106  7020 I sec_fr_FaceCameraController: available camera id : 4
11-30 13:40:52.976  2106  7020 I sec_fr_FaceCameraController: available camera id : 20
11-30 13:40:52.976  2106  7020 I sec_fr_FaceCameraController: available camera id : 21
11-30 13:40:52.976  2106  7020 I sec_fr_FaceCameraController: available camera id : 23
11-30 13:40:52.976  2106  7020 I sec_fr_FaceCameraController: available camera id : 52
11-30 13:40:52.976  2106  7020 I sec_fr_FaceCameraController: available camera id : 56
11-30 13:40:52.976  2106  7020 I sec_fr_FaceCameraController: available camera id : 58
11-30 13:40:52.976  2106  7020 I sec_fr_FaceCameraController: available camera id : 90
11-30 13:40:52.976  2199  4653 D AudioFlinger: setParameters: filtered dev setParameters keyvalue screen_state=on
11-30 13:40:52.976  2106  7020 I sec_fr_Config: getCameraInfo - mCameraInfo.size()=1
11-30 13:40:52.976  2106  7020 I sec_fr_FaceCameraController: FaceCameraController::openCamera()
11-30 13:40:52.976  2106  7020 I sec_fr_FaceCameraController: FaceCameraController::createCameraClient
11-30 13:40:52.976  2106  7020 I sec_fr_FaceCameraClient: [0] FaceCameraClient::FaceCameraClient()
11-30 13:40:52.976  2106  7020 I sec_fr_FaceCameraClient: client instatnce(0xb4000071070ee000)
11-30 13:40:52.976  2106  7020 I sec_fr_FaceCameraClient: [0] FaceCameraClient::init()
11-30 13:40:52.976  2106  7020 I sec_fr_FaceCameraClient: [0] camera id is 4
11-30 13:40:52.976  2106  7020 I sec_fr_FaceCameraController: notifyLoadTA
11-30 13:40:52.976  2106  7020 I sec_fr_FaceRecognizer: setSecureFrameCnt=1
11-30 13:40:52.976  2106  7020 I sec_fr_NativeFaceService: executionByStep - Continue : i(1) size(3)
11-30 13:40:52.976  2106  7020 I sec_fr_NativeFaceService: executionByStep[3] - state(0x8) mState(7) toState(15)
11-30 13:40:52.976  2106  7020 I sec_fr_NativeFaceService: startStream - mCmdMode (3)
11-30 13:40:52.976  2106  7020 E sec_fr_NativeFaceService: wait callback state(1)
11-30 13:40:52.976  2106 17453 I sec_fr_FaceWorkerManager: S onCreateBufferQueue idx=0
11-30 13:40:52.976  2106 17453 I sec_fr_AImageClient: AImageClient created (0xb40000710561c460)
11-30 13:40:52.976  2106 17456 I sec_fr_FaceCameraController: FaceCameraController::onOpenCameraClient()
11-30 13:40:52.976  2106 17453 I sec_fr_AImageClient: init(0)(640)(480)(35)(4)
11-30 13:40:52.976  2106 17456 I sec_fr_FaceCameraController: waiting for camera availability
11-30 13:40:52.976  2106 17456 I sec_fr_FaceTimer: FaceCameraController.OpenDelayedCamera : start
11-30 13:40:52.977  2106 17453 W libc    : Access denied finding property "vendor.display.enable_optimal_refresh_rate"
11-30 13:40:52.977  2106 17456 I sec_fr_FaceTimer: FaceCameraController.PrintDelayLog : start
11-30 13:40:52.977  2089  8747 D AHAL: AudioDevice: SetParameters: 1799: enter
11-30 13:40:52.977  2106 17453 I sec_fr_SurfaceManager: SurfaceManager is created
11-30 13:40:52.977  2106 17453 I sec_fr_SurfaceManager: createNativeWindow
11-30 13:40:52.977  2089  8747 D AHAL: AudioVoice: VoiceSetParameters: 171: Enter
11-30 13:40:52.977  2089  8747 D AHAL: AudioVoice: VoiceSetParameters: 416: Exit ret: 0
11-30 13:40:52.977  2089  8747 D AHAL: hfp: hfp_set_parameters: 447: enter
11-30 13:40:52.977  2089  8747 D AHAL: AudioDevice: SetParameters: 1879:  - screen = on
11-30 13:40:52.977  2089  8747 I PAL: ResourceManager: setParameter: 9278: Screen State:1
11-30 13:40:52.977  2089  8747 D AHAL: AudioDevice: SetParameters: 2521: exit: screen_state=on
11-30 13:40:52.977  2089  4157 I Audio_a2dpsink_hw: adev_set_parameters: kevpairs=[screen_state=on]
11-30 13:40:52.977  4816  4816 I HoneySpace.EdgePanel.EdgeWindowController: handleUpdateWindowParam
11-30 13:40:52.977  4352  4408 I VRI[ShellDropTarget]@634215: onDisplayChanged oldDisplayState=4 newDisplayState=2
11-30 13:40:52.978  3014  3430 D BrightnessThermalClamper: Thermal status observer already started
11-30 13:40:52.977 28646 28646 I VRI[LauncherActivity]@f34dff: onDisplayChanged oldDisplayState=4 newDisplayState=2
11-30 13:40:52.978  3014  6871 W CocktailBarStatePolicyController: updateWindowType: current window type is requested window type(1)
11-30 13:40:52.978  4816  4816 I HoneySpace.EdgePanel.EdgeWindowController: updateTouchRect: dynamicInputRegion=155087711@LastEvent=t=1764502800365Rect(25, 0 - 67, 311),Rect=Rect(25, 0 - 67, 311)
11-30 13:40:52.978  4352  4427 D StackScroller: onDisplayChanged for predraw skip to 2
11-30 13:40:52.978  3014  6869 D TspStateManager: holeName: com.sec.android.app.launcher, direction: 2, startY: 299, endY: 610
11-30 13:40:52.978  3014  3038 D CoreBackPreview: Window{f9b7b21 u0 NotificationShade}: Setting back callback OnBackInvokedCallbackInfo{mCallback=android.window.IOnBackInvokedCallback$Stub$Proxy@c9d0e8a, mPriority=0, mIsAnimationCallback=false}
11-30 13:40:52.979  3014 17464 D SemInputDeviceManager: setProperty: (0) CMD,GRIP_DATA,0,2,299,610
11-30 13:40:52.979 13927 13927 I CAMERA_CONTROLLER: [2]a.p():2 - display changed
11-30 13:40:52.979 13927 13927 I CAMERA_CONTROLLER: [2]a.p():2
11-30 13:40:52.979  3014  3038 D WifiDisplayAdapter: isFitToActiveDisplayLocked : false
11-30 13:40:52.979 13927 13927 I CAMERA_CONTROLLER: [2]ProviderServiceImpl.checkDisplayModePortrait():39 - presentationDisplaynull
11-30 13:40:52.979 13927 13927 W CAMERA_CONTROLLER: [2]a.A():2 - presentationDisplay is null, return
11-30 13:40:52.979  3014  3308 D RefreshRateModeManager: updateDefaultDisplayToken: android.os.BinderProxy@761a7ca, isChanged: false
11-30 13:40:52.979 13927 13927 W CAMERA_CONTROLLER: [2]ProviderServiceImpl$registerDisplayListener$displayListener$1.onDisplayChanged():17 - display is not portrait mode 
11-30 13:40:52.980  2106 17457 I sec_fr_FaceCameraController: FaceCameraController::onCameraAvailable() cameraId(0)
11-30 13:40:52.980  2106 17457 I sec_fr_FaceCameraController: FaceCameraController::onCameraAvailable() cameraId(1)
11-30 13:40:52.980  2106 17457 I sec_fr_FaceCameraController: FaceCameraController::onCameraAvailable() cameraId(2)
11-30 13:40:52.980  2106 17457 I sec_fr_FaceCameraController: FaceCameraController::onCameraAvailable() cameraId(3)
11-30 13:40:52.980  2106 17457 I sec_fr_FaceCameraController: FaceCameraController::onCameraAvailable() cameraId(4)
11-30 13:40:52.980  2106 17457 I sec_fr_FaceCameraController: FaceCameraController::onCameraAvailable() cameraId(20)
11-30 13:40:52.980  2106 17457 I sec_fr_FaceCameraController: FaceCameraController::onCameraAvailable() cameraId(21)
11-30 13:40:52.980  2106 17457 I sec_fr_FaceCameraController: FaceCameraController::onCameraAvailable() cameraId(23)
11-30 13:40:52.980  2106 17457 I sec_fr_FaceCameraController: FaceCameraController::onCameraAvailable() cameraId(52)
11-30 13:40:52.980  2106 17457 I sec_fr_FaceCameraController: FaceCameraController::onCameraAvailable() cameraId(56)
11-30 13:40:52.980  2106 17457 I sec_fr_FaceCameraController: FaceCameraController::onCameraAvailable() cameraId(58)
11-30 13:40:52.980  2106 17457 I sec_fr_FaceCameraController: FaceCameraController::onCameraAvailable() cameraId(90)
11-30 13:40:52.980  2106 17456 I sec_fr_FaceCameraController: FaceCameraController::openCameraClient
11-30 13:40:52.980  2106 17456 I sec_fr_FaceCameraController: FaceCameraController::deleteTimers
11-30 13:40:52.980  2106 17456 I sec_fr_FaceCameraController: FaceCameraController::deleteTimer
11-30 13:40:52.980  2106 17456 I sec_fr_FaceTimer: stop_l : mId (117681984)
11-30 13:40:52.980  2106 17456 I sec_fr_FaceTimer: FaceCameraController.OpenDelayedCamera : ~FaceTimer
11-30 13:40:52.980  2106 17456 I sec_fr_FaceTimer: FaceCameraController.OpenDelayedCamera : release_l
11-30 13:40:52.980  2106 17456 I sec_fr_FaceTimer: stop_l : mId (0)
11-30 13:40:52.980  2106 17456 I sec_fr_FaceCameraController: FaceCameraController::deleteTimer
11-30 13:40:52.980  2106 17456 I sec_fr_FaceTimer: stop_l : mId (117682032)
11-30 13:40:52.980  2106 17456 I sec_fr_FaceTimer: FaceCameraController.PrintDelayLog : ~FaceTimer
11-30 13:40:52.980  2106 17456 I sec_fr_FaceTimer: FaceCameraController.PrintDelayLog : release_l
11-30 13:40:52.980  2106 17456 I sec_fr_FaceTimer: stop_l : mId (0)
11-30 13:40:52.980  2103  2103 I sensors-hal: set_config:65, no need to adjust sample_period_ns due to reporting_mode = 2
11-30 13:40:52.980  9059  9059 I VRI[InputMethod]@1ddc4d8: onDisplayChanged oldDisplayState=4 newDisplayState=2
11-30 13:40:52.980  2103  2103 I sensors-hal: batch:369, com.samsung.sensor.light_seamless/1782, period=250000000, max_latency=0 request completed
11-30 13:40:52.980  3014  3014 D ActivityManager: sync unfroze 14865 com.skms.android.agent:remote for 6
11-30 13:40:52.980  2103  2103 I sensors-hal: activate:285, com.samsung.sensor.light_seamless/1782 en=1
11-30 13:40:52.980  2103  2103 I sensors-hal: acquire_ssc_interface:114, acquire_ssc_interface with sensor_id 34 , conn_type 1 
11-30 13:40:52.980  2103  2103 I sensors-hal: acquire_ssc_interface:117, returning _shared_instance[SHARED_ON_CHANGE_WAKEUP].conn - wakeup 
11-30 13:40:52.980  2103  2103 I sensors-hal: acquire_shared_instance:148, re-use existing connection for type 1 
11-30 13:40:52.980  2103  2103 I sensors-hal: register_cb:305, register_cb start this=0xb40000795eeec600x
11-30 13:40:52.980  2103  2103 I sensors-hal: register_cb:321, register_cb End with succes
11-30 13:40:52.980  2103  2103 I sensors-hal: send_sensor_config_request:658, dt=light_seamless: convert sample_period=250000000 to batch_period=250000
11-30 13:40:52.981  2103  2103 I sensors-hal: send_sync_sensor_request:521, send sync request
11-30 13:40:52.981  2103  2103 I sensors-hal: send_sync_sensor_request:531, send_sync_sensor_request before send_request for light_seamless with SUID low=11039298318857557060 high=1340270623893619472
11-30 13:40:52.981  2103  2103 I sensors-hal: send_request:330, send_request start this=0xb40000795eeec600x 
11-30 13:40:52.981  3014  3892 I InputReader: Reconfiguring input devices, changes=DISPLAY_INFO
11-30 13:40:52.981  3014  3014 D ActivityManager: Received SERVICE intent 0xbbb806a Key{startService pkg=com.google.android.gms/com.google.android.gms.auth_authzen__phone intent=act=com.google.android.gms.auth.authzen.cryptauth.DEVICE_STATE_CHECK_DELAY_COMPLETE cat=[targeted_intent_op_prefix:.auth.authzen.cryptauth.DeviceStateSyncManager$CheckStateEventIntentOperation] cmp=com.google.android.gms/.chimera.GmsIntentOperationService flags=0x2000000 u=0} requestCode=0 from uid 1000
11-30 13:40:52.981  3014  3892 I InputReader: support feature by TSP : 0x10325
11-30 13:40:52.981  3014  3892 I InputReader: Device reconfigured: id=6, name='sec_touchscreen', size 1080x2340, orientation Rotation0, mode DIRECT, display id 0
11-30 13:40:52.981  2103  2103 I sensors-hal: send_request:415, send_request completed, this=0xb40000795eeec600x
11-30 13:40:52.981  2103  2103 I sensors-hal: send_sync_sensor_request:552, wait for notification of response
11-30 13:40:52.981  3014  3014 D SGM:GameManager: onDisplayChanged. displyId: 0, state: 2
11-30 13:40:52.981  3014  3014 I SemMdnieManagerService: DisplayListener onDisplayChanged. mAlwaysOnDisplayEnabled : false , mDisplayOn : false , mDisplayState : 2 , mWorkBlueFilter : true , mNightModeBlock : true
11-30 13:40:52.981  3014  3014 D EyeComfortSolutionService: mBlueLightFilterAdaptiveModeEnabled: true , mBlueLightFilterScheduledTime: false
11-30 13:40:52.981 15583 15583 I BufferQueueProducer: [](id:3cdf00000005,api:0,p:0,c:15583) setDequeueTimeout:2077252342
11-30 13:40:52.982  2103  4102 I sensors-hal: ssc_conn_resp_cb:941, resp_value = 0 for light_seamless 
11-30 13:40:52.982  3014  3912 D SGM:FgCheckThread: onLooperPrepared(), msg: MSG_LCD_ON
11-30 13:40:52.982  2103  4102 I sensors-hal: handle_resp_cb:517, handle_resp_cb Ended this=0xb40000795eeec600x
11-30 13:40:52.982  3014  3912 D SGM:FgCheckThread: handleLcdOn(). isDeviceLocked: true, inKeyguardRestrictedInputMode: true
11-30 13:40:52.982  3014  3912 D SGM:FgCheckThread: handleLcdOn(). getPkgName: com.sec.android.app.launcher, getUserId: 0
11-30 13:40:52.982  2103  2103 I sensors-hal: send_sync_sensor_request:558, takes 0 ms to receive the response with 0
11-30 13:40:52.982  2103  2103 I sensors-hal: activate:303, com.samsung.sensor.light_seamless/1782 en=1 completed
11-30 13:40:52.982  3014  5800 D LiftUpHandler: [LTW] Stopping by Screen On.
11-30 13:40:52.982  3014  3308 D SensorManager: registerListener :: 1782, Light seamless  Wakeup, 250000, 0, com.android.server.display.mode.DisplayModeDirector$BrightnessObserver$LightSensorEventListener@d107c4a
11-30 13:40:52.982  3014 17464 D TspStateManager: wrote command: cmd=0,2,299,610, type=3
11-30 13:40:52.983  2106 17460 I sec_fr_FaceCameraClient: [0] FaceCameraClient::onOpenCamera()
11-30 13:40:52.983  2106 17460 I sec_fr_FaceCameraClient: [0] S openCamera
11-30 13:40:52.983  3014  4096 D MotionRecognitionService: Receiver: ACTION_SCREEN_ON
11-30 13:40:52.983  3014  6869 V WindowManager: Relayout Window{9fee87e u0 KeyguardBiometricToastView}: viewVisibility=8 req=912x193 ty=2228 d0
11-30 13:40:52.984  2179  2179 I sysinput:Touch: writeInformation:249, OK
11-30 13:40:52.984  3014  4094 I CAE     : handleMessage(CaPowerManager.java:194) - AP_WAKEUP
11-30 13:40:52.984  3014  4094 I CAE     : updateApPowerStatus(SensorHubParserProvider.java:461) - AP_WAKEUP
11-30 13:40:52.984  3014  4094 I CAE     : getContextType(FreeFallDetection.java:25) - FFD getContextType
11-30 13:40:52.984  3014  6869 V WindowManager: Relayout hash=9fee87e, pid=4352, syncId=-1: mAttrs={(0,0)(wrapxwrap) gr=TOP CENTER sim={adjust=pan} ty=2228 fmt=TRANSLUCENT
11-30 13:40:52.984  3014  6869 V WindowManager:   fl=1000318
11-30 13:40:52.984  3014  6869 V WindowManager:   pfl=10
11-30 13:40:52.984  3014  6869 V WindowManager:   bhv=1
11-30 13:40:52.984  3014  6869 V WindowManager:   fitTypes=206
11-30 13:40:52.984  3014  6869 V WindowManager:   frameRateBoostOnTouch=true
11-30 13:40:52.984  3014  6869 V WindowManager:   dvrrWindowFrameRateHint=true naviIconColor=0
11-30 13:40:52.984  3014  6869 V WindowManager:   sfl=20000}
11-30 13:40:52.984  3014  3014 I SemMdnieManagerService: DDI setNightMode : true, index : 11, str : (1 11)
11-30 13:40:52.984  3014  3014 D AODManagerService: requestReCalToTSP IsSingleTouchMode = falserequestedReCalToTSP = false / previousDisplayState = DOZE_SUSPEND
11-30 13:40:52.985  3014  4096 D MotionRecognitionService:   .isMotionEngineEnabled : true
11-30 13:40:52.985  3014  4096 D MotionRecognitionService: SCREEN_ON END
11-30 13:40:52.985  2027  2027 I Zygote  : Process 14618 exited due to signal 9 (Killed)
11-30 13:40:52.985  3014  3912 D SGM:FgCheckThread: process is not found.
11-30 13:40:52.985  3014  3902 D SysinputHAL_V1_3(V1_2): runTspCmdNoRead(TSP(1)): fod_enable,1,1,0,0 ret=0
11-30 13:40:52.985  3014  3902 D SemInputDevice:TSP: SetPropertyTask: CMD,set_grip_data,0,2,299,610 [11-30 13:40:52.979]
11-30 13:40:52.986  4352  4352 I VRI[KeyguardBiometricToastView]@388ab41: Relayout returned: old=(0,0,1080,2340) new=(0,0,1080,2340) relayoutAsync=false req=(912,193)8 dur=4 res=0x0 s={false 0x0} ch=false seqId=0
11-30 13:40:52.986  2179  2179 I sysinput:Touch: writeInformation:249, OK
11-30 13:40:52.986  4352  4352 D VRI[KeyguardBiometricToastView]@388ab41: Not drawing due to not visible. Reason=View.GONE
11-30 13:40:52.986  4352  4352 W KeyguardSecurityViewFlipper: onMeasure: widthSpec MeasureSpec: EXACTLY 1080 should be AT_MOST
11-30 13:40:52.986  4352  4352 W KeyguardSecurityViewFlipper: onMeasure: heightSpec MeasureSpec: EXACTLY 2205 should be AT_MOST
11-30 13:40:52.986  3014  3902 D SysinputHAL_V1_3(V1_2): runTspCmdNoRead(TSP(1)): set_grip_data,0,2,299,610 ret=0
11-30 13:40:52.986  4352  4352 W KeyguardSecurityViewFlipper: onMeasure: widthSpec MeasureSpec: EXACTLY 1080 should be AT_MOST
11-30 13:40:52.986  4352  4352 W KeyguardSecurityViewFlipper: onMeasure: heightSpec MeasureSpec: EXACTLY 2205 should be AT_MOST
11-30 13:40:52.986  4352  4352 D PluginActionManager: stopListening
11-30 13:40:52.986  4352  4352 D DozeService: onDreamingStopped: 
11-30 13:40:52.986  3014  6870 D PowerManagerService: [api] acquire WakeLock DRAW_WAKE_LOCK                    'Doze' (uid=10041 pid=4352 displayId=-1 lock=cef9ce6)
11-30 13:40:52.986  4352  4352 I DozeMachine: transition: old=DOZE_AOD req=FINISH new=FINISH
11-30 13:40:52.986  4352  4352 D DozeServiceHost: stopDozing
11-30 13:40:52.986  4352  4352 D DozeServiceHost: updateDozing dozing = false / dozingRequested = false / state = KEYGUARD mode = 0
11-30 13:40:52.986  3014  4095 D SensorService: setSContextDataLocked ints length 2 , byte length 4
11-30 13:40:52.987  4352  4352 D AODOverlayContainer: setVisibility 8
11-30 13:40:52.987  4352  4352 I AODUiController: setIsDozing dozing:false
11-30 13:40:52.987  4352  4352 I AODAlarmTimer_AOD_CHARGING_INFO_TICK: cancelAlarm: 
11-30 13:40:52.987  4352  4352 D AODChargingModel: unregisterChargingLightSensor()
11-30 13:40:52.987 15583 15583 I BLASTBufferQueue_Java: new BLASTBufferQueue, mName= VRI[FP Iconview]@9e5531e mNativeObject= 0xb4000073405d6400 sc.mNativeObject= 0xb400007372f680c0 caller= android.view.ViewRootImpl.updateBlastSurfaceIfNeeded:3397 android.view.ViewRootImpl.relayoutWindow:11361 android.view.ViewRootImpl.performTraversals:4544 android.view.ViewRootImpl.doTraversal:3708 android.view.ViewRootImpl$TraversalRunnable.run:12542 android.view.Choreographer$CallbackRecord.run:1751 android.view.Choreographer$CallbackRecord.run:1760 android.view.Choreographer.doCallbacks:1216 android.view.Choreographer.doFrame:1142 android.view.Choreographer$FrameDisplayEventReceiver.run:1707 
11-30 13:40:52.987 15583 15583 I BLASTBufferQueue_Java: update, w= 1092 h= 2352 mName = VRI[FP Iconview]@9e5531e mNativeObject= 0xb4000073405d6400 sc.mNativeObject= 0xb400007372f680c0 format= -3 caller= android.graphics.BLASTBufferQueue.<init>:88 android.view.ViewRootImpl.updateBlastSurfaceIfNeeded:3397 android.view.ViewRootImpl.relayoutWindow:11361 android.view.ViewRootImpl.performTraversals:4544 android.view.ViewRootImpl.doTraversal:3708 android.view.ViewRootImpl$TraversalRunnable.run:12542 
11-30 13:40:52.987 24628 17458 I SupervisionStateMachine: Platform supervision is not available on this device. [CONTEXT service_id=42 ]
11-30 13:40:52.987  2592  7030 D Camera3-Utils: Set real time priority for thread (tid 7030)
11-30 13:40:52.987  2592  7030 I CameraService: CameraService::connect call (PID 2106 UID 1000 "client.pid<2106>", camera ID 4) and Camera API version 2
11-30 13:40:52.987  3014  4095 D SensorService: setSContextDataLocked d10db4
11-30 13:40:52.987  3014  6871 E AppOps  : package client.pid<2106> not found, can't check for attributionTag null
11-30 13:40:52.987  3014  6871 E AppOps  : Bad call made by uid 1047. Package "client.pid<2106>" does not belong to uid 1000.
11-30 13:40:52.987  3014  6871 E AppOps  : Cannot checkOperation: non-application UID 1000
11-30 13:40:52.987  2592  7030 I CameraService: isUidActiveLocked E: uid 1000, callingPackage client.pid<2106>, isRegistered true
11-30 13:40:52.987  2592  7030 I CameraService: isUidActiveLocked X: return true.
11-30 13:40:52.987  2103  2103 I sensors-hal: inject_sensor_data:413, handle 1501 send inject
11-30 13:40:52.987  2103  2103 I sensors-hal: sendContextData:286, sensor hal 4, (0xb4, 0xd, 0xd1, 0x0)
11-30 13:40:52.987  2103  2103 I sensors-hal: sendContextData:230, activities 4 b4, 1
11-30 13:40:52.987  2103  2103 I sensors-hal: sendUserData:251, Activities cmd 0xb4 0xd
11-30 13:40:52.987  2103  2103 I sensors-hal: sendUserData:260, Activities LCD on
11-30 13:40:52.987  2103  2103 I sensors-hal: create_send_context_data:80, sending create_send_context_data
11-30 13:40:52.987   975   975 I hwservicemanager: TokenManager tokens count added by (uid: 1000, pid: 2106), now: 1
11-30 13:40:52.988  2103  2103 I sensors-hal: send_context_data:707, activities, 4914309220830019584, 1320970896291267344, msgid:700
11-30 13:40:52.988  2103  2103 I sensors-hal: send_request:330, send_request start this=0xb40000795ee5ba00x 
11-30 13:40:52.988  2103  2103 I sensors-hal: send_request:415, send_request completed, this=0xb40000795ee5ba00x
11-30 13:40:52.988  2103  2103 I sensors-hal: sendContextData:95, common_info 4
11-30 13:40:52.988  2103  2103 I sensors-hal: sendUserData:116, CommonInfo 0xb4 0xd 0xd1 0x0, 13855623338770071552
11-30 13:40:52.988  2103  2103 I sensors-hal: create_send_context_data:68, sending create_send_context_data
11-30 13:40:52.988  2103  2103 I sensors-hal: send_context_data:707, common_info, 4914309147815575552, 1320970896291267344, msgid:700
11-30 13:40:52.988   975   975 I hwservicemanager: getTransport: Cannot find entry vendor.samsung.hardware.biometrics.face@3.0::ISehBiometricsFace/default in either framework or device VINTF manifest.
11-30 13:40:52.988  4578  5597 I BtGatt.ScanManager: handleScreenOn()
11-30 13:40:52.989  3014  3014 E PocketModeEvent: ACTION_SCREEN_ON(by 15)
11-30 13:40:52.989  3014  4099 D PocketModeEvent: MSG_TYPE_SCREEN_ON
11-30 13:40:52.989  4683  4683 D NfcService: applyScreenState(): screenState != mScreenState=2
11-30 13:40:52.989  4683  4683 D NfcService: MSG_APPLY_SCREEN_STATE 4
11-30 13:40:52.989  3014  3014 I AfterimageCompensationService: ACTION_SCREEN_ON
11-30 13:40:52.990  4683  4683 D [NFC_SE]SamsungExtension: onOemLogEventNotified: PersistableBundle[{action=518}]
11-30 13:40:52.990  4683  4683 D [NFC_SE]NfcOemLogHelper: reportLogEvent = PersistableBundle[{action=518}]
11-30 13:40:52.990  4683  4683 D [NFC_SE]NfcOemLogHelper: try to send FLD_ERROR
11-30 13:40:52.990  4683  4683 D [NFC_SE]NfcOemLogHelper: RF Field is disabled
11-30 13:40:52.990  2103  2103 I sensors-hal: send_request:330, send_request start this=0xb40000795ee5ba00x 
11-30 13:40:52.990  2103  2103 I sensors-hal: send_request:415, send_request completed, this=0xb40000795ee5ba00x
11-30 13:40:52.990  3014  3014 I MdnieScenarioControlService: action  :  android.intent.action.SCREEN_ON
11-30 13:40:52.990  3014  3014 D MdnieScenarioControlService: isLockScreenOn : true
11-30 13:40:52.990 20532 20532 I NearbyDiscovery: (REDACTED) FastPairDisplayObserver: %s -> %s
11-30 13:40:52.990  2106  2243 I sec_fr_SehFace: SehFace::getServicePid
11-30 13:40:52.990  2106  2243 I sec_fr_SehFace: FaceServicePID : 2106
11-30 13:40:52.990  2592  7030 I cameraserver: this package is a biometrics faceservice.
11-30 13:40:52.990  3014  3014 V MdnieScenarioControlService: mAclOffEnabled : false
11-30 13:40:52.990  2196  2196 I SSC_DAEMON: physical_sensor_test_req_msg Sensor type :4, Msg type:15
11-30 13:40:52.990  3014  6873 I EDMNativeHelperService: isFaceRecognitionAllowedEvenCameraBlocked 
11-30 13:40:52.990 20532 20691 I NearbyDiscovery: (REDACTED) PureOffloadFastPairScanner: eventType=%s, isInternalReq=%s, isScanning=%s, isScanningAllowed=%s
11-30 13:40:52.991  3014  4425 I EDMNativeHelperService: isCameraEnabled
11-30 13:40:52.991  3014  4425 D EDMNativeHelper: isCameraEnabled
11-30 13:40:52.991  4683  4683 D NfcService: doSetScreenState - MSG_APPLY_SCREEN_STATE
11-30 13:40:52.991  4683  4683 D libnfc_nci: notifyNfcEvt: evtString : nfcManager_doSetScreenState
11-30 13:40:52.991  4683  4683 D libnfc_nci: nfcManager_doSetScreenState: state = 4 prevScreenState= 2, discovry_param = 1
11-30 13:40:52.991  3014  4425 D EDMNativeHelper: checking for camera in EnterpriseDeviceManagerService
11-30 13:40:52.991  3014  4425 D EnterpriseDeviceManagerService: isCameraEnabledNative
11-30 13:40:52.991  3014  4425 D EnterpriseDeviceManagerService: checking for camera in restriction policy
11-30 13:40:52.991  3014  4425 D RestrictionPolicy: isCameraEnabled ret(true) userId(0) cxtInfo.mCallerUid(1000) cxtInfo.mContainerId(0)
11-30 13:40:52.991  2592  7030 I CameraService: CameraService::validateClientPermissionsLocked is ok : calling pid 2106, calling uid 1000, client client.pid<2106> , cameraservice pid=2592, device user 0, currently allowed device users: 0
11-30 13:40:52.991  2592  7030 I CameraService: CameraService::handleEvictionsLocked
11-30 13:40:52.991  3014  3014 I AdaptiveDisplaySolutionService: action  :  android.intent.action.SCREEN_ON
11-30 13:40:52.991  2592  7030 I CameraService: wouldEvictLocked: [incoming client] owner = 2106, priority-score=200, cost=100, returnIncompatibleClients=false
11-30 13:40:52.991  2592  7030 I CameraService: wouldEvictLocked: [cost info] current cost=0, adding cost=100, total cost=100, max cost=100
11-30 13:40:52.991  2592  7030 I CameraService: wouldEvictLocked: [highestPriority] owner=2106, score=200
11-30 13:40:52.991  2592  7030 I CameraFlashlight: prepareDeviceOpen: prepare for device open(cameraId=4)
11-30 13:40:52.992  2592  7030 I Camera2ClientBase: Camera 4: Opened. Client: client.pid<2106> (PID 2106, UID 1000)
11-30 13:40:52.992  2592  7030 I CameraDeviceClient: CameraDeviceClient 4: Opened
11-30 13:40:52.992  2592  7030 I CameraService: makeClient: Camera2 API, rotationOverride 0
11-30 13:40:52.992 20532 20691 I NearbyDiscovery: (REDACTED) ApFastPairScanner: isScreenOn=%s, isLocationEnabled=%s, disableLocationRequirement=%s, isDiscoveryScanningEnabled=%s, during24GhzWifiWarmingUpPeriod=%s
11-30 13:40:52.992  3014  3014 I EyeComfortSolutionService: action  :  android.intent.action.SCREEN_ON
11-30 13:40:52.992 15583 15583 W libc    : Access denied finding property "vendor.display.enable_optimal_refresh_rate"
11-30 13:40:52.992 15583 15583 W libc    : Access denied finding property "vendor.gpp.create_frc_extension"
11-30 13:40:52.992  2196  3813 I SSC_DAEMON: light_msg(4/15): lcd on - 83,0,0,13
11-30 13:40:52.992 15583 15583 I VRI[FP Iconview]@9e5531e: Relayout returned: old=(0,0,1080,2340) new=(0,0,1080,2340) relayoutAsync=false req=(1080,2340)0 dur=12 res=0x3 s={true 0xb4000073406cd800} ch=true seqId=0
11-30 13:40:52.992  3014  3014 D SemWifiApIntentHandler: rcvd:android.intent.action.SCREEN_ON
11-30 13:40:52.993  3014  4208 D SemWifiApPowerSaveImpl: Lcd ON
11-30 13:40:52.993  3014  4208 D SemWifiApSmartBleScanner: Screen is ON, restarting scanning
11-30 13:40:52.993  3014  4208 I SemWifiApAdvancedAutohotspotService:  Screen ON
11-30 13:40:52.993  2196  2196 I SSC_DAEMON: physical_sensor_test_req_msg Sensor type :13, Msg type:15
11-30 13:40:52.993  2196  2196 I SSC_DAEMON: 0.algo_id:5, num:1
11-30 13:40:52.993 15583 15583 I VRI[FP Iconview]@9e5531e: performConfigurationChange setNightDimText nightDimLevel=0
11-30 13:40:52.993  2592  7030 I CameraService: service.camera.client set to client.pid<2106>
11-30 13:40:52.993  3014  3358 I libprocessgroup: Removed cgroup /sys/fs/cgroup/uid_1000/pid_14618
11-30 13:40:52.993  2103  4091 I sensors-hal: ssc_conn_resp_cb:941, resp_value = 0 for activities 
11-30 13:40:52.993  2103  4091 I sensors-hal: handle_resp_cb:517, handle_resp_cb Ended this=0xb40000795ee5ba00x
11-30 13:40:52.993  3014  4481 I CameraManagerGlobal: Camera 4 facing CAMERA_FACING_FRONT state now CAMERA_STATE_OPENING for client client.pid<2106> API Level 2 User Id 0Device Id 0
11-30 13:40:52.993  2103  4091 I sensors-hal: ssc_conn_resp_cb:941, resp_value = 0 for common_info 
11-30 13:40:52.993  2103  4091 I sensors-hal: handle_resp_cb:517, handle_resp_cb Ended this=0xb40000795ee5ba00x
11-30 13:40:52.993  3014  5167 D BluetoothAdapter: isLeEnabled(): ON
11-30 13:40:52.993  3014  5167 D BluetoothLeScanner: Stop Scan with callback
11-30 13:40:52.994  3014  4481 I CameraManagerGlobal: onCameraDeviceStateChangedLocked: post device state update
11-30 13:40:52.994  3014  4481 I CameraManagerGlobal: onCameraDeviceStateChangedLocked: post device state update
11-30 13:40:52.994  3014  5242 I SemWifiApAdvancedAutohotspotService: got: CMD_SCREEN_ON
11-30 13:40:52.994  3014  5242 D SemWifiApAdvancedAutohotspotService: prev history :10
11-30 13:40:52.994  3014  5242 D SemWifiApSmartGattClient: mHotspotVersion value : 0
11-30 13:40:52.994  4352 14348 I CameraManagerGlobal: Camera 4 facing CAMERA_FACING_FRONT state now CAMERA_STATE_OPENING for client client.pid<2106> API Level 2 User Id 0Device Id 0
11-30 13:40:52.994  2592  7030 I Camera2ClientBase: initializeImpl: Initializing client for camera 4
11-30 13:40:52.994  2592  7030 D ijt/Camera3-RequestInjector: RequestInjector[4] Mapper created
11-30 13:40:52.994  4352 14348 I CameraManagerGlobal: onCameraDeviceStateChangedLocked: post device state update
11-30 13:40:52.994  3014  5242 I SemWifiApAdvancedAutohotspotService: getAdvnacedConnectionSetting() : 1
11-30 13:40:52.994  3014  5242 I SemWifiApAdvancedAutohotspotService: Never option is chosen
11-30 13:40:52.994  2592  7030 I Camera3-Device: Camera3Device: Created device for camera 4
11-30 13:40:52.994  9059 11459 I CameraManagerGlobal: Camera 4 facing CAMERA_FACING_FRONT state now CAMERA_STATE_OPENING for client client.pid<2106> API Level 2 User Id 0Device Id 0
11-30 13:40:52.994  2592  7030 I AidlCamera3-Device: new AidlCamera3Device E
11-30 13:40:52.994  2592  7030 I AidlCamera3-Device: SEH CameraDeviceCallback extension configure E
11-30 13:40:52.994  2592  7030 I AidlCamera3-Device: SEH CameraDeviceCallback extension configured X
11-30 13:40:52.994  2592  7030 I AidlCamera3-Device: new AidlCamera3Device X
11-30 13:40:52.994  2103  4102 I sensors-hal: ssc_conn_event_cb:901, event[0] sensor:Pocket mode  Wakeup, msg_id=715, ts=85670910483692
11-30 13:40:52.994  2592  7030 I CameraService: startCameraOps: Start camera ops, package name = client.pid<2106>, client UID = 1000
11-30 13:40:52.994  4680  4848 I CameraManagerGlobal: Camera 4 facing CAMERA_FACING_FRONT state now CAMERA_STATE_OPENING for client client.pid<2106> API Level 2 User Id 0Device Id 0
11-30 13:40:52.994 13563 14689 I CameraManagerGlobal: Camera 4 facing CAMERA_FACING_FRONT state now CAMERA_STATE_OPENING for client client.pid<2106> API Level 2 User Id 0Device Id 0
11-30 13:40:52.994  2103  4102 E libprotobuf-native: [libprotobuf ERROR external/protobuf/src/google/protobuf/message_lite.cc:123] Can't parse message of type "sns_std_sensor_event" because it is missing required fields: (cannot determine missing fields for lite message)
11-30 13:40:52.994  3014  3884 E CameraService_worker: Recent task list is empty!
11-30 13:40:52.994  3014  3884 I RequestInjectorService: Camera is opening. Start VT Camera Setting. cameraId(4), displayId(0)
11-30 13:40:52.994  7309  9141 I CameraManagerGlobal: Camera 4 facing CAMERA_FACING_FRONT state now CAMERA_STATE_OPENING for client client.pid<2106> API Level 2 User Id 0Device Id 0
11-30 13:40:52.994  7309  9141 I CameraManagerGlobal: onCameraDeviceStateChangedLocked: post device state update
11-30 13:40:52.994  7309  9141 I CameraManagerGlobal: onCameraDeviceStateChangedLocked: post device state update
11-30 13:40:52.994 14872 14891 I CameraManagerGlobal: Camera 4 facing CAMERA_FACING_FRONT state now CAMERA_STATE_OPENING for client client.pid<2106> API Level 2 User Id 0Device Id 0
11-30 13:40:52.994  2196  3813 I SSC_DAEMON: OD event:2,4,181916,0,0
11-30 13:40:52.994 15583 15583 I VRI[FP Iconview]@9e5531e: Creating new active sync group VRI[FP Iconview]@9e5531e#11
11-30 13:40:52.995  2103  2103 I sensors-hal: set_config:65, no need to adjust sample_period_ns due to reporting_mode = 2
11-30 13:40:52.995  2103  2103 I sensors-hal: batch:369, android.sensor.light/51, period=200000000, max_latency=0 request completed
11-30 13:40:52.995 15583 15612 I AdrenoGLES-0: QUALCOMM build                   : 58810a5932, I41ab8621fc
11-30 13:40:52.995 15583 15612 I AdrenoGLES-0: Build Date                       : 08/16/24
11-30 13:40:52.995 15583 15612 I AdrenoGLES-0: OpenGL ES Shader Compiler Version: E031.41.03.56
11-30 13:40:52.995 15583 15612 I AdrenoGLES-0: Local Branch                     : 
11-30 13:40:52.995 15583 15612 I AdrenoGLES-0: Remote Branch                    : refs/tags/AU_LINUX_ANDROID_LA.VENDOR.13.2.0.11.00.00.855.856
11-30 13:40:52.995 15583 15612 I AdrenoGLES-0: Remote Branch                    : NONE
11-30 13:40:52.995 15583 15612 I AdrenoGLES-0: Reconstruct Branch               : NOTHING
11-30 13:40:52.995 15583 15612 I AdrenoGLES-0: Build Config                     : S P 14.1.4 AArch64
11-30 13:40:52.995 15583 15612 I AdrenoGLES-0: Driver Path                      : /vendor/lib64/egl/libGLESv2_adreno.so
11-30 13:40:52.995 15583 15612 I AdrenoGLES-0: Driver Version                   : 0676.63
11-30 13:40:52.995  4352  4352 D SensorManager: unregisterListener
11-30 13:40:52.995  4352  4352 D FaceWidgetViewModel: setDozing false
11-30 13:40:52.995  4352  4352 D FaceWidgetMusicPageShownManager: mCurrentMediaData is NULL
11-30 13:40:52.995 28646 30085 I CameraManagerGlobal: Camera 4 facing CAMERA_FACING_FRONT state now CAMERA_STATE_OPENING for client client.pid<2106> API Level 2 User Id 0Device Id 0
11-30 13:40:52.995 15746 15759 I CameraManagerGlobal: Camera 4 facing CAMERA_FACING_FRONT state now CAMERA_STATE_OPENING for client client.pid<2106> API Level 2 User Id 0Device Id 0
11-30 13:40:52.995  4352  4352 D FaceWidgetMusicPageShownManager: updateMusicPageShownState() show = false, reattach = false, reason = doze
11-30 13:40:52.995  4352  4352 D FaceWidgetMusicPageShownManager: skip to show media panel
11-30 13:40:52.995  9059  9059 I HBD     : c currentConnectionState : false 
11-30 13:40:52.995  9059  9059 I HBD     : c currentConnectionState : false 
11-30 13:40:52.995  4352  4352 I NotificationIconsOnlyContainer: updateIsWhiteWallpaper() : mIsWhiteWallpaper=0
11-30 13:40:52.995  4352  4352 I NotificationIconsOnlyContainer: updateIconColor() : EDFFFFFF, 
11-30 13:40:52.995  8151  8550 I CameraManagerGlobal: Camera 4 facing CAMERA_FACING_FRONT state now CAMERA_STATE_OPENING for client client.pid<2106> API Level 2 User Id 0Device Id 0
11-30 13:40:52.996  4352  4352 I KeyguardNIOStatusBarController: updateIconAreaMargins() isDozing=false darkAmount=1.0 force=false currentFinalX=122 currentFinalY=98
11-30 13:40:52.996  4352  4352 I ViewPositionControllerManager: unregisterListener: NIO
11-30 13:40:52.996  4352  4352 I ViewPositionControllerManager: removePositionController: component=NIO, policy=PortNIO, count=2
11-30 13:40:52.996  4352  4352 I ComplicationWidgetPluginController: setDozing false 
11-30 13:40:52.996  4352  4352 I ComplicationManager: isComplicationVisible : true (dozing=false isFolderOpened=false isLand=false  isAODThemeImageOnly=false)
11-30 13:40:52.996  4352  4352 I KeyguardDozeTransitionManager: setDozing: false
11-30 13:40:52.996  3014  6873 V WindowManager: Relayout Window{a6faf52 u0 com.sec.android.app.launcher/com.samsung.app.honeyspace.edge.edgepanel.app.CocktailBarService}: viewVisibility=0 req=67x311 ty=2226 d0
11-30 13:40:52.996   975   975 I hwservicemanager: getTransport: Cannot find entry vendor.samsung.hardware.biometrics.face@3.0::ISehBiometricsFace/default in either framework or device VINTF manifest.
11-30 13:40:52.996  2213  2579 I SurfaceFlinger: id=724881 createSurf, flag=44004, com.sec.android.app.launcher/com.samsung.app.honeyspace.edge.edgepanel.app.CocktailBarService$_4816#724881
11-30 13:40:52.996  4352  4352 I AODThemeSettingsHelper: getAODSelectedThemeClock = 0
11-30 13:40:52.996  4352  4352 I ViewPositionControllerManager: unregisterListener: NowBar
11-30 13:40:52.996  4352  4352 I ViewPositionControllerManager: removePositionController: component=NowBar, policy=PortBottom, count=1
11-30 13:40:52.996  4352  4352 I NowBarColorModel#33717939: notifyColorChanged isWhiteWallpaper false darkAmount 1.0  darkMode false nowBarMode LOCKSCREEN dozing false
11-30 13:40:52.996  4352  4352 I ViewPositionControllerManager: unregisterListener: Battery
11-30 13:40:52.996  4352  4352 I ViewPositionControllerManager: removePositionController: component=Battery, policy=PortBattery, count=1
11-30 13:40:52.996  4352  4352 I ViewPositionControllerManager: removePositionController: component=NIO, policy=PortNIO, count=1
11-30 13:40:52.996  4352  4352 D MediaExpandStateObserver: onChanged MediaExpandStateModel(type=NONE, clockY=0.0, clockValidMaxScale=1.0, hasAnimation=true, isDozing=false, darkAmount=1.0, isMediaOutput=false)
11-30 13:40:52.996  4352  4352 D MediaExpandStateObserver: animateClipContainer NONE NONE
11-30 13:40:52.997  4352  4352 D KeyguardSecAffordanceView: reset LeftShortcut
11-30 13:40:52.997  4352  4352 D KeyguardSecAffordanceView: reset RightShortcut
11-30 13:40:52.997  4352  4352 D KeyguardTouchAnimator: reset unlockExecuted=false
11-30 13:40:52.997  4352  4352 D KeyguardEditModeAnimatorController: reset true
11-30 13:40:52.997  4352  4352 D KeyguardTouchAnimator: resetChildViewVI(): isUnlockExecuted=false scale=1.0
11-30 13:40:52.997  4352  4352 E LSO_LSOInterface: LSO Service is not yet ready!!!
11-30 13:40:52.997  4352  4352 I SecKeyguardClockPositionAlgorithm: getMediaContainerHeight() height = 0 container Visibility = 8, isValid = false, mIsDozing = false, source = 0, target = 0
11-30 13:40:52.997  4352  4352 D KeyguardUpdateMonitor: isUserUnlocked userId:0, unlocked:true
11-30 13:40:52.997  4352  4352 D KeyguardUpdateMonitor: isUserUnlocked userId:0, unlocked:true
11-30 13:40:52.997  4352  4352 D KeyguardSecBottomAreaViewController: updateCameraVisibility isCameraDisabled:false visible:true
11-30 13:40:52.997  4352  4352 D KeyguardUpdateMonitor: isUserUnlocked userId:0, unlocked:true
11-30 13:40:52.998  3014  6873 D WindowManager: makeSurface duration=2 name=com.sec.android.app.launcher/com.samsung.app.honeyspace.edge.edgepanel.app.CocktailBarService$_4816
11-30 13:40:52.998  2106  9521 I sec_fr_SehFace: SehFace::getServicePid
11-30 13:40:52.998  4352  4352 D KeyguardStatusBarNioLayoutRepository:   * notifyNioUpdated() !!!  size[1]       [pL:67, pR:67, H:74, mT:22, mR:143, rtl?false, (x2:432 - x1:180 = avW:252), iconSize:39, ratio:0,93, callChip?false, settingsShow?true, settingNio?true, numberOfNio?3, KSBV(a:1-v:0)] 
11-30 13:40:52.998  2106  9521 I sec_fr_SehFace: FaceServicePID : 2106
11-30 13:40:52.998  4352  4352 I FaceWidgetViewModel: onNioViewStateUpdated : alpha 1.0, visibility 0
11-30 13:40:52.998  2592  7030 I cameraserver: this package is a biometrics faceservice.
11-30 13:40:52.998  2592  7030 I CameraService: Drop updateStatus callbak for package client.pid<2106>(pid 2106)
11-30 13:40:52.998  2592  7030 I CameraService: Try register CameraPricacyPolicy for HW_BINDER
11-30 13:40:52.998  4352  4352 D KeyguardStatusBarViewExt: v:0, a:1,00, com.android.systemui.shade.NotificationPanelViewController.updateDozingVisibilities:20 com.android.systemui.shade.NotificationPanelViewController.setDozing:99 com.android.systemui.statusbar.phone.CentralSurfacesImpl.updateDozingState:104 com.android.systemui.statusbar.phone.CentralSurfacesImpl$18.onDozingChanged:85 com.android.systemui.statusbar.phone.DozeServiceHost.updateDozing:342 
11-30 13:40:52.998  4352  4352 D KeyguardStatusBarNioLayoutRepository:   * notifyNioUpdated() !!!  size[1]       [pL:67, pR:67, H:74, mT:22, mR:143, rtl?false, (x2:432 - x1:180 = avW:252), iconSize:39, ratio:0,93, callChip?false, settingsShow?true, settingNio?true, numberOfNio?3, KSBV(a:0-v:0)] 
11-30 13:40:52.999  4352  4352 I FaceWidgetViewModel: onNioViewStateUpdated : alpha 0.0, visibility 0
11-30 13:40:52.999  3014  6873 V WindowManager: Relayout hash=a6faf52, pid=4816, syncId=-1: mAttrs={(0,299)(67x311) gr=TOP RIGHT CENTER sim={adjust=nothing} layoutInDisplayCutoutMode=shortEdges ty=2226 fmt=TRANSPARENT
11-30 13:40:52.999  3014  6873 V WindowManager:   fl=81800108
11-30 13:40:52.999  3014  6873 V WindowManager:   pfl=10000070
11-30 13:40:52.999  3014  6873 V WindowManager:   apr=10
11-30 13:40:52.999  3014  6873 V WindowManager:   bhv=1
11-30 13:40:52.999  3014  6873 V WindowManager:   frameRateBoostOnTouch=true
11-30 13:40:52.999  3014  6873 V WindowManager:   dvrrWindowFrameRateHint=true
11-30 13:40:52.999  3014  6873 V WindowManager:  dimAmount=0.0 dimDuration=0 naviIconColor=0
11-30 13:40:52.999  3014  6873 V WindowManager:   sfl=420000}
11-30 13:40:52.999  4352  4352 D KeyguardStatusBarViewExt: v:0, a:0,00, com.android.systemui.shade.NotificationPanelViewController.updateDozingVisibilities:20 com.android.systemui.shade.NotificationPanelViewController.setDozing:99 com.android.systemui.statusbar.phone.CentralSurfacesImpl.updateDozingState:104 com.android.systemui.statusbar.phone.CentralSurfacesImpl$18.onDozingChanged:85 com.android.systemui.statusbar.phone.DozeServiceHost.updateDozing:342 
11-30 13:40:52.999  4352  4352 D KeyguardStatusBarNioLayoutRepository:   * notifyNioUpdated() !!!  size[1]       [pL:67, pR:67, H:74, mT:22, mR:143, rtl?false, (x2:432 - x1:180 = avW:252), iconSize:39, ratio:0,93, callChip?false, settingsShow?true, settingNio?true, numberOfNio?3, KSBV(a:0-v:4)] 
11-30 13:40:52.999  4352  4352 I FaceWidgetViewModel: onNioViewStateUpdated : alpha 0.0, visibility 4
11-30 13:40:52.999  4352  4352 D KeyguardStatusBarViewExt: v:4, a:0,00, com.android.systemui.statusbar.phone.KeyguardStatusBarViewController.updateViewState:39 com.android.systemui.statusbar.phone.KeyguardStatusBarViewController$$ExternalSyntheticLambda9.onAnimationUpdate:20 androidx.core.animation.ValueAnimator.animateValue:42 androidx.core.animation.ValueAnimator.setCurrentFraction:52 androidx.core.animation.ValueAnimator.start:15 
11-30 13:40:52.999  4352  4352 D ScrimController: updateLightReveal revealEffect=PowerButtonReveal(powerButtonY=965.0), opaque=true revealAmount=(0.0 -> 0.0) alpha=1.0 vis=0
11-30 13:40:52.999  2592  7030 I CameraService: CameraPrivacyPolicy: Registered with SensorPrivacyManager
11-30 13:40:52.999  4816  4816 I InsetsController: onStateChanged: host=com.sec.android.app.launcher/com.samsung.app.honeyspace.edge.edgepanel.app.CocktailBarService, from=android.view.ViewRootImpl.relayoutWindow:11304, state=InsetsState: {mDisplayFrame=Rect(0, 0 - 1080, 2340), mDisplayCutout=DisplayCutout{insets=Rect(0, 74 - 0, 0) waterfall=Insets{left=0, top=0, right=0, bottom=0} boundingRect={Bounds=[Rect(0, 0 - 0, 0), Rect(514, 0 - 566, 74), Rect(0, 0 - 0, 0), Rect(0, 0 - 0, 0)]} cutoutPathParserInfo={CutoutPathParserInfo{displayWidth=1080 displayHeight=2340 physicalDisplayWidth=1080 physicalDisplayHeight=2340 density={2.8125} cutoutSpec={M 0,0 H -9.244444444444444‬ V 26.31111111111111 H 9.244444444444444‬ V 0 H 0 Z @dp} rotation={0} scale={1.0} physicalPixelDisplaySizeRatio={1.0}}} sideOverrides={}}, mRoundedCorners=RoundedCorners{[RoundedCorner{position=TopLeft, radius=101, center=Point(101, 101)}, RoundedCorner{position=TopRight, radius=101, center=Point(979, 101)}, RoundedCorner{position=BottomRight, radius=101, center=Point(979, 2239)}, RoundedCorner{position=BottomLeft, radius=101, center=Point(101, 2239)}]}  mRoundedCornerFrame=Rect(0, 0 - 0, 0), mPrivacyIndicatorBounds=PrivacyIndicatorBounds {static bounds=Rect(956, 0 - 1080, 74) rotation=0}, mDisplayShape=DisplayShape{ spec=-311912193 displayWidth=1080 displayHeight=2340 physicalPixelDisplaySizeRatio=1.0 rotation=0 offsetX=0 offsetY=0 scale=1.0}, mSources= { InsetsSource: {b8290005 mType=mandatorySystemGestures mFrame=[0,0][1080,108] mVisible=true mFlags= mSideHint=TOP mBoundingRects=null}, InsetsSource: {d83e0001 mType=navigationBars mFrame=[0,2205][1080,2340] mVisible=false mFlags= mSideHint=BOTTOM mBoundingRects=null}, InsetsSource: {d83e0004 mType=systemGestures mFrame=[0,0][0,0] mVisible=true mFlags= mSideHint=NONE mBoundingRects=null}, InsetsSource: {d83e0005 mType=mandatorySystemGestures mFrame=[0,2205][1080,2340] mVisible=true mFlags= mSideHint=BOTTOM mBoundingRects=null}, InsetsSource: {d83e0006 mType=tappableElement mFrame=[0,2205][1080,2340] mVisible=true mFlags= mSideHint=BOTTOM mBoundingRects=null}, InsetsSource: {d83e0024 mType=systemGestures mFrame=[0,0][0,0] mVisible=true mFlags= mSideHint=NONE mBoundingRects=null}, InsetsSource: {27 mType=displayCutout mFrame=[0,0][1080,74] mVisible=true mFlags= mSideHint=TOP mBoundingRects=null} }
11-30 13:40:52.999  2592  7030 D AidlCamera3-Device: CameraPerf: initialize E
11-30 13:40:52.999  2661  3317 D SemNativeCarrierFeature_vendor: getInstance
11-30 13:40:52.999  2592  7030 D AidlCamera3-Device: initialize: mInterfaceLock.lock()
11-30 13:40:52.999  2592  7030 D CameraProviderManager: CameraPerf: openAidlSession E
11-30 13:40:53.000  4816  4816 I BufferQueueProducer: [](id:12d000005336,api:0,p:-1,c:4816) setDequeueTimeout:2077252342
11-30 13:40:53.000  4352  4352 I DigitalHorizontalTypoClockView_LOCK_SCREEN_9@514: updateShadowStyle: shadow : [ShadowStyle: shadowRadius = 5.625, shadowDx = 0.0, shadowDy = 0.0, shadowColor = 1A000000]
11-30 13:40:53.000  4352  4352 I DigitalHorizontalTypoClockView_LOCK_SCREEN_9@514: updatePaletteItemTransition : paletteItem = SOLID color : FFCDCDCD, animation = false, dozeAmount = 0.998926
11-30 13:40:53.000  4352  4352 W GraphicUtils: getTextEmpty : skipped with null text
11-30 13:40:53.000  4352  4352 W GraphicUtils: setLinearGradientTextColor : skipped with null text
11-30 13:40:53.000  4352  4352 I ComplicationWidgetPluginController: clock color changed -3289651 , #ffcdcdcd 
11-30 13:40:53.000  4352  4352 D PluginFaceWidgetManager: shouldControlScreenOff() : false
11-30 13:40:53.000  4352  4352 I NotificationIconsOnlyContainer: updateIconColor() : B2FFFFFF, 
11-30 13:40:53.000  4352  4352 I NowBarColorModel#33717939: notifyColorChanged isWhiteWallpaper false darkAmount 0.998926  darkMode false nowBarMode LOCKSCREEN dozing false
11-30 13:40:53.000  4352  4352 D MediaExpandStateObserver: onChanged MediaExpandStateModel(type=NONE, clockY=0.0, clockValidMaxScale=1.0, hasAnimation=true, isDozing=false, darkAmount=0.998926, isMediaOutput=false)
11-30 13:40:53.000  4352  4352 D MediaExpandStateObserver: animateClipContainer NONE NONE
11-30 13:40:53.000  7320 15639 I CameraManagerGlobal: Camera 4 facing CAMERA_FACING_FRONT state now CAMERA_STATE_OPENING for client client.pid<2106> API Level 2 User Id 0Device Id 0
11-30 13:40:53.000  4816  4816 I BLASTBufferQueue_Java: new BLASTBufferQueue, mName= VRI[CocktailBarService]@635d439 mNativeObject= 0xb40000722e623d00 sc.mNativeObject= 0xb400007340602200 caller= android.view.ViewRootImpl.updateBlastSurfaceIfNeeded:3397 android.view.ViewRootImpl.relayoutWindow:11361 android.view.ViewRootImpl.performTraversals:4544 android.view.ViewRootImpl.doTraversal:3708 android.view.ViewRootImpl$TraversalRunnable.run:12542 android.view.Choreographer$CallbackRecord.run:1751 android.view.Choreographer$CallbackRecord.run:1760 android.view.Choreographer.doCallbacks:1216 android.view.Choreographer.doFrame:1142 android.view.Choreographer$FrameDisplayEventReceiver.run:1707 
11-30 13:40:53.000  3014  3380 D BatteryExternalStatsWorker: Update CPU state
11-30 13:40:53.000  4352  4352 I SecKeyguardClockPositionAlgorithm: setup() mStatusBarHeight = 74, mDarkAmount = 0.998926, mQsTopPadding = 566, notificationStackHeight = 74, mPanelExpansion = 0.0, mHeight = 2340, mFaceWidgetContainerHeight = 321, mCurrentClockType = 9, notificationType = 1, hasVisibleNotifs = false
11-30 13:40:53.000  3014  3380 D BatteryExternalStatsWorker: mStats lock released
11-30 13:40:53.000  3014  3380 D BatteryExternalStatsWorker: done updateExternalStatsLocked
11-30 13:40:53.000  4816  4816 I BLASTBufferQueue_Java: update, w= 67 h= 311 mName = VRI[CocktailBarService]@635d439 mNativeObject= 0xb40000722e623d00 sc.mNativeObject= 0xb400007340602200 format= -2 caller= android.graphics.BLASTBufferQueue.<init>:88 android.view.ViewRootImpl.updateBlastSurfaceIfNeeded:3397 android.view.ViewRootImpl.relayoutWindow:11361 android.view.ViewRootImpl.performTraversals:4544 android.view.ViewRootImpl.doTraversal:3708 android.view.ViewRootImpl$TraversalRunnable.run:12542 
11-30 13:40:53.000  4352  4352 I AlwaysOnDisplayEx: onDozeAmountChanged linearAmount = 0.99 / amount = 0.998926 / mNeedAODClockTransition = false
11-30 13:40:53.000  4352  4352 D DozeServiceHost: updateDozing dozing = false / dozingRequested = false / state = KEYGUARD mode = 0
11-30 13:40:53.000  4352  4352 D ScrimController: State changed to KEYGUARD, blankScreen=false, animation=667
11-30 13:40:53.000  2103  2103 I sensors-hal: set_config:61, sample_period_ns is adjusted to 200000000 based on min/max delay_ns
11-30 13:40:53.001  2103  2103 I sensors-hal: batch:369, android.sensor.accelerometer/11, period=200000000, max_latency=0 request completed
11-30 13:40:53.001  4352  4352 D SysUiState: SysUiState changed: old=0x402001c6 new=0x400001c6
11-30 13:40:53.001  4816  4816 W libc    : Access denied finding property "vendor.display.enable_optimal_refresh_rate"
11-30 13:40:53.001  4816  4816 W libc    : Access denied finding property "vendor.gpp.create_frc_extension"
11-30 13:40:53.001  4816  4816 I VRI[CocktailBarService]@635d439: Relayout returned: old=(1013,299,1080,610) new=(1013,299,1080,610) relayoutAsync=false req=(67,311)0 dur=5 res=0x3 s={true 0xb4000072c0458000} ch=true seqId=6350
11-30 13:40:53.001  2103  2103 I sensors-hal: activate:285, android.sensor.accelerometer/11 en=1
11-30 13:40:53.001  3014  3884 D ActivityManager: sync unfroze 15746 com.samsung.android.vtcamerasettings for 6
11-30 13:40:53.001  2103  2103 I sensors-hal: acquire_ssc_interface:114, acquire_ssc_interface with sensor_id 38 , conn_type 3 
11-30 13:40:53.001  4352  4352 D LockscreenShadeTransitionController: onDozingChanged false
11-30 13:40:53.001  4352  4352 D KeyguardSecIndicationPolicy:  remove Item pos = DEFAULT, type =     LEGACY_TRANSIENT
11-30 13:40:53.001  4352  4352 D KeyguardSecIndicationController: addTrustAgentHelp false
11-30 13:40:53.001  4352  4352 D KeyguardSecIndicationPolicy:  remove Item pos = DEFAULT, type =     TRUST_AGENT_HELP
11-30 13:40:53.001  4352  4352 D KeyguardSecIndicationController: addUsbRestriction false/isSecure=true
